 SingleCylinderTest_sfun

 Timestamp is 553d3b8c (Sun Apr 26 14:25:00 2015)

 Preferred load address is 0000000180000000

 Start         Length     Name                   Class
 0001:00000000 000196aeH .text                   CODE
 0001:000196b0 0000007bH .text$x                 CODE
 0002:00000000 00000450H .idata$5                DATA
 0002:00000450 00000008H .CRT$XCA                DATA
 0002:00000458 00000008H .CRT$XCZ                DATA
 0002:00000460 00000008H .CRT$XIA                DATA
 0002:00000468 00000008H .CRT$XIAA               DATA
 0002:00000470 00000008H .CRT$XIC                DATA
 0002:00000478 00000008H .CRT$XIZ                DATA
 0002:00000480 00000740H .rdata                  DATA
 0002:00000bc0 00000008H .rtc$IAA                DATA
 0002:00000bc8 00000008H .rtc$IZZ                DATA
 0002:00000bd0 00000008H .rtc$TAA                DATA
 0002:00000bd8 00000008H .rtc$TZZ                DATA
 0002:00000be0 000008fcH .xdata                  DATA
 0002:000014dc 00000078H .idata$2                DATA
 0002:00001554 00000014H .idata$3                DATA
 0002:00001568 00000450H .idata$4                DATA
 0002:000019b8 00000c40H .idata$6                DATA
 0002:00002600 0000005dH .edata                  DATA
 0003:00000000 00005628H .data                   DATA
 0003:00005630 000006c8H .bss                    DATA
 0004:00000000 00000b64H .pdata                  DATA

  Address         Publics by Value              Rva+Base               Lib:Object

 0000:00000000       ___safe_se_handler_table   0000000000000000     <absolute>
 0000:00000000       ___safe_se_handler_count   0000000000000000     <absolute>
 0000:00000000       __ImageBase                0000000180000000     <linker-defined>
 0001:00000000       SingleCylinderTest_initializer 0000000180001000 f   SingleCylinderTest_sfun.obj
 0001:00000010       SingleCylinderTest_terminator 0000000180001010 f   SingleCylinderTest_sfun.obj
 0001:00000020       load_SingleCylinderTest_optimization_info 0000000180001020 f   SingleCylinderTest_sfun.obj
 0001:00000070       unload_SingleCylinderTest_optimization_info 0000000180001070 f   SingleCylinderTest_sfun.obj
 0001:000000a0       sf_SingleCylinderTest_method_dispatcher 00000001800010a0 f   SingleCylinderTest_sfun.obj
 0001:00000130       sf_SingleCylinderTest_process_check_sum_call 0000000180001130 f   SingleCylinderTest_sfun.obj
 0001:000007e0       sf_SingleCylinderTest_autoinheritance_info 00000001800017e0 f   SingleCylinderTest_sfun.obj
 0001:00000a90       sf_SingleCylinderTest_get_eml_resolved_functions_info 0000000180001a90 f   SingleCylinderTest_sfun.obj
 0001:00000c90       sf_SingleCylinderTest_third_party_uses_info 0000000180001c90 f   SingleCylinderTest_sfun.obj
 0001:00000ed0       sf_SingleCylinderTest_updateBuildInfo_args_info 0000000180001ed0 f   SingleCylinderTest_sfun.obj
 0001:00001110       SingleCylinderTest_debug_initialize 0000000180002110 f   SingleCylinderTest_sfun.obj
 0001:00001190       SingleCylinderTest_register_exported_symbols 0000000180002190 f   SingleCylinderTest_sfun.obj
 0001:000011a0       sf_c1_SingleCylinderTest_get_eml_resolved_functions_info 00000001800021a0 f   c1_SingleCylinderTest.obj
 0001:00001210       sf_c1_SingleCylinderTest_get_check_sum 0000000180002210 f   c1_SingleCylinderTest.obj
 0001:000012e0       c1_SingleCylinderTest_method_dispatcher 00000001800022e0 f   c1_SingleCylinderTest.obj
 0001:00007a70       sf_c1_SingleCylinderTest_get_autoinheritance_info 0000000180008a70 f   c1_SingleCylinderTest.obj
 0001:00007e90       sf_c1_SingleCylinderTest_third_party_uses_info 0000000180008e90 f   c1_SingleCylinderTest.obj
 0001:00007ec0       sf_c1_SingleCylinderTest_updateBuildInfo_args_info 0000000180008ec0 f   c1_SingleCylinderTest.obj
 0001:00008890       sf_internal_get_sim_state_c1_SingleCylinderTest 0000000180009890 f   c1_SingleCylinderTest.obj
 0001:000089f0       sf_internal_set_sim_state_c1_SingleCylinderTest 00000001800099f0 f   c1_SingleCylinderTest.obj
 0001:000094c0       sf_c3_SingleCylinderTest_get_eml_resolved_functions_info 000000018000a4c0 f   c3_SingleCylinderTest.obj
 0001:00009540       sf_c3_SingleCylinderTest_get_check_sum 000000018000a540 f   c3_SingleCylinderTest.obj
 0001:00009610       c3_SingleCylinderTest_method_dispatcher 000000018000a610 f   c3_SingleCylinderTest.obj
 0001:0000cb40       sf_c3_SingleCylinderTest_get_autoinheritance_info 000000018000db40 f   c3_SingleCylinderTest.obj
 0001:0000d350       sf_c3_SingleCylinderTest_third_party_uses_info 000000018000e350 f   c3_SingleCylinderTest.obj
 0001:0000d380       sf_c3_SingleCylinderTest_updateBuildInfo_args_info 000000018000e380 f   c3_SingleCylinderTest.obj
 0001:0000e8e0       sf_internal_get_sim_state_c3_SingleCylinderTest 000000018000f8e0 f   c3_SingleCylinderTest.obj
 0001:0000ea40       sf_internal_set_sim_state_c3_SingleCylinderTest 000000018000fa40 f   c3_SingleCylinderTest.obj
 0001:0000f5c0       sf_c4_SingleCylinderTest_get_eml_resolved_functions_info 00000001800105c0 f   c4_SingleCylinderTest.obj
 0001:0000f640       sf_c4_SingleCylinderTest_get_check_sum 0000000180010640 f   c4_SingleCylinderTest.obj
 0001:0000f710       c4_SingleCylinderTest_method_dispatcher 0000000180010710 f   c4_SingleCylinderTest.obj
 0001:00010700       sf_c4_SingleCylinderTest_get_autoinheritance_info 0000000180011700 f   c4_SingleCylinderTest.obj
 0001:00010b20       sf_c4_SingleCylinderTest_third_party_uses_info 0000000180011b20 f   c4_SingleCylinderTest.obj
 0001:00010b50       sf_c4_SingleCylinderTest_updateBuildInfo_args_info 0000000180011b50 f   c4_SingleCylinderTest.obj
 0001:00011520       sf_internal_get_sim_state_c4_SingleCylinderTest 0000000180012520 f   c4_SingleCylinderTest.obj
 0001:00011680       sf_internal_set_sim_state_c4_SingleCylinderTest 0000000180012680 f   c4_SingleCylinderTest.obj
 0001:00012150       mexFunction                0000000180013150 f   SingleCylinderTest_sfun_registry.obj
 0001:000132f0       _ssSetInputPortDirectFeedThroughFcn 00000001800142f0 f   SingleCylinderTest_sfun_registry.obj
 0001:00013450       _ssGetInputPortSignalPtrsFcn 0000000180014450 f   SingleCylinderTest_sfun_registry.obj
 0001:00013670       _ssGetInputPortSignalFcn   0000000180014670 f   SingleCylinderTest_sfun_registry.obj
 0001:00013890       _ssSetInputPortReusableFcn 0000000180014890 f   SingleCylinderTest_sfun_registry.obj
 0001:00013970       _ssSetOutputPortReusableFcn 0000000180014970 f   SingleCylinderTest_sfun_registry.obj
 0001:00013a50       ssGetIsZeroCrossControlDisabled 0000000180014a50 f   SingleCylinderTest_sfun_registry.obj
 0001:00013ac0       ssSetIsInputPortUsedForContZcSignal 0000000180014ac0 f   SingleCylinderTest_sfun_registry.obj
 0001:00013b30       ssSetZcSignalIsZcElementDisc 0000000180014b30 f   SingleCylinderTest_sfun_registry.obj
 0001:00013be0       ssSetZcSignalName          0000000180014be0 f   SingleCylinderTest_sfun_registry.obj
 0001:00013c50       ssSetZcSignalWidth         0000000180014c50 f   SingleCylinderTest_sfun_registry.obj
 0001:00013cc0       ssSetZcSignalZcEventType   0000000180014cc0 f   SingleCylinderTest_sfun_registry.obj
 0001:00013d30       ssSetZcSignalType          0000000180014d30 f   SingleCylinderTest_sfun_registry.obj
 0001:00013da0       ssSetZcSignalZcTol         0000000180014da0 f   SingleCylinderTest_sfun_registry.obj
 0001:00013e10       ssSetZcSignalNeedsEventNotification 0000000180014e10 f   SingleCylinderTest_sfun_registry.obj
 0001:00013e80       ssCreateAndAddZcSignalInfo 0000000180014e80 f   SingleCylinderTest_sfun_registry.obj
 0001:00013ef0       ssCloneAndAddZcSignalInfo  0000000180014ef0 f   SingleCylinderTest_sfun_registry.obj
 0001:00013f60       ssGetNumZcSignals          0000000180014f60 f   SingleCylinderTest_sfun_registry.obj
 0001:00013fd0       ssGetZcSignalVector        0000000180014fd0 f   SingleCylinderTest_sfun_registry.obj
 0001:00014040       ssGetZcSignalName          0000000180015040 f   SingleCylinderTest_sfun_registry.obj
 0001:000140b0       ssGetZcSignalWidth         00000001800150b0 f   SingleCylinderTest_sfun_registry.obj
 0001:00014120       ssGetZcSignalZcEventType   0000000180015120 f   SingleCylinderTest_sfun_registry.obj
 0001:00014190       ssGetZcSignalZcEvents      0000000180015190 f   SingleCylinderTest_sfun_registry.obj
 0001:00014200       ssGetZcSignalType          0000000180015200 f   SingleCylinderTest_sfun_registry.obj
 0001:00014270       ssGetZcSignalZcTol         0000000180015270 f   SingleCylinderTest_sfun_registry.obj
 0001:000142f0       ssGetZcSignalNeedsEventNotification 00000001800152f0 f   SingleCylinderTest_sfun_registry.obj
 0001:00014360       ssGetZcSignalIsZcElementDisc 0000000180015360 f   SingleCylinderTest_sfun_registry.obj
 0001:00014400       ssGetIsInputPortElementContinuous 0000000180015400 f   SingleCylinderTest_sfun_registry.obj
 0001:000144a0       ssGetDTypeIdFromMxArray    00000001800154a0 f   SingleCylinderTest_sfun_registry.obj
 0001:000145c0       ssWriteRTWStr              00000001800155c0 f   SingleCylinderTest_sfun_registry.obj
 0001:00014620       ssWriteRTWNameValuePair    0000000180015620 f   SingleCylinderTest_sfun_registry.obj
 0001:00014b20       ssWriteRTWParamSettings    0000000180015b20 f   SingleCylinderTest_sfun_registry.obj
 0001:00015210       ssWriteRTWParameters       0000000180016210 f   SingleCylinderTest_sfun_registry.obj
 0001:000157e0       ssWriteRTWWorkVect         00000001800167e0 f   SingleCylinderTest_sfun_registry.obj
 0001:00015cd0       ssWriteRTWMxVectParam      0000000180016cd0 f   SingleCylinderTest_sfun_registry.obj
 0001:00015d50       ssWriteRTWMx2dMatParam     0000000180016d50 f   SingleCylinderTest_sfun_registry.obj
 0001:00015de0       _ssSetInputPortMatrixDimensions 0000000180016de0 f   SingleCylinderTest_sfun_registry.obj
 0001:00015ee0       _ssSetOutputPortMatrixDimensions 0000000180016ee0 f   SingleCylinderTest_sfun_registry.obj
 0001:00015fe0       _ssSetInputPortVectorDimension 0000000180016fe0 f   SingleCylinderTest_sfun_registry.obj
 0001:00016090       _ssSetOutputPortVectorDimension 0000000180017090 f   SingleCylinderTest_sfun_registry.obj
 0001:00016140       ssIsRunTimeParamTunable    0000000180017140 f   SingleCylinderTest_sfun_registry.obj
 0001:000161b0       ssGetSFuncBlockHandle      00000001800171b0 f   SingleCylinderTest_sfun_registry.obj
 0001:00016220       _ssGetCurrentInputPortWidth 0000000180017220 f   SingleCylinderTest_sfun_registry.obj
 0001:00016340       _ssGetCurrentOutputPortWidth 0000000180017340 f   SingleCylinderTest_sfun_registry.obj
 0001:00016460       _ssGetCallSystemNumFcnCallDestinations 0000000180017460 f   SingleCylinderTest_sfun_registry.obj
 0001:000164d0       ssWarning                  00000001800174d0 f   SingleCylinderTest_sfun_registry.obj
 0001:000165c0       _ssGetAbsTol               00000001800175c0 f   SingleCylinderTest_sfun_registry.obj
 0001:00016630       _ssSetStateAbsTol          0000000180017630 f   SingleCylinderTest_sfun_registry.obj
 0001:00016710       sf_process_check_sum_call  0000000180017710 f   SingleCylinderTest_sfun_registry.obj
 0001:00016760       sf_process_autoinheritance_call 0000000180017760 f   SingleCylinderTest_sfun_registry.obj
 0001:00016990       sf_process_get_third_party_uses_info_call 0000000180017990 f   SingleCylinderTest_sfun_registry.obj
 0001:00016bc0       sf_process_get_updateBuildInfo_args_info_call 0000000180017bc0 f   SingleCylinderTest_sfun_registry.obj
 0001:00016df0       sf_process_get_eml_resolved_functions_info_call 0000000180017df0 f   SingleCylinderTest_sfun_registry.obj
 0001:00016ff0       sf_mex_unlock_call         0000000180017ff0 f   SingleCylinderTest_sfun_registry.obj
 0001:00017260       sf_machine_global_initializer_called 0000000180018260 f   SingleCylinderTest_sfun_registry.obj
 0001:00017290       sf_machine_global_method_dispatcher 0000000180018290 f   SingleCylinderTest_sfun_registry.obj
 0001:000172f0       sf_machine_global_terminator 00000001800182f0 f   SingleCylinderTest_sfun_registry.obj
 0001:00017340       sf_register_machine_exported_symbols 0000000180018340 f   SingleCylinderTest_sfun_registry.obj
 0001:00017360       callCustomFcn              0000000180018360 f   SingleCylinderTest_sfun_registry.obj
 0001:00017370       sf_machine_global_initializer 0000000180018370 f   SingleCylinderTest_sfun_registry.obj
 0001:00017430       mdlGetSimState             0000000180018430 f   SingleCylinderTest_sfun_registry.obj
 0001:00017470       mdlSetSimState             0000000180018470 f   SingleCylinderTest_sfun_registry.obj
 0001:00017c10       ProcessMexSfunctionEveryCall 0000000180018c10 f   SingleCylinderTest_sfun_registry.obj
 0001:00018884       sf_load_rtw_optimization_info 0000000180019884 f   sf_runtime:sf_runtime.dll
 0001:0001888a       sf_debug_initialize_machine 000000018001988a f   sf_runtime:sf_runtime.dll
 0001:00018890       sf_debug_set_machine_event_thresholds 0000000180019890 f   sf_runtime:sf_runtime.dll
 0001:00018896       sf_debug_set_machine_data_thresholds 0000000180019896 f   sf_runtime:sf_runtime.dll
 0001:0001889c       sf_rtw_info_uint_prop      000000018001989c f   sf_runtime:sf_runtime.dll
 0001:000188a2       sf_update_buildInfo        00000001800198a2 f   sf_runtime:sf_runtime.dll
 0001:000188a8       sf_is_chart_inlinable      00000001800198a8 f   sf_runtime:sf_runtime.dll
 0001:000188ae       sf_mark_chart_reusable_outputs 00000001800198ae f   sf_runtime:sf_runtime.dll
 0001:000188b4       sf_mark_chart_expressionable_inputs 00000001800198b4 f   sf_runtime:sf_runtime.dll
 0001:000188ba       sim_mode_is_rtw_gen        00000001800198ba f   sf_runtime:sf_runtime.dll
 0001:000188c0       sim_mode_is_external       00000001800198c0 f   sf_runtime:sf_runtime.dll
 0001:000188c6       sf_clear_rtw_identifier    00000001800198c6 f   sf_runtime:sf_runtime.dll
 0001:000188cc       sf_set_rtw_dwork_info      00000001800198cc f   sf_runtime:sf_runtime.dll
 0001:000188d2       sf_get_time                00000001800198d2 f   sf_runtime:sf_runtime.dll
 0001:000188d8       sf_mex_call_matlab         00000001800198d8 f   sf_runtime:sf_runtime.dll
 0001:000188de       sf_mex_error_message       00000001800198de f   sf_runtime:sf_runtime.dll
 0001:000188e4       sf_mex_addfield            00000001800198e4 f   sf_runtime:sf_runtime.dll
 0001:000188ea       sf_mex_createstruct        00000001800198ea f   sf_runtime:sf_runtime.dll
 0001:000188f0       sf_mex_create              00000001800198f0 f   sf_runtime:sf_runtime.dll
 0001:000188f6       sf_mex_createcellmatrix    00000001800198f6 f   sf_runtime:sf_runtime.dll
 0001:000188fc       sf_mex_setcell             00000001800198fc f   sf_runtime:sf_runtime.dll
 0001:00018902       sf_mex_getcell             0000000180019902 f   sf_runtime:sf_runtime.dll
 0001:00018908       sf_mex_assign              0000000180019908 f   sf_runtime:sf_runtime.dll
 0001:0001890e       sf_mex_dup                 000000018001990e f   sf_runtime:sf_runtime.dll
 0001:00018914       sf_mex_destroy             0000000180019914 f   sf_runtime:sf_runtime.dll
 0001:0001891a       sf_mex_import              000000018001991a f   sf_runtime:sf_runtime.dll
 0001:00018920       sf_mex_decode_encoded_mx_struct_array 0000000180019920 f   sf_runtime:sf_runtime.dll
 0001:00018926       sf_mex_duplicatearraysafe  0000000180019926 f   sf_runtime:sf_runtime.dll
 0001:0001892c       sf_mex_emlrtNameCapturePostProcessR2012a 000000018001992c f   sf_runtime:sf_runtime.dll
 0001:00018932       sf_debug_initialize_chart  0000000180019932 f   sf_runtime:sf_runtime.dll
 0001:00018938       sf_debug_call              0000000180019938 f   sf_runtime:sf_runtime.dll
 0001:0001893e       eml_debug_line_call        000000018001993e f   sf_runtime:sf_runtime.dll
 0001:00018944       cv_eml_eval                0000000180019944 f   sf_runtime:sf_runtime.dll
 0001:0001894a       cv_eml_init_script         000000018001994a f   sf_runtime:sf_runtime.dll
 0001:00018950       cv_eml_init_fcn            0000000180019950 f   sf_runtime:sf_runtime.dll
 0001:00018956       cv_eml_init_if             0000000180019956 f   sf_runtime:sf_runtime.dll
 0001:0001895c       sf_debug_reset_current_state_configuration 000000018001995c f   sf_runtime:sf_runtime.dll
 0001:00018962       sf_debug_check_for_state_inconsistency 0000000180019962 f   sf_runtime:sf_runtime.dll
 0001:00018968       sf_debug_set_chart_data_props 0000000180019968 f   sf_runtime:sf_runtime.dll
 0001:0001896e       sf_debug_set_chart_data_compiled_props 000000018001996e f   sf_runtime:sf_runtime.dll
 0001:00018974       sf_debug_symbol_scope_push 0000000180019974 f   sf_runtime:sf_runtime.dll
 0001:0001897a       sf_debug_symbol_scope_push_eml 000000018001997a f   sf_runtime:sf_runtime.dll
 0001:00018980       sf_debug_symbol_scope_pop  0000000180019980 f   sf_runtime:sf_runtime.dll
 0001:00018986       sf_debug_symbol_scope_add_eml 0000000180019986 f   sf_runtime:sf_runtime.dll
 0001:0001898c       sf_debug_symbol_scope_add_eml_importable 000000018001998c f   sf_runtime:sf_runtime.dll
 0001:00018992       sf_debug_set_instance_data_value_ptr 0000000180019992 f   sf_runtime:sf_runtime.dll
 0001:00018998       sf_debug_set_chart_disable_implicit_casting 0000000180019998 f   sf_runtime:sf_runtime.dll
 0001:0001899e       sf_debug_set_chart_event_thresholds 000000018001999e f   sf_runtime:sf_runtime.dll
 0001:000189a4       sf_debug_set_chart_state_info 00000001800199a4 f   sf_runtime:sf_runtime.dll
 0001:000189aa       sf_debug_set_chart_decomposition 00000001800199aa f   sf_runtime:sf_runtime.dll
 0001:000189b0       sf_debug_set_chart_substate_count 00000001800199b0 f   sf_runtime:sf_runtime.dll
 0001:000189b6       sf_debug_eml_data_array_bounds_error_check 00000001800199b6 f   sf_runtime:sf_runtime.dll
 0001:000189bc       sf_debug_integer_check     00000001800199bc f   sf_runtime:sf_runtime.dll
 0001:000189c2       sf_debug_data_range_wrapper 00000001800199c2 f   sf_runtime:sf_runtime.dll
 0001:000189c8       sf_debug_cv_init_trans     00000001800199c8 f   sf_runtime:sf_runtime.dll
 0001:000189ce       sf_debug_cv_init_chart     00000001800199ce f   sf_runtime:sf_runtime.dll
 0001:000189d4       sf_debug_cv_init_state     00000001800199d4 f   sf_runtime:sf_runtime.dll
 0001:000189da       cv_eval_point              00000001800199da f   sf_runtime:sf_runtime.dll
 0001:000189e0       sf_debug_set_honor_breakpoints 00000001800199e0 f   sf_runtime:sf_runtime.dll
 0001:000189e6       sf_debug_get_animation     00000001800199e6 f   sf_runtime:sf_runtime.dll
 0001:000189ec       sf_debug_set_animation     00000001800199ec f   sf_runtime:sf_runtime.dll
 0001:000189f2       sf_debug_animate           00000001800199f2 f   sf_runtime:sf_runtime.dll
 0001:000189f8       sf_debug_set_chart_substate_index 00000001800199f8 f   sf_runtime:sf_runtime.dll
 0001:000189fe       sf_debug_set_chart_state_substate_count 00000001800199fe f   sf_runtime:sf_runtime.dll
 0001:00018a04       callMdlMethodAndReportError 0000000180019a04 f   sf_runtime:sf_runtime.dll
 0001:00018a0a       call_sf_machine_global_method_dispatcher 0000000180019a0a f   sf_runtime:sf_runtime.dll
 0001:00018a10       sf_mex_error_direct_call   0000000180019a10 f   sf_runtime:sf_runtime.dll
 0001:00018a16       sf_clear_error_manager_info 0000000180019a16 f   sf_runtime:sf_runtime.dll
 0001:00018a1c       sf_debug_create_debug_instance_struct 0000000180019a1c f   sf_runtime:sf_runtime.dll
 0001:00018a22       sf_debug_terminate         0000000180019a22 f   sf_runtime:sf_runtime.dll
 0001:00018a28       sf_debug_api               0000000180019a28 f   sf_runtime:sf_runtime.dll
 0001:00018a2e       mxIsChar                   0000000180019a2e f   libmx:libmx.dll
 0001:00018a34       mxGetPr                    0000000180019a34 f   libmx:libmx.dll
 0001:00018a3a       mxGetScalar                0000000180019a3a f   libmx:libmx.dll
 0001:00018a40       mxDestroyArray             0000000180019a40 f   libmx:libmx.dll
 0001:00018a46       mxCreateDoubleMatrix_730   0000000180019a46 f   libmx:libmx.dll
 0001:00018a4c       mxGetString_730            0000000180019a4c f   libmx:libmx.dll
 0001:00018a52       mxDuplicateArray           0000000180019a52 f   libmx:libmx.dll
 0001:00018a58       mxSetField_730             0000000180019a58 f   libmx:libmx.dll
 0001:00018a5e       mxCreateDoubleScalar       0000000180019a5e f   libmx:libmx.dll
 0001:00018a64       mxCreateString             0000000180019a64 f   libmx:libmx.dll
 0001:00018a6a       mxCreateCellMatrix_730     0000000180019a6a f   libmx:libmx.dll
 0001:00018a70       mxCreateStructMatrix_730   0000000180019a70 f   libmx:libmx.dll
 0001:00018a76       mxCalloc                   0000000180019a76 f   libmx:libmx.dll
 0001:00018a7c       mxGetM                     0000000180019a7c f   libmx:libmx.dll
 0001:00018a82       mxGetClassID               0000000180019a82 f   libmx:libmx.dll
 0001:00018a88       mxIsNumeric                0000000180019a88 f   libmx:libmx.dll
 0001:00018a8e       mxIsComplex                0000000180019a8e f   libmx:libmx.dll
 0001:00018a94       mxGetN                     0000000180019a94 f   libmx:libmx.dll
 0001:00018a9a       mexMakeArrayPersistent     0000000180019a9a f   libmex:libmex.dll
 0001:00018aa0       mexErrMsgTxt               0000000180019aa0 f   libmex:libmex.dll
 0001:00018aa6       mexWarnMsgTxt              0000000180019aa6 f   libmex:libmex.dll
 0001:00018aac       mexCallMATLAB              0000000180019aac f   libmex:libmex.dll
 0001:00018ab2       mexLock                    0000000180019ab2 f   libmex:libmex.dll
 0001:00018ab8       mexUnlock                  0000000180019ab8 f   libmex:libmex.dll
 0001:00018abe       mexIsLocked                0000000180019abe f   libmex:libmex.dll
 0001:00018ac4       utMalloc                   0000000180019ac4 f   libut:libut.dll
 0001:00018aca       utFree                     0000000180019aca f   libut:libut.dll
 0001:00018ad0       __raise_securityfailure    0000000180019ad0 f   MSVCRT:gs_report.obj
 0001:00018b1c       __report_gsfailure         0000000180019b1c f   MSVCRT:gs_report.obj
 0001:00018bf0       __report_rangecheckfailure 0000000180019bf0 f   MSVCRT:gs_report.obj
 0001:00018c04       __report_securityfailure   0000000180019c04 f   MSVCRT:gs_report.obj
 0001:00018ca0       __report_securityfailureEx 0000000180019ca0 f   MSVCRT:gs_report.obj
 0001:00018dae       strcmp                     0000000180019dae f   MSVCRT:MSVCR110.dll
 0001:00018db4       __GSHandlerCheck           0000000180019db4 f   MSVCRT:gshandler.obj
 0001:00018dd4       __GSHandlerCheckCommon     0000000180019dd4 f   MSVCRT:gshandler.obj
 0001:00018e50       __security_check_cookie    0000000180019e50 f   MSVCRT:amdsecgs.obj
 0001:00018e70       memset                     0000000180019e70 f   MSVCRT:MSVCR110.dll
 0001:00018e76       strlen                     0000000180019e76 f   MSVCRT:MSVCR110.dll
 0001:00018e7c       memcpy                     0000000180019e7c f   MSVCRT:MSVCR110.dll
 0001:00018e82       strcat                     0000000180019e82 f   MSVCRT:MSVCR110.dll
 0001:00018e88       sprintf                    0000000180019e88 f   MSVCRT:MSVCR110.dll
 0001:00018e8e       free                       0000000180019e8e f   MSVCRT:MSVCR110.dll
 0001:00018e94       malloc                     0000000180019e94 f   MSVCRT:MSVCR110.dll
 0001:00018efc       NtCurrentTeb               0000000180019efc f i MSVCRT:crtdll.obj
 0001:00018f08       _CRT_INIT                  0000000180019f08 f   MSVCRT:crtdll.obj
 0001:00019154       _DllMainCRTStartup         000000018001a154 f   MSVCRT:crtdll.obj
 0001:000192ca       __crt_debugger_hook        000000018001a2ca f   MSVCRT:MSVCR110.dll
 0001:000192d0       __crtUnhandledException    000000018001a2d0 f   MSVCRT:MSVCR110.dll
 0001:000192d6       __crtTerminateProcess      000000018001a2d6 f   MSVCRT:MSVCR110.dll
 0001:000192dc       __crtCaptureCurrentContext 000000018001a2dc f   MSVCRT:MSVCR110.dll
 0001:000192e2       __crtCapturePreviousContext 000000018001a2e2 f   MSVCRT:MSVCR110.dll
 0001:000192e8       __CppXcptFilter            000000018001a2e8 f   MSVCRT:MSVCR110.dll
 0001:000192ee       _amsg_exit                 000000018001a2ee f   MSVCRT:MSVCR110.dll
 0001:00019300       _FindPESection             000000018001a300 f   MSVCRT:pesect.obj
 0001:00019350       _IsNonwritableInCurrentImage 000000018001a350 f   MSVCRT:pesect.obj
 0001:000193a0       _ValidateImageBase         000000018001a3a0 f   MSVCRT:pesect.obj
 0001:000193d0       __atonexitinit             000000018001a3d0 f   MSVCRT:atonexit.obj
 0001:00019420       _onexit                    000000018001a420 f   MSVCRT:atonexit.obj
 0001:000194d0       atexit                     000000018001a4d0 f   MSVCRT:atonexit.obj
 0001:000194e8       __security_init_cookie     000000018001a4e8 f   MSVCRT:gs_support.obj
 0001:000195a0       DllMain                    000000018001a5a0 f   MSVCRT:dllmain.obj
 0001:000195c4       _malloc_crt                000000018001a5c4 f   MSVCRT:MSVCR110.dll
 0001:000195cc       _RTC_Initialize            000000018001a5cc f   MSVCRT:initsect.obj
 0001:00019604       _RTC_Terminate             000000018001a604 f   MSVCRT:initsect.obj
 0001:0001963c       _initterm                  000000018001a63c f   MSVCRT:MSVCR110.dll
 0001:00019642       _initterm_e                000000018001a642 f   MSVCRT:MSVCR110.dll
 0001:00019648       __clean_type_info_names    000000018001a648 f   MSVCRT:tncleanup.obj
 0001:00019654       __C_specific_handler       000000018001a654 f   MSVCRT:MSVCR110.dll
 0001:0001965a       _lock                      000000018001a65a f   MSVCRT:MSVCR110.dll
 0001:00019660       _unlock                    000000018001a660 f   MSVCRT:MSVCR110.dll
 0001:00019666       _calloc_crt                000000018001a666 f   MSVCRT:MSVCR110.dll
 0001:0001966c       __dllonexit                000000018001a66c f   MSVCRT:MSVCR110.dll
 0001:00019672       __clean_type_info_names_internal 000000018001a672 f   MSVCRT:MSVCR110.dll
 0001:00019678       IsDebuggerPresent          000000018001a678 f   kernel32:KERNEL32.dll
 0001:0001967e       IsProcessorFeaturePresent  000000018001a67e f   kernel32:KERNEL32.dll
 0001:00019684       EncodePointer              000000018001a684 f   kernel32:KERNEL32.dll
 0001:0001968a       DecodePointer              000000018001a68a f   kernel32:KERNEL32.dll
 0001:00019690       QueryPerformanceCounter    000000018001a690 f   kernel32:KERNEL32.dll
 0001:00019696       GetCurrentThreadId         000000018001a696 f   kernel32:KERNEL32.dll
 0001:0001969c       GetSystemTimeAsFileTime    000000018001a69c f   kernel32:KERNEL32.dll
 0001:000196a2       GetTickCount64             000000018001a6a2 f   kernel32:KERNEL32.dll
 0001:000196a8       DisableThreadLibraryCalls  000000018001a6a8 f   kernel32:KERNEL32.dll
 0002:00000000       __imp_GetTickCount64       000000018001b000     kernel32:KERNEL32.dll
 0002:00000008       __imp_GetSystemTimeAsFileTime 000000018001b008     kernel32:KERNEL32.dll
 0002:00000010       __imp_GetCurrentThreadId   000000018001b010     kernel32:KERNEL32.dll
 0002:00000018       __imp_QueryPerformanceCounter 000000018001b018     kernel32:KERNEL32.dll
 0002:00000020       __imp_DecodePointer        000000018001b020     kernel32:KERNEL32.dll
 0002:00000028       __imp_EncodePointer        000000018001b028     kernel32:KERNEL32.dll
 0002:00000030       __imp_IsProcessorFeaturePresent 000000018001b030     kernel32:KERNEL32.dll
 0002:00000038       __imp_IsDebuggerPresent    000000018001b038     kernel32:KERNEL32.dll
 0002:00000040       __imp_DisableThreadLibraryCalls 000000018001b040     kernel32:KERNEL32.dll
 0002:00000048       \177KERNEL32_NULL_THUNK_DATA 000000018001b048     kernel32:KERNEL32.dll
 0002:00000050       __imp___clean_type_info_names_internal 000000018001b050     MSVCRT:MSVCR110.dll
 0002:00000058       __imp__onexit              000000018001b058     MSVCRT:MSVCR110.dll
 0002:00000060       __imp___dllonexit          000000018001b060     MSVCRT:MSVCR110.dll
 0002:00000068       __imp__calloc_crt          000000018001b068     MSVCRT:MSVCR110.dll
 0002:00000070       __imp__unlock              000000018001b070     MSVCRT:MSVCR110.dll
 0002:00000078       __imp__lock                000000018001b078     MSVCRT:MSVCR110.dll
 0002:00000080       __imp___C_specific_handler 000000018001b080     MSVCRT:MSVCR110.dll
 0002:00000088       __imp__initterm_e          000000018001b088     MSVCRT:MSVCR110.dll
 0002:00000090       __imp__initterm            000000018001b090     MSVCRT:MSVCR110.dll
 0002:00000098       __imp__malloc_crt          000000018001b098     MSVCRT:MSVCR110.dll
 0002:000000a0       __imp__amsg_exit           000000018001b0a0     MSVCRT:MSVCR110.dll
 0002:000000a8       __imp___CppXcptFilter      000000018001b0a8     MSVCRT:MSVCR110.dll
 0002:000000b0       __imp___crtCapturePreviousContext 000000018001b0b0     MSVCRT:MSVCR110.dll
 0002:000000b8       __imp___crtCaptureCurrentContext 000000018001b0b8     MSVCRT:MSVCR110.dll
 0002:000000c0       __imp___crtTerminateProcess 000000018001b0c0     MSVCRT:MSVCR110.dll
 0002:000000c8       __imp___crtUnhandledException 000000018001b0c8     MSVCRT:MSVCR110.dll
 0002:000000d0       __imp___crt_debugger_hook  000000018001b0d0     MSVCRT:MSVCR110.dll
 0002:000000d8       __imp_malloc               000000018001b0d8     MSVCRT:MSVCR110.dll
 0002:000000e0       __imp_free                 000000018001b0e0     MSVCRT:MSVCR110.dll
 0002:000000e8       __imp_sprintf              000000018001b0e8     MSVCRT:MSVCR110.dll
 0002:000000f0       __imp_strcat               000000018001b0f0     MSVCRT:MSVCR110.dll
 0002:000000f8       __imp_memcpy               000000018001b0f8     MSVCRT:MSVCR110.dll
 0002:00000100       __imp_strlen               000000018001b100     MSVCRT:MSVCR110.dll
 0002:00000108       __imp_memset               000000018001b108     MSVCRT:MSVCR110.dll
 0002:00000110       __imp_strcmp               000000018001b110     MSVCRT:MSVCR110.dll
 0002:00000118       \177MSVCR110_NULL_THUNK_DATA 000000018001b118     MSVCRT:MSVCR110.dll
 0002:00000120       __imp_mexIsLocked          000000018001b120     libmex:libmex.dll
 0002:00000128       __imp_mexUnlock            000000018001b128     libmex:libmex.dll
 0002:00000130       __imp_mexLock              000000018001b130     libmex:libmex.dll
 0002:00000138       __imp_mexCallMATLAB        000000018001b138     libmex:libmex.dll
 0002:00000140       __imp_mexWarnMsgTxt        000000018001b140     libmex:libmex.dll
 0002:00000148       __imp_mexErrMsgTxt         000000018001b148     libmex:libmex.dll
 0002:00000150       __imp_mexMakeArrayPersistent 000000018001b150     libmex:libmex.dll
 0002:00000158       \177libmex_NULL_THUNK_DATA 000000018001b158     libmex:libmex.dll
 0002:00000160       __imp_mxGetN               000000018001b160     libmx:libmx.dll
 0002:00000168       __imp_mxIsComplex          000000018001b168     libmx:libmx.dll
 0002:00000170       __imp_mxIsNumeric          000000018001b170     libmx:libmx.dll
 0002:00000178       __imp_mxGetClassID         000000018001b178     libmx:libmx.dll
 0002:00000180       __imp_mxGetM               000000018001b180     libmx:libmx.dll
 0002:00000188       __imp_mxCalloc             000000018001b188     libmx:libmx.dll
 0002:00000190       __imp_mxCreateStructMatrix_730 000000018001b190     libmx:libmx.dll
 0002:00000198       __imp_mxCreateCellMatrix_730 000000018001b198     libmx:libmx.dll
 0002:000001a0       __imp_mxCreateString       000000018001b1a0     libmx:libmx.dll
 0002:000001a8       __imp_mxCreateDoubleScalar 000000018001b1a8     libmx:libmx.dll
 0002:000001b0       __imp_mxSetField_730       000000018001b1b0     libmx:libmx.dll
 0002:000001b8       __imp_mxDuplicateArray     000000018001b1b8     libmx:libmx.dll
 0002:000001c0       __imp_mxGetString_730      000000018001b1c0     libmx:libmx.dll
 0002:000001c8       __imp_mxCreateDoubleMatrix_730 000000018001b1c8     libmx:libmx.dll
 0002:000001d0       __imp_mxDestroyArray       000000018001b1d0     libmx:libmx.dll
 0002:000001d8       __imp_mxGetScalar          000000018001b1d8     libmx:libmx.dll
 0002:000001e0       __imp_mxIsChar             000000018001b1e0     libmx:libmx.dll
 0002:000001e8       __imp_mxGetPr              000000018001b1e8     libmx:libmx.dll
 0002:000001f0       \177libmx_NULL_THUNK_DATA  000000018001b1f0     libmx:libmx.dll
 0002:000001f8       __imp_utMalloc             000000018001b1f8     libut:libut.dll
 0002:00000200       __imp_utFree               000000018001b200     libut:libut.dll
 0002:00000208       \177libut_NULL_THUNK_DATA  000000018001b208     libut:libut.dll
 0002:00000210       __imp_sf_mex_error_direct_call 000000018001b210     sf_runtime:sf_runtime.dll
 0002:00000218       __imp_sf_clear_error_manager_info 000000018001b218     sf_runtime:sf_runtime.dll
 0002:00000220       __imp_sim_mode_is_rtw_gen  000000018001b220     sf_runtime:sf_runtime.dll
 0002:00000228       __imp_sf_debug_set_chart_substate_index 000000018001b228     sf_runtime:sf_runtime.dll
 0002:00000230       __imp_sf_debug_api         000000018001b230     sf_runtime:sf_runtime.dll
 0002:00000238       __imp_sf_debug_animate     000000018001b238     sf_runtime:sf_runtime.dll
 0002:00000240       __imp_sim_mode_is_external 000000018001b240     sf_runtime:sf_runtime.dll
 0002:00000248       __imp_sf_debug_set_animation 000000018001b248     sf_runtime:sf_runtime.dll
 0002:00000250       __imp_sf_debug_get_animation 000000018001b250     sf_runtime:sf_runtime.dll
 0002:00000258       __imp_sf_debug_set_honor_breakpoints 000000018001b258     sf_runtime:sf_runtime.dll
 0002:00000260       __imp_cv_eval_point        000000018001b260     sf_runtime:sf_runtime.dll
 0002:00000268       __imp_sf_debug_cv_init_state 000000018001b268     sf_runtime:sf_runtime.dll
 0002:00000270       __imp_sf_debug_cv_init_chart 000000018001b270     sf_runtime:sf_runtime.dll
 0002:00000278       __imp_sf_debug_cv_init_trans 000000018001b278     sf_runtime:sf_runtime.dll
 0002:00000280       __imp_sf_debug_data_range_wrapper 000000018001b280     sf_runtime:sf_runtime.dll
 0002:00000288       __imp_call_sf_machine_global_method_dispatcher 000000018001b288     sf_runtime:sf_runtime.dll
 0002:00000290       __imp_sf_debug_eml_data_array_bounds_error_check 000000018001b290     sf_runtime:sf_runtime.dll
 0002:00000298       __imp_sf_debug_set_chart_substate_count 000000018001b298     sf_runtime:sf_runtime.dll
 0002:000002a0       __imp_sf_debug_set_chart_decomposition 000000018001b2a0     sf_runtime:sf_runtime.dll
 0002:000002a8       __imp_sf_debug_set_chart_state_info 000000018001b2a8     sf_runtime:sf_runtime.dll
 0002:000002b0       __imp_sf_debug_set_chart_event_thresholds 000000018001b2b0     sf_runtime:sf_runtime.dll
 0002:000002b8       __imp_sf_debug_set_chart_disable_implicit_casting 000000018001b2b8     sf_runtime:sf_runtime.dll
 0002:000002c0       __imp_sf_debug_set_instance_data_value_ptr 000000018001b2c0     sf_runtime:sf_runtime.dll
 0002:000002c8       __imp_sf_debug_symbol_scope_add_eml_importable 000000018001b2c8     sf_runtime:sf_runtime.dll
 0002:000002d0       __imp_sf_debug_symbol_scope_add_eml 000000018001b2d0     sf_runtime:sf_runtime.dll
 0002:000002d8       __imp_sf_debug_symbol_scope_pop 000000018001b2d8     sf_runtime:sf_runtime.dll
 0002:000002e0       __imp_sf_debug_symbol_scope_push_eml 000000018001b2e0     sf_runtime:sf_runtime.dll
 0002:000002e8       __imp_sf_debug_symbol_scope_push 000000018001b2e8     sf_runtime:sf_runtime.dll
 0002:000002f0       __imp_sf_debug_set_chart_data_compiled_props 000000018001b2f0     sf_runtime:sf_runtime.dll
 0002:000002f8       __imp_sf_debug_set_chart_data_props 000000018001b2f8     sf_runtime:sf_runtime.dll
 0002:00000300       __imp_sf_debug_check_for_state_inconsistency 000000018001b300     sf_runtime:sf_runtime.dll
 0002:00000308       __imp_sf_debug_reset_current_state_configuration 000000018001b308     sf_runtime:sf_runtime.dll
 0002:00000310       __imp_callMdlMethodAndReportError 000000018001b310     sf_runtime:sf_runtime.dll
 0002:00000318       __imp_sf_debug_integer_check 000000018001b318     sf_runtime:sf_runtime.dll
 0002:00000320       __imp_sf_debug_set_chart_state_substate_count 000000018001b320     sf_runtime:sf_runtime.dll
 0002:00000328       __imp_cv_eml_init_if       000000018001b328     sf_runtime:sf_runtime.dll
 0002:00000330       __imp_cv_eml_init_fcn      000000018001b330     sf_runtime:sf_runtime.dll
 0002:00000338       __imp_cv_eml_init_script   000000018001b338     sf_runtime:sf_runtime.dll
 0002:00000340       __imp_cv_eml_eval          000000018001b340     sf_runtime:sf_runtime.dll
 0002:00000348       __imp_eml_debug_line_call  000000018001b348     sf_runtime:sf_runtime.dll
 0002:00000350       __imp_sf_debug_call        000000018001b350     sf_runtime:sf_runtime.dll
 0002:00000358       __imp_sf_debug_initialize_chart 000000018001b358     sf_runtime:sf_runtime.dll
 0002:00000360       __imp_sf_mex_emlrtNameCapturePostProcessR2012a 000000018001b360     sf_runtime:sf_runtime.dll
 0002:00000368       __imp_sf_mex_duplicatearraysafe 000000018001b368     sf_runtime:sf_runtime.dll
 0002:00000370       __imp_sf_mex_decode_encoded_mx_struct_array 000000018001b370     sf_runtime:sf_runtime.dll
 0002:00000378       __imp_sf_mex_import        000000018001b378     sf_runtime:sf_runtime.dll
 0002:00000380       __imp_sf_mex_destroy       000000018001b380     sf_runtime:sf_runtime.dll
 0002:00000388       __imp_sf_mex_dup           000000018001b388     sf_runtime:sf_runtime.dll
 0002:00000390       __imp_sf_mex_assign        000000018001b390     sf_runtime:sf_runtime.dll
 0002:00000398       __imp_sf_mex_getcell       000000018001b398     sf_runtime:sf_runtime.dll
 0002:000003a0       __imp_sf_mex_setcell       000000018001b3a0     sf_runtime:sf_runtime.dll
 0002:000003a8       __imp_sf_mex_createcellmatrix 000000018001b3a8     sf_runtime:sf_runtime.dll
 0002:000003b0       __imp_sf_mex_create        000000018001b3b0     sf_runtime:sf_runtime.dll
 0002:000003b8       __imp_sf_mex_createstruct  000000018001b3b8     sf_runtime:sf_runtime.dll
 0002:000003c0       __imp_sf_mex_addfield      000000018001b3c0     sf_runtime:sf_runtime.dll
 0002:000003c8       __imp_sf_mex_error_message 000000018001b3c8     sf_runtime:sf_runtime.dll
 0002:000003d0       __imp_sf_mex_call_matlab   000000018001b3d0     sf_runtime:sf_runtime.dll
 0002:000003d8       __imp_sf_get_time          000000018001b3d8     sf_runtime:sf_runtime.dll
 0002:000003e0       __imp_sf_set_rtw_dwork_info 000000018001b3e0     sf_runtime:sf_runtime.dll
 0002:000003e8       __imp_sf_clear_rtw_identifier 000000018001b3e8     sf_runtime:sf_runtime.dll
 0002:000003f0       __imp_sf_debug_terminate   000000018001b3f0     sf_runtime:sf_runtime.dll
 0002:000003f8       __imp_sf_mark_chart_expressionable_inputs 000000018001b3f8     sf_runtime:sf_runtime.dll
 0002:00000400       __imp_sf_mark_chart_reusable_outputs 000000018001b400     sf_runtime:sf_runtime.dll
 0002:00000408       __imp_sf_is_chart_inlinable 000000018001b408     sf_runtime:sf_runtime.dll
 0002:00000410       __imp_sf_update_buildInfo  000000018001b410     sf_runtime:sf_runtime.dll
 0002:00000418       __imp_sf_rtw_info_uint_prop 000000018001b418     sf_runtime:sf_runtime.dll
 0002:00000420       __imp_sf_debug_set_machine_data_thresholds 000000018001b420     sf_runtime:sf_runtime.dll
 0002:00000428       __imp_sf_debug_set_machine_event_thresholds 000000018001b428     sf_runtime:sf_runtime.dll
 0002:00000430       __imp_sf_debug_initialize_machine 000000018001b430     sf_runtime:sf_runtime.dll
 0002:00000438       __imp_sf_debug_create_debug_instance_struct 000000018001b438     sf_runtime:sf_runtime.dll
 0002:00000440       __imp_sf_load_rtw_optimization_info 000000018001b440     sf_runtime:sf_runtime.dll
 0002:00000448       \177sf_runtime_NULL_THUNK_DATA 000000018001b448     sf_runtime:sf_runtime.dll
 0002:00000450       __xc_a                     000000018001b450     MSVCRT:cinitexe.obj
 0002:00000458       __xc_z                     000000018001b458     MSVCRT:cinitexe.obj
 0002:00000460       __xi_a                     000000018001b460     MSVCRT:cinitexe.obj
 0002:00000478       __xi_z                     000000018001b478     MSVCRT:cinitexe.obj
 0002:00000480       __real@4195128160000000    000000018001b480     SingleCylinderTest_sfun.obj
 0002:00000488       __real@419ea13334000000    000000018001b488     SingleCylinderTest_sfun.obj
 0002:00000490       __real@41a4676e7c000000    000000018001b490     SingleCylinderTest_sfun.obj
 0002:00000498       __real@41aa332a32000000    000000018001b498     SingleCylinderTest_sfun.obj
 0002:000004a0       __real@41c153f54b000000    000000018001b4a0     SingleCylinderTest_sfun.obj
 0002:000004a8       __real@41d21ef049c00000    000000018001b4a8     SingleCylinderTest_sfun.obj
 0002:000004b0       __real@41d2e9a674c00000    000000018001b4b0     SingleCylinderTest_sfun.obj
 0002:000004b8       __real@41d6bfdfbf800000    000000018001b4b8     SingleCylinderTest_sfun.obj
 0002:000004c0       __real@41da8d75bb000000    000000018001b4c0     SingleCylinderTest_sfun.obj
 0002:000004c8       __real@41dc0318e9c00000    000000018001b4c8     SingleCylinderTest_sfun.obj
 0002:000004d0       __real@41e1b0bf50e00000    000000018001b4d0     SingleCylinderTest_sfun.obj
 0002:000004d8       __real@41e3f3852e200000    000000018001b4d8     SingleCylinderTest_sfun.obj
 0002:000004e0       __real@41e4e40c50600000    000000018001b4e0     SingleCylinderTest_sfun.obj
 0002:000004e8       __real@41e5f30665a00000    000000018001b4e8     SingleCylinderTest_sfun.obj
 0002:000004f0       __real@41e7486427800000    000000018001b4f0     SingleCylinderTest_sfun.obj
 0002:000004f8       __real@41e982b4f6000000    000000018001b4f8     SingleCylinderTest_sfun.obj
 0002:00000500       __real@3ff0000000000000    000000018001b500     c1_SingleCylinderTest.obj
 0002:00000508       __real@4018000000000000    000000018001b508     c1_SingleCylinderTest.obj
 0002:00000510       __real@4024000000000000    000000018001b510     c1_SingleCylinderTest.obj
 0002:00000518       __real@41a870b48a000000    000000018001b518     c1_SingleCylinderTest.obj
 0002:00000520       __real@41ddcb2ac3c00000    000000018001b520     c1_SingleCylinderTest.obj
 0002:00000528       __real@41e42bc5f0200000    000000018001b528     c1_SingleCylinderTest.obj
 0002:00000530       __real@41eaac5b39000000    000000018001b530     c1_SingleCylinderTest.obj
 0002:00000538       __real@41631d8320000000    000000018001b538     c3_SingleCylinderTest.obj
 0002:00000540       __real@41c588a791000000    000000018001b540     c3_SingleCylinderTest.obj
 0002:00000548       __real@41de0db331c00000    000000018001b548     c3_SingleCylinderTest.obj
 0002:00000550       __real@41e03e0559800000    000000018001b550     c3_SingleCylinderTest.obj
 0002:00000558       __real@bff0000000000000    000000018001b558     c3_SingleCylinderTest.obj
 0002:00000560       __real@41c8b94cfc000000    000000018001b560     c4_SingleCylinderTest.obj
 0002:00000568       __real@41d2581c2ec00000    000000018001b568     c4_SingleCylinderTest.obj
 0002:00000570       __real@41e174d4d3600000    000000018001b570     c4_SingleCylinderTest.obj
 0002:00000578       __real@41ed724e82200000    000000018001b578     c4_SingleCylinderTest.obj
 0002:00000580       DYNAMIC_DIMENSION_DEF      000000018001b580     SingleCylinderTest_sfun_registry.obj
 0002:000005a0       _ssBadLevel2InputAccessMsg 000000018001b5a0     SingleCylinderTest_sfun_registry.obj
 0002:00000730       _ssBadLevel2DirectFeedMsg  000000018001b730     SingleCylinderTest_sfun_registry.obj
 0002:00000870       _ssBadLevel2DirectFeedSolutionMsg 000000018001b870     SingleCylinderTest_sfun_registry.obj
 0002:000008e0       _ssBadLevel2ZeroDirectFeedMsg 000000018001b8e0     SingleCylinderTest_sfun_registry.obj
 0002:00000a20       _ssBadLevel2ZeroDirectFeedMsg2 000000018001ba20     SingleCylinderTest_sfun_registry.obj
 0002:00000b08       __real@0000000000000000    000000018001bb08     SingleCylinderTest_sfun_registry.obj
 0002:00000b10       __real@41602cbca0000000    000000018001bb10     SingleCylinderTest_sfun_registry.obj
 0002:00000b28       _pRawDllMain               000000018001bb28     MSVCRT:crtdll.obj
 0002:00000b28       _pDefaultRawDllMain        000000018001bb28     MSVCRT:crtdll.obj
 0002:00000b30       ?ProcessDetach@NativeDll@<CrtImplementationDetails>@@0IB 000000018001bb30     MSVCRT:initsect.obj
 0002:00000b34       ?ProcessAttach@NativeDll@<CrtImplementationDetails>@@0IB 000000018001bb34     MSVCRT:initsect.obj
 0002:00000b38       ?ThreadAttach@NativeDll@<CrtImplementationDetails>@@0IB 000000018001bb38     MSVCRT:initsect.obj
 0002:00000b3c       ?ThreadDetach@NativeDll@<CrtImplementationDetails>@@0IB 000000018001bb3c     MSVCRT:initsect.obj
 0002:00000b40       ?ProcessVerifier@NativeDll@<CrtImplementationDetails>@@0IB 000000018001bb40     MSVCRT:initsect.obj
 0002:00000b44       ?value@?$integral_constant@_N$0A@@std@@2_NB 000000018001bb44     MSVCRT:tncleanup.obj
 0002:00000b45       ?value@?$integral_constant@_N$00@std@@2_NB 000000018001bb45     MSVCRT:tncleanup.obj
 0002:00000b48       ?value@?$_Sizeof@U_Nil@std@@U12@U12@U12@U12@U12@U12@U12@@std@@2_KB 000000018001bb48     MSVCRT:tncleanup.obj
 0002:00000b50       _load_config_used          000000018001bb50     MSVCRT:loadcfg.obj
 0002:00000bc0       __rtc_iaa                  000000018001bbc0     MSVCRT:initsect.obj
 0002:00000bc8       __rtc_izz                  000000018001bbc8     MSVCRT:initsect.obj
 0002:00000bd0       __rtc_taa                  000000018001bbd0     MSVCRT:initsect.obj
 0002:00000bd8       __rtc_tzz                  000000018001bbd8     MSVCRT:initsect.obj
 0002:000014dc       __IMPORT_DESCRIPTOR_sf_runtime 000000018001c4dc     sf_runtime:sf_runtime.dll
 0002:000014f0       __IMPORT_DESCRIPTOR_libmx  000000018001c4f0     libmx:libmx.dll
 0002:00001504       __IMPORT_DESCRIPTOR_libmex 000000018001c504     libmex:libmex.dll
 0002:00001518       __IMPORT_DESCRIPTOR_libut  000000018001c518     libut:libut.dll
 0002:0000152c       __IMPORT_DESCRIPTOR_MSVCR110 000000018001c52c     MSVCRT:MSVCR110.dll
 0002:00001540       __IMPORT_DESCRIPTOR_KERNEL32 000000018001c540     kernel32:KERNEL32.dll
 0002:00001554       __NULL_IMPORT_DESCRIPTOR   000000018001c554     sf_runtime:sf_runtime.dll
 0003:00004988       DYNAMIC_DIMENSION          0000000180022988     SingleCylinderTest_sfun_registry.obj
 0003:00005610       __security_cookie          0000000180023610     MSVCRT:gs_cookie.obj
 0003:00005618       __security_cookie_complement 0000000180023618     MSVCRT:gs_cookie.obj
 0003:00005620       _fltused                   0000000180023620     MSVCRT:dllsupp.obj
 0003:00005624       __native_dllmain_reason    0000000180023624     MSVCRT:natstart.obj
 0003:00005668       sfGlobalDebugInstanceStruct 0000000180023668     SingleCylinderTest_sfun_registry.obj
 0003:00005cb8       ?__type_info_root_node@@3U__type_info_node@@A 0000000180023cb8     MSVCRT:tncleanup.obj
 0003:00005cc8       _SingleCylinderTestMachineNumber_ 0000000180023cc8     <common>
 0003:00005cd0       __native_startup_lock      0000000180023cd0     <common>
 0003:00005cd8       __native_startup_state     0000000180023cd8     <common>
 0003:00005ce0       __onexitend                0000000180023ce0     <common>
 0003:00005ce8       __onexitbegin              0000000180023ce8     <common>
 0003:00005cf0       __dyn_tls_init_callback    0000000180023cf0     <common>

 entry point at        0001:00019154

 Static symbols

 0000:00000000       .debug$S                   0000000180000000     kernel32:KERNEL32.dll
 0000:00000000       .debug$S                   0000000180000000     kernel32:KERNEL32.dll
 0000:00000000       .debug$S                   0000000180000000     kernel32:KERNEL32.dll
 0000:00000000       .debug$S                   0000000180000000     kernel32:KERNEL32.dll
 0000:00000000       .debug$S                   0000000180000000     kernel32:KERNEL32.dll
 0000:00000000       .debug$S                   0000000180000000     kernel32:KERNEL32.dll
 0000:00000000       .debug$S                   0000000180000000     kernel32:KERNEL32.dll
 0000:00000000       .debug$S                   0000000180000000     kernel32:KERNEL32.dll
 0000:00000000       .debug$S                   0000000180000000     kernel32:KERNEL32.dll
 0000:00000000       .debug$S                   0000000180000000     sf_runtime:sf_runtime.dll
 0000:00000000       .debug$S                   0000000180000000     MSVCRT:MSVCR110.dll
 0000:00000000       .debug$S                   0000000180000000     MSVCRT:MSVCR110.dll
 0000:00000000       .debug$S                   0000000180000000     MSVCRT:MSVCR110.dll
 0000:00000000       .debug$S                   0000000180000000     MSVCRT:MSVCR110.dll
 0000:00000000       .debug$S                   0000000180000000     MSVCRT:MSVCR110.dll
 0000:00000000       .debug$S                   0000000180000000     MSVCRT:MSVCR110.dll
 0000:00000000       .debug$S                   0000000180000000     MSVCRT:MSVCR110.dll
 0000:00000000       .debug$S                   0000000180000000     MSVCRT:MSVCR110.dll
 0000:00000000       .debug$S                   0000000180000000     MSVCRT:MSVCR110.dll
 0000:00000000       .debug$S                   0000000180000000     MSVCRT:MSVCR110.dll
 0000:00000000       .debug$S                   0000000180000000     MSVCRT:MSVCR110.dll
 0000:00000000       .debug$S                   0000000180000000     MSVCRT:MSVCR110.dll
 0000:00000000       .debug$S                   0000000180000000     MSVCRT:MSVCR110.dll
 0000:00000000       .debug$S                   0000000180000000     MSVCRT:MSVCR110.dll
 0000:00000000       .debug$S                   0000000180000000     MSVCRT:MSVCR110.dll
 0000:00000000       .debug$S                   0000000180000000     MSVCRT:MSVCR110.dll
 0000:00000000       .debug$S                   0000000180000000     MSVCRT:MSVCR110.dll
 0000:00000000       .debug$S                   0000000180000000     MSVCRT:MSVCR110.dll
 0000:00000000       .debug$S                   0000000180000000     MSVCRT:MSVCR110.dll
 0000:00000000       .debug$S                   0000000180000000     MSVCRT:MSVCR110.dll
 0000:00000000       .debug$S                   0000000180000000     MSVCRT:MSVCR110.dll
 0000:00000000       .debug$S                   0000000180000000     MSVCRT:MSVCR110.dll
 0000:00000000       .debug$S                   0000000180000000     MSVCRT:MSVCR110.dll
 0000:00000000       .debug$S                   0000000180000000     MSVCRT:MSVCR110.dll
 0000:00000000       .debug$S                   0000000180000000     MSVCRT:MSVCR110.dll
 0000:00000000       .debug$S                   0000000180000000     sf_runtime:sf_runtime.dll
 0000:00000000       .debug$S                   0000000180000000     sf_runtime:sf_runtime.dll
 0000:00000000       .debug$S                   0000000180000000     sf_runtime:sf_runtime.dll
 0000:00000000       .debug$S                   0000000180000000     sf_runtime:sf_runtime.dll
 0000:00000000       .debug$S                   0000000180000000     sf_runtime:sf_runtime.dll
 0000:00000000       .debug$S                   0000000180000000     sf_runtime:sf_runtime.dll
 0000:00000000       .debug$S                   0000000180000000     sf_runtime:sf_runtime.dll
 0000:00000000       .debug$S                   0000000180000000     sf_runtime:sf_runtime.dll
 0000:00000000       .debug$S                   0000000180000000     sf_runtime:sf_runtime.dll
 0000:00000000       .debug$S                   0000000180000000     sf_runtime:sf_runtime.dll
 0000:00000000       .debug$S                   0000000180000000     sf_runtime:sf_runtime.dll
 0000:00000000       .debug$S                   0000000180000000     sf_runtime:sf_runtime.dll
 0000:00000000       .debug$S                   0000000180000000     sf_runtime:sf_runtime.dll
 0000:00000000       .debug$S                   0000000180000000     sf_runtime:sf_runtime.dll
 0000:00000000       .debug$S                   0000000180000000     sf_runtime:sf_runtime.dll
 0000:00000000       .debug$S                   0000000180000000     sf_runtime:sf_runtime.dll
 0000:00000000       .debug$S                   0000000180000000     sf_runtime:sf_runtime.dll
 0000:00000000       .debug$S                   0000000180000000     sf_runtime:sf_runtime.dll
 0000:00000000       .debug$S                   0000000180000000     sf_runtime:sf_runtime.dll
 0000:00000000       .debug$S                   0000000180000000     sf_runtime:sf_runtime.dll
 0000:00000000       .debug$S                   0000000180000000     sf_runtime:sf_runtime.dll
 0000:00000000       .debug$S                   0000000180000000     sf_runtime:sf_runtime.dll
 0000:00000000       .debug$S                   0000000180000000     sf_runtime:sf_runtime.dll
 0000:00000000       .debug$S                   0000000180000000     sf_runtime:sf_runtime.dll
 0000:00000000       .debug$S                   0000000180000000     sf_runtime:sf_runtime.dll
 0000:00000000       .debug$S                   0000000180000000     sf_runtime:sf_runtime.dll
 0000:00000000       .debug$S                   0000000180000000     sf_runtime:sf_runtime.dll
 0000:00000000       .debug$S                   0000000180000000     sf_runtime:sf_runtime.dll
 0000:00000000       .debug$S                   0000000180000000     sf_runtime:sf_runtime.dll
 0000:00000000       .debug$S                   0000000180000000     sf_runtime:sf_runtime.dll
 0000:00000000       .debug$S                   0000000180000000     sf_runtime:sf_runtime.dll
 0000:00000000       .debug$S                   0000000180000000     sf_runtime:sf_runtime.dll
 0000:00000000       .debug$S                   0000000180000000     sf_runtime:sf_runtime.dll
 0000:00000000       .debug$S                   0000000180000000     sf_runtime:sf_runtime.dll
 0000:00000000       .debug$S                   0000000180000000     sf_runtime:sf_runtime.dll
 0000:00000000       .debug$S                   0000000180000000     sf_runtime:sf_runtime.dll
 0000:00000000       .debug$S                   0000000180000000     libut:libut.dll
 0000:00000000       .debug$S                   0000000180000000     libut:libut.dll
 0000:00000000       .debug$S                   0000000180000000     sf_runtime:sf_runtime.dll
 0000:00000000       .debug$S                   0000000180000000     libmex:libmex.dll
 0000:00000000       .debug$S                   0000000180000000     libmex:libmex.dll
 0000:00000000       .debug$S                   0000000180000000     libmex:libmex.dll
 0000:00000000       .debug$S                   0000000180000000     libmex:libmex.dll
 0000:00000000       .debug$S                   0000000180000000     libmex:libmex.dll
 0000:00000000       .debug$S                   0000000180000000     libmex:libmex.dll
 0000:00000000       .debug$S                   0000000180000000     libmex:libmex.dll
 0000:00000000       .debug$S                   0000000180000000     sf_runtime:sf_runtime.dll
 0000:00000000       .debug$S                   0000000180000000     libmx:libmx.dll
 0000:00000000       .debug$S                   0000000180000000     libmx:libmx.dll
 0000:00000000       .debug$S                   0000000180000000     libmx:libmx.dll
 0000:00000000       .debug$S                   0000000180000000     libmx:libmx.dll
 0000:00000000       .debug$S                   0000000180000000     libmx:libmx.dll
 0000:00000000       .debug$S                   0000000180000000     libmx:libmx.dll
 0000:00000000       .debug$S                   0000000180000000     libmx:libmx.dll
 0000:00000000       .debug$S                   0000000180000000     libmx:libmx.dll
 0000:00000000       .debug$S                   0000000180000000     libmx:libmx.dll
 0000:00000000       .debug$S                   0000000180000000     libmx:libmx.dll
 0000:00000000       .debug$S                   0000000180000000     libmx:libmx.dll
 0000:00000000       .debug$S                   0000000180000000     libmx:libmx.dll
 0000:00000000       .debug$S                   0000000180000000     libmx:libmx.dll
 0000:00000000       .debug$S                   0000000180000000     sf_runtime:sf_runtime.dll
 0000:00000000       .debug$S                   0000000180000000     sf_runtime:sf_runtime.dll
 0000:00000000       .debug$S                   0000000180000000     sf_runtime:sf_runtime.dll
 0000:00000000       .debug$S                   0000000180000000     sf_runtime:sf_runtime.dll
 0000:00000000       .debug$S                   0000000180000000     sf_runtime:sf_runtime.dll
 0000:00000000       .debug$S                   0000000180000000     sf_runtime:sf_runtime.dll
 0000:00000000       .debug$S                   0000000180000000     sf_runtime:sf_runtime.dll
 0000:00000000       .debug$S                   0000000180000000     sf_runtime:sf_runtime.dll
 0000:00000000       .debug$S                   0000000180000000     sf_runtime:sf_runtime.dll
 0000:00000000       .debug$S                   0000000180000000     sf_runtime:sf_runtime.dll
 0000:00000000       .debug$S                   0000000180000000     sf_runtime:sf_runtime.dll
 0000:00000000       .debug$S                   0000000180000000     sf_runtime:sf_runtime.dll
 0000:00000000       .debug$S                   0000000180000000     sf_runtime:sf_runtime.dll
 0000:00000000       .debug$S                   0000000180000000     sf_runtime:sf_runtime.dll
 0000:00000000       .debug$S                   0000000180000000     sf_runtime:sf_runtime.dll
 0000:00000000       .debug$S                   0000000180000000     sf_runtime:sf_runtime.dll
 0000:00000000       .debug$S                   0000000180000000     sf_runtime:sf_runtime.dll
 0000:00000000       .debug$S                   0000000180000000     sf_runtime:sf_runtime.dll
 0000:00000000       .debug$S                   0000000180000000     sf_runtime:sf_runtime.dll
 0000:00000000       .debug$S                   0000000180000000     sf_runtime:sf_runtime.dll
 0000:00000000       .debug$S                   0000000180000000     sf_runtime:sf_runtime.dll
 0000:00000000       .debug$S                   0000000180000000     sf_runtime:sf_runtime.dll
 0000:00000000       .debug$S                   0000000180000000     sf_runtime:sf_runtime.dll
 0000:00000000       .debug$S                   0000000180000000     sf_runtime:sf_runtime.dll
 0000:00000000       .debug$S                   0000000180000000     sf_runtime:sf_runtime.dll
 0000:00000000       .debug$S                   0000000180000000     sf_runtime:sf_runtime.dll
 0000:00000000       .debug$S                   0000000180000000     sf_runtime:sf_runtime.dll
 0000:00000000       .debug$S                   0000000180000000     sf_runtime:sf_runtime.dll
 0000:00000000       .debug$S                   0000000180000000     sf_runtime:sf_runtime.dll
 0000:00000000       .debug$S                   0000000180000000     sf_runtime:sf_runtime.dll
 0000:00000000       .debug$S                   0000000180000000     sf_runtime:sf_runtime.dll
 0000:00000000       .debug$S                   0000000180000000     sf_runtime:sf_runtime.dll
 0000:00000000       .debug$S                   0000000180000000     libmx:libmx.dll
 0000:00000000       .debug$S                   0000000180000000     libmx:libmx.dll
 0000:00000000       .debug$S                   0000000180000000     libmx:libmx.dll
 0000:00000000       .debug$S                   0000000180000000     libmx:libmx.dll
 0000:00000000       .debug$S                   0000000180000000     libmx:libmx.dll
 0001:00001350       initialize_c1_SingleCylinderTest 0000000180002350 f   c1_SingleCylinderTest.obj
 0001:000013a0       initialize_params_c1_SingleCylinderTest 00000001800023a0 f   c1_SingleCylinderTest.obj
 0001:000013b0       enable_c1_SingleCylinderTest 00000001800023b0 f   c1_SingleCylinderTest.obj
 0001:000013e0       disable_c1_SingleCylinderTest 00000001800023e0 f   c1_SingleCylinderTest.obj
 0001:00001410       c1_update_debugger_state_c1_SingleCylinderTest 0000000180002410 f   c1_SingleCylinderTest.obj
 0001:00001420       get_sim_state_c1_SingleCylinderTest 0000000180002420 f   c1_SingleCylinderTest.obj
 0001:000015c0       set_sim_state_c1_SingleCylinderTest 00000001800025c0 f   c1_SingleCylinderTest.obj
 0001:000016a0       finalize_c1_SingleCylinderTest 00000001800026a0 f   c1_SingleCylinderTest.obj
 0001:000016b0       sf_gateway_c1_SingleCylinderTest 00000001800026b0 f   c1_SingleCylinderTest.obj
 0001:000018b0       c1_chartstep_c1_SingleCylinderTest 00000001800028b0 f   c1_SingleCylinderTest.obj
 0001:00002210       initSimStructsc1_SingleCylinderTest 0000000180003210 f   c1_SingleCylinderTest.obj
 0001:00002220       init_script_number_translation 0000000180003220 f   c1_SingleCylinderTest.obj
 0001:00002240       c1_sf_marshallOut          0000000180003240 f   c1_SingleCylinderTest.obj
 0001:000022f0       c1_emlrt_marshallIn        00000001800032f0 f   c1_SingleCylinderTest.obj
 0001:00002360       c1_b_emlrt_marshallIn      0000000180003360 f   c1_SingleCylinderTest.obj
 0001:000023f0       c1_sf_marshallIn           00000001800033f0 f   c1_SingleCylinderTest.obj
 0001:00002490       c1_b_sf_marshallOut        0000000180003490 f   c1_SingleCylinderTest.obj
 0001:000025e0       c1_c_emlrt_marshallIn      00000001800035e0 f   c1_SingleCylinderTest.obj
 0001:000026e0       c1_b_sf_marshallIn         00000001800036e0 f   c1_SingleCylinderTest.obj
 0001:000027e0       c1_info_helper             00000001800037e0 f   c1_SingleCylinderTest.obj
 0001:00007860       c1_emlrt_marshallOut       0000000180008860 f   c1_SingleCylinderTest.obj
 0001:000078f0       c1_b_emlrt_marshallOut     00000001800088f0 f   c1_SingleCylinderTest.obj
 0001:00007960       c1_realmax                 0000000180008960 f   c1_SingleCylinderTest.obj
 0001:00007970       c1_e_emlrt_marshallIn      0000000180008970 f   c1_SingleCylinderTest.obj
 0001:000079d0       c1_f_emlrt_marshallIn      00000001800089d0 f   c1_SingleCylinderTest.obj
 0001:00007a60       init_dsm_address_info      0000000180008a60 f   c1_SingleCylinderTest.obj
 0001:00007ef0       sf_get_sim_state_info_c1_SingleCylinderTest 0000000180008ef0 f   c1_SingleCylinderTest.obj
 0001:00007fc0       chart_debug_initialization 0000000180008fc0 f   c1_SingleCylinderTest.obj
 0001:000087e0       sf_get_instance_specialization 00000001800097e0 f   c1_SingleCylinderTest.obj
 0001:000087f0       sf_opaque_initialize_c1_SingleCylinderTest 00000001800097f0 f   c1_SingleCylinderTest.obj
 0001:00008830       sf_opaque_enable_c1_SingleCylinderTest 0000000180009830 f   c1_SingleCylinderTest.obj
 0001:00008850       sf_opaque_disable_c1_SingleCylinderTest 0000000180009850 f   c1_SingleCylinderTest.obj
 0001:00008870       sf_opaque_gateway_c1_SingleCylinderTest 0000000180009870 f   c1_SingleCylinderTest.obj
 0001:00008b50       sf_opaque_get_sim_state_c1_SingleCylinderTest 0000000180009b50 f   c1_SingleCylinderTest.obj
 0001:00008b70       sf_opaque_set_sim_state_c1_SingleCylinderTest 0000000180009b70 f   c1_SingleCylinderTest.obj
 0001:00008ba0       sf_opaque_terminate_c1_SingleCylinderTest 0000000180009ba0 f   c1_SingleCylinderTest.obj
 0001:00008c40       sf_opaque_init_subchart_simstructs 0000000180009c40 f   c1_SingleCylinderTest.obj
 0001:00008c60       mdlProcessParameters_c1_SingleCylinderTest 0000000180009c60 f   c1_SingleCylinderTest.obj
 0001:00008d40       mdlSetWorkWidths_c1_SingleCylinderTest 0000000180009d40 f   c1_SingleCylinderTest.obj
 0001:00009250       mdlRTW_c1_SingleCylinderTest 000000018000a250 f   c1_SingleCylinderTest.obj
 0001:00009290       mdlStart_c1_SingleCylinderTest 000000018000a290 f   c1_SingleCylinderTest.obj
 0001:00009680       initialize_c3_SingleCylinderTest 000000018000a680 f   c3_SingleCylinderTest.obj
 0001:00009710       initialize_params_c3_SingleCylinderTest 000000018000a710 f   c3_SingleCylinderTest.obj
 0001:00009720       enable_c3_SingleCylinderTest 000000018000a720 f   c3_SingleCylinderTest.obj
 0001:00009750       disable_c3_SingleCylinderTest 000000018000a750 f   c3_SingleCylinderTest.obj
 0001:00009780       c3_update_debugger_state_c3_SingleCylinderTest 000000018000a780 f   c3_SingleCylinderTest.obj
 0001:00009c50       get_sim_state_c3_SingleCylinderTest 000000018000ac50 f   c3_SingleCylinderTest.obj
 0001:00009e80       set_sim_state_c3_SingleCylinderTest 000000018000ae80 f   c3_SingleCylinderTest.obj
 0001:00009fe0       c3_set_sim_state_side_effects_c3_SingleCylinderTest 000000018000afe0 f   c3_SingleCylinderTest.obj
 0001:0000a090       finalize_c3_SingleCylinderTest 000000018000b090 f   c3_SingleCylinderTest.obj
 0001:0000a0c0       sf_gateway_c3_SingleCylinderTest 000000018000b0c0 f   c3_SingleCylinderTest.obj
 0001:0000c480       initSimStructsc3_SingleCylinderTest 000000018000d480 f   c3_SingleCylinderTest.obj
 0001:0000c490       init_script_number_translation 000000018000d490 f   c3_SingleCylinderTest.obj
 0001:0000c4b0       c3_sf_marshallOut          000000018000d4b0 f   c3_SingleCylinderTest.obj
 0001:0000c560       c3_emlrt_marshallIn        000000018000d560 f   c3_SingleCylinderTest.obj
 0001:0000c5d0       c3_b_emlrt_marshallIn      000000018000d5d0 f   c3_SingleCylinderTest.obj
 0001:0000c660       c3_sf_marshallIn           000000018000d660 f   c3_SingleCylinderTest.obj
 0001:0000c700       c3_b_sf_marshallOut        000000018000d700 f   c3_SingleCylinderTest.obj
 0001:0000c7b0       c3_c_emlrt_marshallIn      000000018000d7b0 f   c3_SingleCylinderTest.obj
 0001:0000c840       c3_b_sf_marshallIn         000000018000d840 f   c3_SingleCylinderTest.obj
 0001:0000c8e0       c3_e_emlrt_marshallIn      000000018000d8e0 f   c3_SingleCylinderTest.obj
 0001:0000c940       c3_f_emlrt_marshallIn      000000018000d940 f   c3_SingleCylinderTest.obj
 0001:0000c9d0       c3_g_emlrt_marshallIn      000000018000d9d0 f   c3_SingleCylinderTest.obj
 0001:0000ca50       c3_h_emlrt_marshallIn      000000018000da50 f   c3_SingleCylinderTest.obj
 0001:0000cab0       c3_updateDataWrittenToVector 000000018000dab0 f   c3_SingleCylinderTest.obj
 0001:0000cb30       init_dsm_address_info      000000018000db30 f   c3_SingleCylinderTest.obj
 0001:0000d3b0       sf_get_sim_state_info_c3_SingleCylinderTest 000000018000e3b0 f   c3_SingleCylinderTest.obj
 0001:0000d480       chart_debug_initialization 000000018000e480 f   c3_SingleCylinderTest.obj
 0001:0000e830       sf_get_instance_specialization 000000018000f830 f   c3_SingleCylinderTest.obj
 0001:0000e840       sf_opaque_initialize_c3_SingleCylinderTest 000000018000f840 f   c3_SingleCylinderTest.obj
 0001:0000e880       sf_opaque_enable_c3_SingleCylinderTest 000000018000f880 f   c3_SingleCylinderTest.obj
 0001:0000e8a0       sf_opaque_disable_c3_SingleCylinderTest 000000018000f8a0 f   c3_SingleCylinderTest.obj
 0001:0000e8c0       sf_opaque_gateway_c3_SingleCylinderTest 000000018000f8c0 f   c3_SingleCylinderTest.obj
 0001:0000eba0       sf_opaque_get_sim_state_c3_SingleCylinderTest 000000018000fba0 f   c3_SingleCylinderTest.obj
 0001:0000ebc0       sf_opaque_set_sim_state_c3_SingleCylinderTest 000000018000fbc0 f   c3_SingleCylinderTest.obj
 0001:0000ebf0       sf_opaque_terminate_c3_SingleCylinderTest 000000018000fbf0 f   c3_SingleCylinderTest.obj
 0001:0000ec90       sf_opaque_init_subchart_simstructs 000000018000fc90 f   c3_SingleCylinderTest.obj
 0001:0000ecb0       mdlProcessParameters_c3_SingleCylinderTest 000000018000fcb0 f   c3_SingleCylinderTest.obj
 0001:0000ed90       mdlSetWorkWidths_c3_SingleCylinderTest 000000018000fd90 f   c3_SingleCylinderTest.obj
 0001:0000f350       mdlRTW_c3_SingleCylinderTest 0000000180010350 f   c3_SingleCylinderTest.obj
 0001:0000f390       mdlStart_c3_SingleCylinderTest 0000000180010390 f   c3_SingleCylinderTest.obj
 0001:0000f780       initialize_c4_SingleCylinderTest 0000000180010780 f   c4_SingleCylinderTest.obj
 0001:0000f7d0       initialize_params_c4_SingleCylinderTest 00000001800107d0 f   c4_SingleCylinderTest.obj
 0001:0000f7e0       enable_c4_SingleCylinderTest 00000001800107e0 f   c4_SingleCylinderTest.obj
 0001:0000f810       disable_c4_SingleCylinderTest 0000000180010810 f   c4_SingleCylinderTest.obj
 0001:0000f840       c4_update_debugger_state_c4_SingleCylinderTest 0000000180010840 f   c4_SingleCylinderTest.obj
 0001:0000f850       get_sim_state_c4_SingleCylinderTest 0000000180010850 f   c4_SingleCylinderTest.obj
 0001:0000f9f0       set_sim_state_c4_SingleCylinderTest 00000001800109f0 f   c4_SingleCylinderTest.obj
 0001:0000fad0       finalize_c4_SingleCylinderTest 0000000180010ad0 f   c4_SingleCylinderTest.obj
 0001:0000fae0       sf_gateway_c4_SingleCylinderTest 0000000180010ae0 f   c4_SingleCylinderTest.obj
 0001:00010380       initSimStructsc4_SingleCylinderTest 0000000180011380 f   c4_SingleCylinderTest.obj
 0001:00010390       init_script_number_translation 0000000180011390 f   c4_SingleCylinderTest.obj
 0001:000103b0       c4_sf_marshallOut          00000001800113b0 f   c4_SingleCylinderTest.obj
 0001:00010460       c4_emlrt_marshallIn        0000000180011460 f   c4_SingleCylinderTest.obj
 0001:000104d0       c4_b_emlrt_marshallIn      00000001800114d0 f   c4_SingleCylinderTest.obj
 0001:00010560       c4_sf_marshallIn           0000000180011560 f   c4_SingleCylinderTest.obj
 0001:00010600       c4_d_emlrt_marshallIn      0000000180011600 f   c4_SingleCylinderTest.obj
 0001:00010660       c4_e_emlrt_marshallIn      0000000180011660 f   c4_SingleCylinderTest.obj
 0001:000106f0       init_dsm_address_info      00000001800116f0 f   c4_SingleCylinderTest.obj
 0001:00010b80       sf_get_sim_state_info_c4_SingleCylinderTest 0000000180011b80 f   c4_SingleCylinderTest.obj
 0001:00010c50       chart_debug_initialization 0000000180011c50 f   c4_SingleCylinderTest.obj
 0001:00011470       sf_get_instance_specialization 0000000180012470 f   c4_SingleCylinderTest.obj
 0001:00011480       sf_opaque_initialize_c4_SingleCylinderTest 0000000180012480 f   c4_SingleCylinderTest.obj
 0001:000114c0       sf_opaque_enable_c4_SingleCylinderTest 00000001800124c0 f   c4_SingleCylinderTest.obj
 0001:000114e0       sf_opaque_disable_c4_SingleCylinderTest 00000001800124e0 f   c4_SingleCylinderTest.obj
 0001:00011500       sf_opaque_gateway_c4_SingleCylinderTest 0000000180012500 f   c4_SingleCylinderTest.obj
 0001:000117e0       sf_opaque_get_sim_state_c4_SingleCylinderTest 00000001800127e0 f   c4_SingleCylinderTest.obj
 0001:00011800       sf_opaque_set_sim_state_c4_SingleCylinderTest 0000000180012800 f   c4_SingleCylinderTest.obj
 0001:00011830       sf_opaque_terminate_c4_SingleCylinderTest 0000000180012830 f   c4_SingleCylinderTest.obj
 0001:000118d0       sf_opaque_init_subchart_simstructs 00000001800128d0 f   c4_SingleCylinderTest.obj
 0001:000118f0       mdlProcessParameters_c4_SingleCylinderTest 00000001800128f0 f   c4_SingleCylinderTest.obj
 0001:000119d0       mdlSetWorkWidths_c4_SingleCylinderTest 00000001800129d0 f   c4_SingleCylinderTest.obj
 0001:00011ee0       mdlRTW_c4_SingleCylinderTest 0000000180012ee0 f   c4_SingleCylinderTest.obj
 0001:00011f20       mdlStart_c4_SingleCylinderTest 0000000180012f20 f   c4_SingleCylinderTest.obj
 0001:00013234       $LN107                     0000000180014234     SingleCylinderTest_sfun_registry.obj
 0001:00014564       $LN17                      0000000180015564     SingleCylinderTest_sfun_registry.obj
 0001:00014aec       $LN26                      0000000180015aec     SingleCylinderTest_sfun_registry.obj
 0001:000151d4       $LN23                      00000001800161d4     SingleCylinderTest_sfun_registry.obj
 0001:000157b0       $LN26                      00000001800167b0     SingleCylinderTest_sfun_registry.obj
 0001:000170e0       sf_debug_api_wrapper       00000001800180e0 f   SingleCylinderTest_sfun_registry.obj
 0001:00017130       ProcessMexSfunctionCmdLineCall 0000000180018130 f   SingleCylinderTest_sfun_registry.obj
 0001:000173f0       getChartInfoFromSimStruct  00000001800183f0 f   SingleCylinderTest_sfun_registry.obj
 0001:000174b0       mdlSetWorkWidths           00000001800184b0 f   SingleCylinderTest_sfun_registry.obj
 0001:000174e0       mdlProcessParameters       00000001800184e0 f   SingleCylinderTest_sfun_registry.obj
 0001:00017510       mdl_start_processing       0000000180018510 f   SingleCylinderTest_sfun_registry.obj
 0001:000175a0       mdl_terminate_processing   00000001800185a0 f   SingleCylinderTest_sfun_registry.obj
 0001:00017620       mdlStart                   0000000180018620 f   SingleCylinderTest_sfun_registry.obj
 0001:00017650       mdlTerminate               0000000180018650 f   SingleCylinderTest_sfun_registry.obj
 0001:00017680       mdlInitializeSizes         0000000180018680 f   SingleCylinderTest_sfun_registry.obj
 0001:000176b0       mdlInitializeSampleTimes   00000001800186b0 f   SingleCylinderTest_sfun_registry.obj
 0001:000176e0       mdl_outputs_continuous_legacy 00000001800186e0 f   SingleCylinderTest_sfun_registry.obj
 0001:000177e0       mdl_outputs_processing     00000001800187e0 f   SingleCylinderTest_sfun_registry.obj
 0001:000178e0       mdl_zeroCrossings_processing 00000001800188e0 f   SingleCylinderTest_sfun_registry.obj
 0001:00017920       mdlZeroCrossings           0000000180018920 f   SingleCylinderTest_sfun_registry.obj
 0001:00017950       mdl_derivatives_processing 0000000180018950 f   SingleCylinderTest_sfun_registry.obj
 0001:000179a0       mdlDerivatives             00000001800189a0 f   SingleCylinderTest_sfun_registry.obj
 0001:000179d0       mdl_initialize_conditions_processing 00000001800189d0 f   SingleCylinderTest_sfun_registry.obj
 0001:00017a20       mdlInitializeConditions    0000000180018a20 f   SingleCylinderTest_sfun_registry.obj
 0001:00017a50       mdl_ext_mode_exec_processing 0000000180018a50 f   SingleCylinderTest_sfun_registry.obj
 0001:00017a90       mdlExtModeExec             0000000180018a90 f   SingleCylinderTest_sfun_registry.obj
 0001:00017ac0       mdlRTW                     0000000180018ac0 f   SingleCylinderTest_sfun_registry.obj
 0001:00017b00       mdl_enable_processing      0000000180018b00 f   SingleCylinderTest_sfun_registry.obj
 0001:00017b40       mdlEnable                  0000000180018b40 f   SingleCylinderTest_sfun_registry.obj
 0001:00017b70       mdl_disable_processing     0000000180018b70 f   SingleCylinderTest_sfun_registry.obj
 0001:00017bb0       mdlDisable                 0000000180018bb0 f   SingleCylinderTest_sfun_registry.obj
 0001:00017be0       mdlOutputs                 0000000180018be0 f   SingleCylinderTest_sfun_registry.obj
 0001:00017db0       mdlGetTimeOfNextVarHit     0000000180018db0 f   SingleCylinderTest_sfun_registry.obj
 0001:00017e00       _RegNumInputPortsCB        0000000180018e00 f   SingleCylinderTest_sfun_registry.obj
 0001:00017e80       _RegNumOutputPortsCB       0000000180018e80 f   SingleCylinderTest_sfun_registry.obj
 0001:00017f00       _CreateSimStruct           0000000180018f00 f   SingleCylinderTest_sfun_registry.obj
 0001:00018090       _ssFatalError              0000000180019090 f   SingleCylinderTest_sfun_registry.obj
 0001:00018140       _ProcessMexSfunctionCmdLineCall 0000000180019140 f   SingleCylinderTest_sfun_registry.obj
 0001:00018e40       $$000000                   0000000180019e40     MSVCRT:amdsecgs.obj
 0001:00018e9c       pre_c_init                 0000000180019e9c f   MSVCRT:crtdll.obj
 0001:00019194       __DllMainCRTStartup        000000018001a194 f   MSVCRT:crtdll.obj
 0001:000196b0       __DllMainCRTStartup$filt$0 000000018001a6b0 f   MSVCRT:crtdll.obj
 0001:000196d5       __DllMainCRTStartup$fin$1  000000018001a6d5 f   MSVCRT:crtdll.obj
 0001:000196f0       _IsNonwritableInCurrentImage$filt$0 000000018001a6f0 f   MSVCRT:pesect.obj
 0001:00019710       _onexit$fin$0              000000018001a710 f   MSVCRT:atonexit.obj
 0002:00000468       pcinit                     000000018001b468     MSVCRT:crtdll.obj
 0002:00000470       pinit                      000000018001b470     MSVCRT:atonexit.obj
 0002:00000b18       GS_ExceptionPointers       000000018001bb18     MSVCRT:gs_report.obj
 0002:00000be0       $unwind$load_SingleCylinderTest_optimization_info 000000018001bbe0     SingleCylinderTest_sfun.obj
 0002:00000be8       $unwind$unload_SingleCylinderTest_optimization_info 000000018001bbe8     SingleCylinderTest_sfun.obj
 0002:00000bf0       $unwind$sf_SingleCylinderTest_method_dispatcher 000000018001bbf0     SingleCylinderTest_sfun.obj
 0002:00000bf8       $unwind$sf_SingleCylinderTest_process_check_sum_call 000000018001bbf8     SingleCylinderTest_sfun.obj
 0002:00000c08       $unwind$sf_SingleCylinderTest_autoinheritance_info 000000018001bc08     SingleCylinderTest_sfun.obj
 0002:00000c18       $unwind$sf_SingleCylinderTest_get_eml_resolved_functions_info 000000018001bc18     SingleCylinderTest_sfun.obj
 0002:00000c28       $unwind$sf_SingleCylinderTest_third_party_uses_info 000000018001bc28     SingleCylinderTest_sfun.obj
 0002:00000c38       $unwind$sf_SingleCylinderTest_updateBuildInfo_args_info 000000018001bc38     SingleCylinderTest_sfun.obj
 0002:00000c48       $unwind$SingleCylinderTest_debug_initialize 000000018001bc48     SingleCylinderTest_sfun.obj
 0002:00000c50       $unwind$sf_c1_SingleCylinderTest_get_eml_resolved_functions_info 000000018001bc50     c1_SingleCylinderTest.obj
 0002:00000c58       $unwind$sf_c1_SingleCylinderTest_get_check_sum 000000018001bc58     c1_SingleCylinderTest.obj
 0002:00000c60       $unwind$c1_SingleCylinderTest_method_dispatcher 000000018001bc60     c1_SingleCylinderTest.obj
 0002:00000c68       $unwind$initialize_c1_SingleCylinderTest 000000018001bc68     c1_SingleCylinderTest.obj
 0002:00000c70       $unwind$enable_c1_SingleCylinderTest 000000018001bc70     c1_SingleCylinderTest.obj
 0002:00000c78       $unwind$disable_c1_SingleCylinderTest 000000018001bc78     c1_SingleCylinderTest.obj
 0002:00000c80       $unwind$get_sim_state_c1_SingleCylinderTest 000000018001bc80     c1_SingleCylinderTest.obj
 0002:00000c88       $unwind$set_sim_state_c1_SingleCylinderTest 000000018001bc88     c1_SingleCylinderTest.obj
 0002:00000c90       $unwind$sf_gateway_c1_SingleCylinderTest 000000018001bc90     c1_SingleCylinderTest.obj
 0002:00000c98       $unwind$c1_chartstep_c1_SingleCylinderTest 000000018001bc98     c1_SingleCylinderTest.obj
 0002:00000ca8       $unwind$c1_sf_marshallOut  000000018001bca8     c1_SingleCylinderTest.obj
 0002:00000cb0       $unwind$c1_emlrt_marshallIn 000000018001bcb0     c1_SingleCylinderTest.obj
 0002:00000cb8       $unwind$c1_b_emlrt_marshallIn 000000018001bcb8     c1_SingleCylinderTest.obj
 0002:00000cc0       $unwind$c1_sf_marshallIn   000000018001bcc0     c1_SingleCylinderTest.obj
 0002:00000cc8       $unwind$c1_b_sf_marshallOut 000000018001bcc8     c1_SingleCylinderTest.obj
 0002:00000cd8       $unwind$c1_c_emlrt_marshallIn 000000018001bcd8     c1_SingleCylinderTest.obj
 0002:00000ce8       $unwind$c1_b_sf_marshallIn 000000018001bce8     c1_SingleCylinderTest.obj
 0002:00000cf8       $unwind$c1_info_helper     000000018001bcf8     c1_SingleCylinderTest.obj
 0002:00000d00       $unwind$c1_emlrt_marshallOut 000000018001bd00     c1_SingleCylinderTest.obj
 0002:00000d08       $unwind$c1_b_emlrt_marshallOut 000000018001bd08     c1_SingleCylinderTest.obj
 0002:00000d10       $unwind$c1_e_emlrt_marshallIn 000000018001bd10     c1_SingleCylinderTest.obj
 0002:00000d18       $unwind$c1_f_emlrt_marshallIn 000000018001bd18     c1_SingleCylinderTest.obj
 0002:00000d20       $unwind$sf_c1_SingleCylinderTest_get_autoinheritance_info 000000018001bd20     c1_SingleCylinderTest.obj
[...]
 0004:000002c4       $pdata$finalize_c3_SingleCylinderTest 00000001800242c4     c3_SingleCylinderTest.obj
 0004:000002d0       $pdata$sf_gateway_c3_SingleCylinderTest 00000001800242d0     c3_SingleCylinderTest.obj
 0004:000002dc       $pdata$c3_sf_marshallOut   00000001800242dc     c3_SingleCylinderTest.obj
 0004:000002e8       $pdata$c3_emlrt_marshallIn 00000001800242e8     c3_SingleCylinderTest.obj
 0004:000002f4       $pdata$c3_b_emlrt_marshallIn 00000001800242f4     c3_SingleCylinderTest.obj
 0004:00000300       $pdata$c3_sf_marshallIn    0000000180024300     c3_SingleCylinderTest.obj
 0004:0000030c       $pdata$c3_b_sf_marshallOut 000000018002430c     c3_SingleCylinderTest.obj
 0004:00000318       $pdata$c3_c_emlrt_marshallIn 0000000180024318     c3_SingleCylinderTest.obj
 0004:00000324       $pdata$c3_b_sf_marshallIn  0000000180024324     c3_SingleCylinderTest.obj
 0004:00000330       $pdata$c3_e_emlrt_marshallIn 0000000180024330     c3_SingleCylinderTest.obj
 0004:0000033c       $pdata$c3_f_emlrt_marshallIn 000000018002433c     c3_SingleCylinderTest.obj
 0004:00000348       $pdata$c3_g_emlrt_marshallIn 0000000180024348     c3_SingleCylinderTest.obj
 0004:00000354       $pdata$c3_h_emlrt_marshallIn 0000000180024354     c3_SingleCylinderTest.obj
 0004:00000360       $pdata$c3_updateDataWrittenToVector 0000000180024360     c3_SingleCylinderTest.obj
 0004:0000036c       $pdata$sf_c3_SingleCylinderTest_get_autoinheritance_info 000000018002436c     c3_SingleCylinderTest.obj
 0004:00000378       $pdata$sf_c3_SingleCylinderTest_third_party_uses_info 0000000180024378     c3_SingleCylinderTest.obj
 0004:00000384       $pdata$sf_c3_SingleCylinderTest_updateBuildInfo_args_info 0000000180024384     c3_SingleCylinderTest.obj
 0004:00000390       $pdata$sf_get_sim_state_info_c3_SingleCylinderTest 0000000180024390     c3_SingleCylinderTest.obj
 0004:0000039c       $pdata$chart_debug_initialization 000000018002439c     c3_SingleCylinderTest.obj
 0004:000003a8       $pdata$sf_opaque_initialize_c3_SingleCylinderTest 00000001800243a8     c3_SingleCylinderTest.obj
 0004:000003b4       $pdata$sf_opaque_enable_c3_SingleCylinderTest 00000001800243b4     c3_SingleCylinderTest.obj
 0004:000003c0       $pdata$sf_opaque_disable_c3_SingleCylinderTest 00000001800243c0     c3_SingleCylinderTest.obj
 0004:000003cc       $pdata$sf_opaque_gateway_c3_SingleCylinderTest 00000001800243cc     c3_SingleCylinderTest.obj
 0004:000003d8       $pdata$sf_internal_get_sim_state_c3_SingleCylinderTest 00000001800243d8     c3_SingleCylinderTest.obj
 0004:000003e4       $pdata$sf_internal_set_sim_state_c3_SingleCylinderTest 00000001800243e4     c3_SingleCylinderTest.obj
 0004:000003f0       $pdata$sf_opaque_get_sim_state_c3_SingleCylinderTest 00000001800243f0     c3_SingleCylinderTest.obj
 0004:000003fc       $pdata$sf_opaque_set_sim_state_c3_SingleCylinderTest 00000001800243fc     c3_SingleCylinderTest.obj
 0004:00000408       $pdata$sf_opaque_terminate_c3_SingleCylinderTest 0000000180024408     c3_SingleCylinderTest.obj
 0004:00000414       $pdata$sf_opaque_init_subchart_simstructs 0000000180024414     c3_SingleCylinderTest.obj
 0004:00000420       $pdata$mdlProcessParameters_c3_SingleCylinderTest 0000000180024420     c3_SingleCylinderTest.obj
 0004:0000042c       $pdata$mdlSetWorkWidths_c3_SingleCylinderTest 000000018002442c     c3_SingleCylinderTest.obj
 0004:00000438       $pdata$mdlRTW_c3_SingleCylinderTest 0000000180024438     c3_SingleCylinderTest.obj
 0004:00000444       $pdata$mdlStart_c3_SingleCylinderTest 0000000180024444     c3_SingleCylinderTest.obj
 0004:00000450       $pdata$sf_c4_SingleCylinderTest_get_eml_resolved_functions_info 0000000180024450     c4_SingleCylinderTest.obj
 0004:0000045c       $pdata$sf_c4_SingleCylinderTest_get_check_sum 000000018002445c     c4_SingleCylinderTest.obj
 0004:00000468       $pdata$c4_SingleCylinderTest_method_dispatcher 0000000180024468     c4_SingleCylinderTest.obj
 0004:00000474       $pdata$initialize_c4_SingleCylinderTest 0000000180024474     c4_SingleCylinderTest.obj
 0004:00000480       $pdata$enable_c4_SingleCylinderTest 0000000180024480     c4_SingleCylinderTest.obj
 0004:0000048c       $pdata$disable_c4_SingleCylinderTest 000000018002448c     c4_SingleCylinderTest.obj
 0004:00000498       $pdata$get_sim_state_c4_SingleCylinderTest 0000000180024498     c4_SingleCylinderTest.obj
 0004:000004a4       $pdata$set_sim_state_c4_SingleCylinderTest 00000001800244a4     c4_SingleCylinderTest.obj
 0004:000004b0       $pdata$sf_gateway_c4_SingleCylinderTest 00000001800244b0     c4_SingleCylinderTest.obj
 0004:000004bc       $pdata$c4_sf_marshallOut   00000001800244bc     c4_SingleCylinderTest.obj
 0004:000004c8       $pdata$c4_emlrt_marshallIn 00000001800244c8     c4_SingleCylinderTest.obj
 0004:000004d4       $pdata$c4_b_emlrt_marshallIn 00000001800244d4     c4_SingleCylinderTest.obj
 0004:000004e0       $pdata$c4_sf_marshallIn    00000001800244e0     c4_SingleCylinderTest.obj
 0004:000004ec       $pdata$c4_d_emlrt_marshallIn 00000001800244ec     c4_SingleCylinderTest.obj
 0004:000004f8       $pdata$c4_e_emlrt_marshallIn 00000001800244f8     c4_SingleCylinderTest.obj
 0004:00000504       $pdata$sf_c4_SingleCylinderTest_get_autoinheritance_info 0000000180024504     c4_SingleCylinderTest.obj
 0004:00000510       $pdata$sf_c4_SingleCylinderTest_third_party_uses_info 0000000180024510     c4_SingleCylinderTest.obj
 0004:0000051c       $pdata$sf_c4_SingleCylinderTest_updateBuildInfo_args_info 000000018002451c     c4_SingleCylinderTest.obj
 0004:00000528       $pdata$sf_get_sim_state_info_c4_SingleCylinderTest 0000000180024528     c4_SingleCylinderTest.obj
 0004:00000534       $pdata$chart_debug_initialization 0000000180024534     c4_SingleCylinderTest.obj
 0004:00000540       $pdata$sf_opaque_initialize_c4_SingleCylinderTest 0000000180024540     c4_SingleCylinderTest.obj
 0004:0000054c       $pdata$sf_opaque_enable_c4_SingleCylinderTest 000000018002454c     c4_SingleCylinderTest.obj
 0004:00000558       $pdata$sf_opaque_disable_c4_SingleCylinderTest 0000000180024558     c4_SingleCylinderTest.obj
 0004:00000564       $pdata$sf_opaque_gateway_c4_SingleCylinderTest 0000000180024564     c4_SingleCylinderTest.obj
 0004:00000570       $pdata$sf_internal_get_sim_state_c4_SingleCylinderTest 0000000180024570     c4_SingleCylinderTest.obj
 0004:0000057c       $pdata$sf_internal_set_sim_state_c4_SingleCylinderTest 000000018002457c     c4_SingleCylinderTest.obj
 0004:00000588       $pdata$sf_opaque_get_sim_state_c4_SingleCylinderTest 0000000180024588     c4_SingleCylinderTest.obj
 0004:00000594       $pdata$sf_opaque_set_sim_state_c4_SingleCylinderTest 0000000180024594     c4_SingleCylinderTest.obj
 0004:000005a0       $pdata$sf_opaque_terminate_c4_SingleCylinderTest 00000001800245a0     c4_SingleCylinderTest.obj
 0004:000005ac       $pdata$sf_opaque_init_subchart_simstructs 00000001800245ac     c4_SingleCylinderTest.obj
 0004:000005b8       $pdata$mdlProcessParameters_c4_SingleCylinderTest 00000001800245b8     c4_SingleCylinderTest.obj
 0004:000005c4       $pdata$mdlSetWorkWidths_c4_SingleCylinderTest 00000001800245c4     c4_SingleCylinderTest.obj
 0004:000005d0       $pdata$mdlRTW_c4_SingleCylinderTest 00000001800245d0     c4_SingleCylinderTest.obj
 0004:000005dc       $pdata$mdlStart_c4_SingleCylinderTest 00000001800245dc     c4_SingleCylinderTest.obj
 0004:000005e8       $pdata$mexFunction         00000001800245e8     SingleCylinderTest_sfun_registry.obj
 0004:000005f4       $pdata$_ssSetInputPortDirectFeedThroughFcn 00000001800245f4     SingleCylinderTest_sfun_registry.obj
 0004:00000600       $pdata$_ssGetInputPortSignalPtrsFcn 0000000180024600     SingleCylinderTest_sfun_registry.obj
 0004:0000060c       $pdata$_ssGetInputPortSignalFcn 000000018002460c     SingleCylinderTest_sfun_registry.obj
 0004:00000618       $pdata$_ssSetInputPortReusableFcn 0000000180024618     SingleCylinderTest_sfun_registry.obj
 0004:00000624       $pdata$_ssSetOutputPortReusableFcn 0000000180024624     SingleCylinderTest_sfun_registry.obj
 0004:00000630       $pdata$ssGetIsZeroCrossControlDisabled 0000000180024630     SingleCylinderTest_sfun_registry.obj
 0004:0000063c       $pdata$ssSetIsInputPortUsedForContZcSignal 000000018002463c     SingleCylinderTest_sfun_registry.obj
 0004:00000648       $pdata$ssSetZcSignalIsZcElementDisc 0000000180024648     SingleCylinderTest_sfun_registry.obj
 0004:00000654       $pdata$ssSetZcSignalName   0000000180024654     SingleCylinderTest_sfun_registry.obj
 0004:00000660       $pdata$ssSetZcSignalWidth  0000000180024660     SingleCylinderTest_sfun_registry.obj
 0004:0000066c       $pdata$ssSetZcSignalZcEventType 000000018002466c     SingleCylinderTest_sfun_registry.obj
 0004:00000678       $pdata$ssSetZcSignalType   0000000180024678     SingleCylinderTest_sfun_registry.obj
 0004:00000684       $pdata$ssSetZcSignalZcTol  0000000180024684     SingleCylinderTest_sfun_registry.obj
 0004:00000690       $pdata$ssSetZcSignalNeedsEventNotification 0000000180024690     SingleCylinderTest_sfun_registry.obj
 0004:0000069c       $pdata$ssCreateAndAddZcSignalInfo 000000018002469c     SingleCylinderTest_sfun_registry.obj
 0004:000006a8       $pdata$ssCloneAndAddZcSignalInfo 00000001800246a8     SingleCylinderTest_sfun_registry.obj
 0004:000006b4       $pdata$ssGetNumZcSignals   00000001800246b4     SingleCylinderTest_sfun_registry.obj
 0004:000006c0       $pdata$ssGetZcSignalVector 00000001800246c0     SingleCylinderTest_sfun_registry.obj
 0004:000006cc       $pdata$ssGetZcSignalName   00000001800246cc     SingleCylinderTest_sfun_registry.obj
 0004:000006d8       $pdata$ssGetZcSignalWidth  00000001800246d8     SingleCylinderTest_sfun_registry.obj
 0004:000006e4       $pdata$ssGetZcSignalZcEventType 00000001800246e4     SingleCylinderTest_sfun_registry.obj
 0004:000006f0       $pdata$ssGetZcSignalZcEvents 00000001800246f0     SingleCylinderTest_sfun_registry.obj
 0004:000006fc       $pdata$ssGetZcSignalType   00000001800246fc     SingleCylinderTest_sfun_registry.obj
 0004:00000708       $pdata$ssGetZcSignalZcTol  0000000180024708     SingleCylinderTest_sfun_registry.obj
 0004:00000714       $pdata$ssGetZcSignalNeedsEventNotification 0000000180024714     SingleCylinderTest_sfun_registry.obj
 0004:00000720       $pdata$ssGetZcSignalIsZcElementDisc 0000000180024720     SingleCylinderTest_sfun_registry.obj
 0004:0000072c       $pdata$ssGetIsInputPortElementContinuous 000000018002472c     SingleCylinderTest_sfun_registry.obj
 0004:00000738       $pdata$ssGetDTypeIdFromMxArray 0000000180024738     SingleCylinderTest_sfun_registry.obj
 0004:00000744       $pdata$ssWriteRTWStr       0000000180024744     SingleCylinderTest_sfun_registry.obj
 0004:00000750       $pdata$ssWriteRTWNameValuePair 0000000180024750     SingleCylinderTest_sfun_registry.obj
 0004:0000075c       $pdata$ssWriteRTWParamSettings 000000018002475c     SingleCylinderTest_sfun_registry.obj
 0004:00000768       $pdata$ssWriteRTWParameters 0000000180024768     SingleCylinderTest_sfun_registry.obj
 0004:00000774       $pdata$ssWriteRTWWorkVect  0000000180024774     SingleCylinderTest_sfun_registry.obj
 0004:00000780       $pdata$ssWriteRTWMxVectParam 0000000180024780     SingleCylinderTest_sfun_registry.obj
 0004:0000078c       $pdata$ssWriteRTWMx2dMatParam 000000018002478c     SingleCylinderTest_sfun_registry.obj
 0004:00000798       $pdata$_ssSetInputPortMatrixDimensions 0000000180024798     SingleCylinderTest_sfun_registry.obj
 0004:000007a4       $pdata$_ssSetOutputPortMatrixDimensions 00000001800247a4     SingleCylinderTest_sfun_registry.obj
 0004:000007b0       $pdata$_ssSetInputPortVectorDimension 00000001800247b0     SingleCylinderTest_sfun_registry.obj
 0004:000007bc       $pdata$_ssSetOutputPortVectorDimension 00000001800247bc     SingleCylinderTest_sfun_registry.obj
 0004:000007c8       $pdata$ssIsRunTimeParamTunable 00000001800247c8     SingleCylinderTest_sfun_registry.obj
 0004:000007d4       $pdata$ssGetSFuncBlockHandle 00000001800247d4     SingleCylinderTest_sfun_registry.obj
 0004:000007e0       $pdata$_ssGetCurrentInputPortWidth 00000001800247e0     SingleCylinderTest_sfun_registry.obj
 0004:000007ec       $pdata$_ssGetCurrentOutputPortWidth 00000001800247ec     SingleCylinderTest_sfun_registry.obj
 0004:000007f8       $pdata$_ssGetCallSystemNumFcnCallDestinations 00000001800247f8     SingleCylinderTest_sfun_registry.obj
 0004:00000804       $pdata$ssWarning           0000000180024804     SingleCylinderTest_sfun_registry.obj
 0004:00000810       $pdata$_ssGetAbsTol        0000000180024810     SingleCylinderTest_sfun_registry.obj
 0004:0000081c       $pdata$sf_process_check_sum_call 000000018002481c     SingleCylinderTest_sfun_registry.obj
 0004:00000828       $pdata$sf_process_autoinheritance_call 0000000180024828     SingleCylinderTest_sfun_registry.obj
 0004:00000834       $pdata$sf_process_get_third_party_uses_info_call 0000000180024834     SingleCylinderTest_sfun_registry.obj
 0004:00000840       $pdata$sf_process_get_updateBuildInfo_args_info_call 0000000180024840     SingleCylinderTest_sfun_registry.obj
 0004:0000084c       $pdata$sf_process_get_eml_resolved_functions_info_call 000000018002484c     SingleCylinderTest_sfun_registry.obj
 0004:00000858       $pdata$sf_mex_unlock_call  0000000180024858     SingleCylinderTest_sfun_registry.obj
 0004:00000864       $pdata$sf_debug_api_wrapper 0000000180024864     SingleCylinderTest_sfun_registry.obj
 0004:00000870       $pdata$ProcessMexSfunctionCmdLineCall 0000000180024870     SingleCylinderTest_sfun_registry.obj
 0004:0000087c       $pdata$sf_machine_global_initializer_called 000000018002487c     SingleCylinderTest_sfun_registry.obj
 0004:00000888       $pdata$sf_machine_global_method_dispatcher 0000000180024888     SingleCylinderTest_sfun_registry.obj
 0004:00000894       $pdata$sf_machine_global_terminator 0000000180024894     SingleCylinderTest_sfun_registry.obj
 0004:000008a0       $pdata$sf_register_machine_exported_symbols 00000001800248a0     SingleCylinderTest_sfun_registry.obj
 0004:000008ac       $pdata$sf_machine_global_initializer 00000001800248ac     SingleCylinderTest_sfun_registry.obj
 0004:000008b8       $pdata$getChartInfoFromSimStruct 00000001800248b8     SingleCylinderTest_sfun_registry.obj
 0004:000008c4       $pdata$mdlGetSimState      00000001800248c4     SingleCylinderTest_sfun_registry.obj
 0004:000008d0       $pdata$mdlSetSimState      00000001800248d0     SingleCylinderTest_sfun_registry.obj
 0004:000008dc       $pdata$mdlSetWorkWidths    00000001800248dc     SingleCylinderTest_sfun_registry.obj
 0004:000008e8       $pdata$mdlProcessParameters 00000001800248e8     SingleCylinderTest_sfun_registry.obj
 0004:000008f4       $pdata$mdl_start_processing 00000001800248f4     SingleCylinderTest_sfun_registry.obj
 0004:00000900       $pdata$mdl_terminate_processing 0000000180024900     SingleCylinderTest_sfun_registry.obj
 0004:0000090c       $pdata$mdlStart            000000018002490c     SingleCylinderTest_sfun_registry.obj
 0004:00000918       $pdata$mdlTerminate        0000000180024918     SingleCylinderTest_sfun_registry.obj
 0004:00000924       $pdata$mdlInitializeSizes  0000000180024924     SingleCylinderTest_sfun_registry.obj
 0004:00000930       $pdata$mdlInitializeSampleTimes 0000000180024930     SingleCylinderTest_sfun_registry.obj
 0004:0000093c       $pdata$mdl_outputs_continuous_legacy 000000018002493c     SingleCylinderTest_sfun_registry.obj
 0004:00000948       $pdata$mdl_outputs_processing 0000000180024948     SingleCylinderTest_sfun_registry.obj
 0004:00000954       $pdata$mdl_zeroCrossings_processing 0000000180024954     SingleCylinderTest_sfun_registry.obj
 0004:00000960       $pdata$mdlZeroCrossings    0000000180024960     SingleCylinderTest_sfun_registry.obj
 0004:0000096c       $pdata$mdl_derivatives_processing 000000018002496c     SingleCylinderTest_sfun_registry.obj
 0004:00000978       $pdata$mdlDerivatives      0000000180024978     SingleCylinderTest_sfun_registry.obj
 0004:00000984       $pdata$mdl_initialize_conditions_processing 0000000180024984     SingleCylinderTest_sfun_registry.obj
 0004:00000990       $pdata$mdlInitializeConditions 0000000180024990     SingleCylinderTest_sfun_registry.obj
 0004:0000099c       $pdata$mdl_ext_mode_exec_processing 000000018002499c     SingleCylinderTest_sfun_registry.obj
 0004:000009a8       $pdata$mdlExtModeExec      00000001800249a8     SingleCylinderTest_sfun_registry.obj
 0004:000009b4       $pdata$mdlRTW              00000001800249b4     SingleCylinderTest_sfun_registry.obj
 0004:000009c0       $pdata$mdl_enable_processing 00000001800249c0     SingleCylinderTest_sfun_registry.obj
 0004:000009cc       $pdata$mdlEnable           00000001800249cc     SingleCylinderTest_sfun_registry.obj
 0004:000009d8       $pdata$mdl_disable_processing 00000001800249d8     SingleCylinderTest_sfun_registry.obj
 0004:000009e4       $pdata$mdlDisable          00000001800249e4     SingleCylinderTest_sfun_registry.obj
 0004:000009f0       $pdata$mdlOutputs          00000001800249f0     SingleCylinderTest_sfun_registry.obj
 0004:000009fc       $pdata$ProcessMexSfunctionEveryCall 00000001800249fc     SingleCylinderTest_sfun_registry.obj
 0004:00000a08       $pdata$_RegNumInputPortsCB 0000000180024a08     SingleCylinderTest_sfun_registry.obj
 0004:00000a14       $pdata$_RegNumOutputPortsCB 0000000180024a14     SingleCylinderTest_sfun_registry.obj
 0004:00000a20       $pdata$_CreateSimStruct    0000000180024a20     SingleCylinderTest_sfun_registry.obj
 0004:00000a2c       $pdata$_ssFatalError       0000000180024a2c     SingleCylinderTest_sfun_registry.obj
 0004:00000a38       $pdata$_ProcessMexSfunctionCmdLineCall 0000000180024a38     SingleCylinderTest_sfun_registry.obj
 0004:00000a44       $pdata$__raise_securityfailure 0000000180024a44     MSVCRT:gs_report.obj
 0004:00000a50       $pdata$__report_gsfailure  0000000180024a50     MSVCRT:gs_report.obj
 0004:00000a5c       $pdata$__report_rangecheckfailure 0000000180024a5c     MSVCRT:gs_report.obj
 0004:00000a68       $pdata$__report_securityfailure 0000000180024a68     MSVCRT:gs_report.obj
 0004:00000a74       $pdata$__report_securityfailureEx 0000000180024a74     MSVCRT:gs_report.obj
 0004:00000a80       $pdata$__GSHandlerCheck    0000000180024a80     MSVCRT:gshandler.obj
 0004:00000a8c       $pdata$__GSHandlerCheckCommon 0000000180024a8c     MSVCRT:gshandler.obj
 0004:00000aa4       $pdata$pre_c_init          0000000180024aa4     MSVCRT:crtdll.obj
 0004:00000ab0       $pdata$_CRT_INIT           0000000180024ab0     MSVCRT:crtdll.obj
 0004:00000abc       $pdata$_DllMainCRTStartup  0000000180024abc     MSVCRT:crtdll.obj
 0004:00000ac8       $pdata$__DllMainCRTStartup 0000000180024ac8     MSVCRT:crtdll.obj
 0004:00000ad4       $pdata$_IsNonwritableInCurrentImage 0000000180024ad4     MSVCRT:pesect.obj
 0004:00000ae0       $pdata$__atonexitinit      0000000180024ae0     MSVCRT:atonexit.obj
 0004:00000aec       $pdata$_onexit             0000000180024aec     MSVCRT:atonexit.obj
 0004:00000af8       $pdata$atexit              0000000180024af8     MSVCRT:atonexit.obj
 0004:00000b04       $pdata$__security_init_cookie 0000000180024b04     MSVCRT:gs_support.obj
 0004:00000b10       $pdata$DllMain             0000000180024b10     MSVCRT:dllmain.obj
 0004:00000b1c       $pdata$_RTC_Initialize     0000000180024b1c     MSVCRT:initsect.obj
 0004:00000b28       $pdata$_RTC_Terminate      0000000180024b28     MSVCRT:initsect.obj
 0004:00000b34       $pdata$__DllMainCRTStartup$filt$0 0000000180024b34     MSVCRT:crtdll.obj
 0004:00000b40       $pdata$__DllMainCRTStartup$fin$1 0000000180024b40     MSVCRT:crtdll.obj
 0004:00000b4c       $pdata$_IsNonwritableInCurrentImage$filt$0 0000000180024b4c     MSVCRT:pesect.obj
 0004:00000b58       $pdata$_onexit$fin$0       0000000180024b58     MSVCRT:atonexit.obj
