 Simulation_sfun

 Timestamp is 5539be15 (Thu Apr 23 22:52:53 2015)

 Preferred load address is 0000000180000000

 Start         Length     Name                   Class
 0001:00000000 0001b38eH .text                   CODE
 0001:0001b390 0000007bH .text$x                 CODE
 0002:00000000 00000450H .idata$5                DATA
 0002:00000450 00000008H .CRT$XCA                DATA
 0002:00000458 00000008H .CRT$XCZ                DATA
 0002:00000460 00000008H .CRT$XIA                DATA
 0002:00000468 00000008H .CRT$XIAA               DATA
 0002:00000470 00000008H .CRT$XIC                DATA
 0002:00000478 00000008H .CRT$XIZ                DATA
 0002:00000480 00000740H .rdata                  DATA
 0002:00000bc0 00000008H .rtc$IAA                DATA
 0002:00000bc8 00000008H .rtc$IZZ                DATA
 0002:00000bd0 00000008H .rtc$TAA                DATA
 0002:00000bd8 00000008H .rtc$TZZ                DATA
 0002:00000be0 000008f4H .xdata                  DATA
 0002:000014d4 00000078H .idata$2                DATA
 0002:0000154c 00000014H .idata$3                DATA
 0002:00001560 00000450H .idata$4                DATA
 0002:000019b0 00000c40H .idata$6                DATA
 0002:000025f0 00000055H .edata                  DATA
 0003:00000000 00006638H .data                   DATA
 0003:00006640 000006c8H .bss                    DATA
 0004:00000000 00000b58H .pdata                  DATA

  Address         Publics by Value              Rva+Base               Lib:Object

 0000:00000000       ___safe_se_handler_count   0000000000000000     <absolute>
 0000:00000000       ___safe_se_handler_table   0000000000000000     <absolute>
 0000:00000000       __ImageBase                0000000180000000     <linker-defined>
 0001:00000000       Simulation_initializer     0000000180001000 f   Simulation_sfun.obj
 0001:00000010       Simulation_terminator      0000000180001010 f   Simulation_sfun.obj
 0001:00000020       load_Simulation_optimization_info 0000000180001020 f   Simulation_sfun.obj
 0001:00000070       unload_Simulation_optimization_info 0000000180001070 f   Simulation_sfun.obj
 0001:000000a0       sf_Simulation_method_dispatcher 00000001800010a0 f   Simulation_sfun.obj
 0001:00000130       sf_Simulation_process_check_sum_call 0000000180001130 f   Simulation_sfun.obj
 0001:000007e0       sf_Simulation_autoinheritance_info 00000001800017e0 f   Simulation_sfun.obj
 0001:00000a90       sf_Simulation_get_eml_resolved_functions_info 0000000180001a90 f   Simulation_sfun.obj
 0001:00000c90       sf_Simulation_third_party_uses_info 0000000180001c90 f   Simulation_sfun.obj
 0001:00000ed0       sf_Simulation_updateBuildInfo_args_info 0000000180001ed0 f   Simulation_sfun.obj
 0001:00001110       Simulation_debug_initialize 0000000180002110 f   Simulation_sfun.obj
 0001:00001190       Simulation_register_exported_symbols 0000000180002190 f   Simulation_sfun.obj
 0001:000011a0       sf_c1_Simulation_get_eml_resolved_functions_info 00000001800021a0 f   c1_Simulation.obj
 0001:00001210       sf_c1_Simulation_get_check_sum 0000000180002210 f   c1_Simulation.obj
 0001:000012e0       c1_Simulation_method_dispatcher 00000001800022e0 f   c1_Simulation.obj
 0001:000094b0       sf_c1_Simulation_get_autoinheritance_info 000000018000a4b0 f   c1_Simulation.obj
 0001:00009a10       sf_c1_Simulation_third_party_uses_info 000000018000aa10 f   c1_Simulation.obj
 0001:00009a40       sf_c1_Simulation_updateBuildInfo_args_info 000000018000aa40 f   c1_Simulation.obj
 0001:0000a570       sf_internal_get_sim_state_c1_Simulation 000000018000b570 f   c1_Simulation.obj
 0001:0000a6d0       sf_internal_set_sim_state_c1_Simulation 000000018000b6d0 f   c1_Simulation.obj
 0001:0000b1a0       sf_c3_Simulation_get_eml_resolved_functions_info 000000018000c1a0 f   c3_Simulation.obj
 0001:0000b220       sf_c3_Simulation_get_check_sum 000000018000c220 f   c3_Simulation.obj
 0001:0000b2f0       c3_Simulation_method_dispatcher 000000018000c2f0 f   c3_Simulation.obj
 0001:0000e820       sf_c3_Simulation_get_autoinheritance_info 000000018000f820 f   c3_Simulation.obj
 0001:0000f030       sf_c3_Simulation_third_party_uses_info 0000000180010030 f   c3_Simulation.obj
 0001:0000f060       sf_c3_Simulation_updateBuildInfo_args_info 0000000180010060 f   c3_Simulation.obj
 0001:000105c0       sf_internal_get_sim_state_c3_Simulation 00000001800115c0 f   c3_Simulation.obj
 0001:00010720       sf_internal_set_sim_state_c3_Simulation 0000000180011720 f   c3_Simulation.obj
 0001:000112a0       sf_c4_Simulation_get_eml_resolved_functions_info 00000001800122a0 f   c4_Simulation.obj
 0001:00011320       sf_c4_Simulation_get_check_sum 0000000180012320 f   c4_Simulation.obj
 0001:000113f0       c4_Simulation_method_dispatcher 00000001800123f0 f   c4_Simulation.obj
 0001:000123e0       sf_c4_Simulation_get_autoinheritance_info 00000001800133e0 f   c4_Simulation.obj
 0001:00012800       sf_c4_Simulation_third_party_uses_info 0000000180013800 f   c4_Simulation.obj
 0001:00012830       sf_c4_Simulation_updateBuildInfo_args_info 0000000180013830 f   c4_Simulation.obj
 0001:00013200       sf_internal_get_sim_state_c4_Simulation 0000000180014200 f   c4_Simulation.obj
 0001:00013360       sf_internal_set_sim_state_c4_Simulation 0000000180014360 f   c4_Simulation.obj
 0001:00013e30       mexFunction                0000000180014e30 f   Simulation_sfun_registry.obj
 0001:00014fd0       _ssSetInputPortDirectFeedThroughFcn 0000000180015fd0 f   Simulation_sfun_registry.obj
 0001:00015130       _ssGetInputPortSignalPtrsFcn 0000000180016130 f   Simulation_sfun_registry.obj
 0001:00015350       _ssGetInputPortSignalFcn   0000000180016350 f   Simulation_sfun_registry.obj
 0001:00015570       _ssSetInputPortReusableFcn 0000000180016570 f   Simulation_sfun_registry.obj
 0001:00015650       _ssSetOutputPortReusableFcn 0000000180016650 f   Simulation_sfun_registry.obj
 0001:00015730       ssGetIsZeroCrossControlDisabled 0000000180016730 f   Simulation_sfun_registry.obj
 0001:000157a0       ssSetIsInputPortUsedForContZcSignal 00000001800167a0 f   Simulation_sfun_registry.obj
 0001:00015810       ssSetZcSignalIsZcElementDisc 0000000180016810 f   Simulation_sfun_registry.obj
 0001:000158c0       ssSetZcSignalName          00000001800168c0 f   Simulation_sfun_registry.obj
 0001:00015930       ssSetZcSignalWidth         0000000180016930 f   Simulation_sfun_registry.obj
 0001:000159a0       ssSetZcSignalZcEventType   00000001800169a0 f   Simulation_sfun_registry.obj
 0001:00015a10       ssSetZcSignalType          0000000180016a10 f   Simulation_sfun_registry.obj
 0001:00015a80       ssSetZcSignalZcTol         0000000180016a80 f   Simulation_sfun_registry.obj
 0001:00015af0       ssSetZcSignalNeedsEventNotification 0000000180016af0 f   Simulation_sfun_registry.obj
 0001:00015b60       ssCreateAndAddZcSignalInfo 0000000180016b60 f   Simulation_sfun_registry.obj
 0001:00015bd0       ssCloneAndAddZcSignalInfo  0000000180016bd0 f   Simulation_sfun_registry.obj
 0001:00015c40       ssGetNumZcSignals          0000000180016c40 f   Simulation_sfun_registry.obj
 0001:00015cb0       ssGetZcSignalVector        0000000180016cb0 f   Simulation_sfun_registry.obj
 0001:00015d20       ssGetZcSignalName          0000000180016d20 f   Simulation_sfun_registry.obj
 0001:00015d90       ssGetZcSignalWidth         0000000180016d90 f   Simulation_sfun_registry.obj
 0001:00015e00       ssGetZcSignalZcEventType   0000000180016e00 f   Simulation_sfun_registry.obj
 0001:00015e70       ssGetZcSignalZcEvents      0000000180016e70 f   Simulation_sfun_registry.obj
 0001:00015ee0       ssGetZcSignalType          0000000180016ee0 f   Simulation_sfun_registry.obj
 0001:00015f50       ssGetZcSignalZcTol         0000000180016f50 f   Simulation_sfun_registry.obj
 0001:00015fd0       ssGetZcSignalNeedsEventNotification 0000000180016fd0 f   Simulation_sfun_registry.obj
 0001:00016040       ssGetZcSignalIsZcElementDisc 0000000180017040 f   Simulation_sfun_registry.obj
 0001:000160e0       ssGetIsInputPortElementContinuous 00000001800170e0 f   Simulation_sfun_registry.obj
 0001:00016180       ssGetDTypeIdFromMxArray    0000000180017180 f   Simulation_sfun_registry.obj
 0001:000162a0       ssWriteRTWStr              00000001800172a0 f   Simulation_sfun_registry.obj
 0001:00016300       ssWriteRTWNameValuePair    0000000180017300 f   Simulation_sfun_registry.obj
 0001:00016800       ssWriteRTWParamSettings    0000000180017800 f   Simulation_sfun_registry.obj
 0001:00016ef0       ssWriteRTWParameters       0000000180017ef0 f   Simulation_sfun_registry.obj
 0001:000174c0       ssWriteRTWWorkVect         00000001800184c0 f   Simulation_sfun_registry.obj
 0001:000179b0       ssWriteRTWMxVectParam      00000001800189b0 f   Simulation_sfun_registry.obj
 0001:00017a30       ssWriteRTWMx2dMatParam     0000000180018a30 f   Simulation_sfun_registry.obj
 0001:00017ac0       _ssSetInputPortMatrixDimensions 0000000180018ac0 f   Simulation_sfun_registry.obj
 0001:00017bc0       _ssSetOutputPortMatrixDimensions 0000000180018bc0 f   Simulation_sfun_registry.obj
 0001:00017cc0       _ssSetInputPortVectorDimension 0000000180018cc0 f   Simulation_sfun_registry.obj
 0001:00017d70       _ssSetOutputPortVectorDimension 0000000180018d70 f   Simulation_sfun_registry.obj
 0001:00017e20       ssIsRunTimeParamTunable    0000000180018e20 f   Simulation_sfun_registry.obj
 0001:00017e90       ssGetSFuncBlockHandle      0000000180018e90 f   Simulation_sfun_registry.obj
 0001:00017f00       _ssGetCurrentInputPortWidth 0000000180018f00 f   Simulation_sfun_registry.obj
 0001:00018020       _ssGetCurrentOutputPortWidth 0000000180019020 f   Simulation_sfun_registry.obj
 0001:00018140       _ssGetCallSystemNumFcnCallDestinations 0000000180019140 f   Simulation_sfun_registry.obj
 0001:000181b0       ssWarning                  00000001800191b0 f   Simulation_sfun_registry.obj
 0001:000182a0       _ssGetAbsTol               00000001800192a0 f   Simulation_sfun_registry.obj
 0001:00018310       _ssSetStateAbsTol          0000000180019310 f   Simulation_sfun_registry.obj
 0001:000183f0       sf_process_check_sum_call  00000001800193f0 f   Simulation_sfun_registry.obj
 0001:00018440       sf_process_autoinheritance_call 0000000180019440 f   Simulation_sfun_registry.obj
 0001:00018670       sf_process_get_third_party_uses_info_call 0000000180019670 f   Simulation_sfun_registry.obj
 0001:000188a0       sf_process_get_updateBuildInfo_args_info_call 00000001800198a0 f   Simulation_sfun_registry.obj
 0001:00018ad0       sf_process_get_eml_resolved_functions_info_call 0000000180019ad0 f   Simulation_sfun_registry.obj
 0001:00018cd0       sf_mex_unlock_call         0000000180019cd0 f   Simulation_sfun_registry.obj
 0001:00018f40       sf_machine_global_initializer_called 0000000180019f40 f   Simulation_sfun_registry.obj
 0001:00018f70       sf_machine_global_method_dispatcher 0000000180019f70 f   Simulation_sfun_registry.obj
 0001:00018fd0       sf_machine_global_terminator 0000000180019fd0 f   Simulation_sfun_registry.obj
 0001:00019020       sf_register_machine_exported_symbols 000000018001a020 f   Simulation_sfun_registry.obj
 0001:00019040       callCustomFcn              000000018001a040 f   Simulation_sfun_registry.obj
 0001:00019050       sf_machine_global_initializer 000000018001a050 f   Simulation_sfun_registry.obj
 0001:00019110       mdlGetSimState             000000018001a110 f   Simulation_sfun_registry.obj
 0001:00019150       mdlSetSimState             000000018001a150 f   Simulation_sfun_registry.obj
 0001:000198f0       ProcessMexSfunctionEveryCall 000000018001a8f0 f   Simulation_sfun_registry.obj
 0001:0001a564       sf_load_rtw_optimization_info 000000018001b564 f   sf_runtime:sf_runtime.dll
 0001:0001a56a       sf_debug_initialize_machine 000000018001b56a f   sf_runtime:sf_runtime.dll
 0001:0001a570       sf_debug_set_machine_event_thresholds 000000018001b570 f   sf_runtime:sf_runtime.dll
 0001:0001a576       sf_debug_set_machine_data_thresholds 000000018001b576 f   sf_runtime:sf_runtime.dll
 0001:0001a57c       sf_rtw_info_uint_prop      000000018001b57c f   sf_runtime:sf_runtime.dll
 0001:0001a582       sf_update_buildInfo        000000018001b582 f   sf_runtime:sf_runtime.dll
 0001:0001a588       sf_is_chart_inlinable      000000018001b588 f   sf_runtime:sf_runtime.dll
 0001:0001a58e       sf_mark_chart_reusable_outputs 000000018001b58e f   sf_runtime:sf_runtime.dll
 0001:0001a594       sf_mark_chart_expressionable_inputs 000000018001b594 f   sf_runtime:sf_runtime.dll
 0001:0001a59a       sim_mode_is_rtw_gen        000000018001b59a f   sf_runtime:sf_runtime.dll
 0001:0001a5a0       sim_mode_is_external       000000018001b5a0 f   sf_runtime:sf_runtime.dll
 0001:0001a5a6       sf_clear_rtw_identifier    000000018001b5a6 f   sf_runtime:sf_runtime.dll
 0001:0001a5ac       sf_set_rtw_dwork_info      000000018001b5ac f   sf_runtime:sf_runtime.dll
 0001:0001a5b2       sf_get_time                000000018001b5b2 f   sf_runtime:sf_runtime.dll
 0001:0001a5b8       sf_mex_call_matlab         000000018001b5b8 f   sf_runtime:sf_runtime.dll
 0001:0001a5be       sf_mex_error_message       000000018001b5be f   sf_runtime:sf_runtime.dll
 0001:0001a5c4       sf_mex_addfield            000000018001b5c4 f   sf_runtime:sf_runtime.dll
 0001:0001a5ca       sf_mex_createstruct        000000018001b5ca f   sf_runtime:sf_runtime.dll
 0001:0001a5d0       sf_mex_create              000000018001b5d0 f   sf_runtime:sf_runtime.dll
 0001:0001a5d6       sf_mex_createcellmatrix    000000018001b5d6 f   sf_runtime:sf_runtime.dll
 0001:0001a5dc       sf_mex_setcell             000000018001b5dc f   sf_runtime:sf_runtime.dll
 0001:0001a5e2       sf_mex_getcell             000000018001b5e2 f   sf_runtime:sf_runtime.dll
 0001:0001a5e8       sf_mex_assign              000000018001b5e8 f   sf_runtime:sf_runtime.dll
 0001:0001a5ee       sf_mex_dup                 000000018001b5ee f   sf_runtime:sf_runtime.dll
 0001:0001a5f4       sf_mex_destroy             000000018001b5f4 f   sf_runtime:sf_runtime.dll
 0001:0001a5fa       sf_mex_import              000000018001b5fa f   sf_runtime:sf_runtime.dll
 0001:0001a600       sf_mex_decode_encoded_mx_struct_array 000000018001b600 f   sf_runtime:sf_runtime.dll
 0001:0001a606       sf_mex_duplicatearraysafe  000000018001b606 f   sf_runtime:sf_runtime.dll
 0001:0001a60c       sf_mex_emlrtNameCapturePostProcessR2012a 000000018001b60c f   sf_runtime:sf_runtime.dll
 0001:0001a612       sf_debug_initialize_chart  000000018001b612 f   sf_runtime:sf_runtime.dll
 0001:0001a618       sf_debug_call              000000018001b618 f   sf_runtime:sf_runtime.dll
 0001:0001a61e       eml_debug_line_call        000000018001b61e f   sf_runtime:sf_runtime.dll
 0001:0001a624       cv_eml_eval                000000018001b624 f   sf_runtime:sf_runtime.dll
 0001:0001a62a       cv_eml_init_script         000000018001b62a f   sf_runtime:sf_runtime.dll
 0001:0001a630       cv_eml_init_fcn            000000018001b630 f   sf_runtime:sf_runtime.dll
 0001:0001a636       cv_eml_init_if             000000018001b636 f   sf_runtime:sf_runtime.dll
 0001:0001a63c       sf_debug_reset_current_state_configuration 000000018001b63c f   sf_runtime:sf_runtime.dll
 0001:0001a642       sf_debug_check_for_state_inconsistency 000000018001b642 f   sf_runtime:sf_runtime.dll
 0001:0001a648       sf_debug_set_chart_data_props 000000018001b648 f   sf_runtime:sf_runtime.dll
 0001:0001a64e       sf_debug_set_chart_data_compiled_props 000000018001b64e f   sf_runtime:sf_runtime.dll
 0001:0001a654       sf_debug_symbol_scope_push 000000018001b654 f   sf_runtime:sf_runtime.dll
 0001:0001a65a       sf_debug_symbol_scope_push_eml 000000018001b65a f   sf_runtime:sf_runtime.dll
 0001:0001a660       sf_debug_symbol_scope_pop  000000018001b660 f   sf_runtime:sf_runtime.dll
 0001:0001a666       sf_debug_symbol_scope_add_eml 000000018001b666 f   sf_runtime:sf_runtime.dll
 0001:0001a66c       sf_debug_symbol_scope_add_eml_importable 000000018001b66c f   sf_runtime:sf_runtime.dll
 0001:0001a672       sf_debug_set_instance_data_value_ptr 000000018001b672 f   sf_runtime:sf_runtime.dll
 0001:0001a678       sf_debug_set_chart_disable_implicit_casting 000000018001b678 f   sf_runtime:sf_runtime.dll
 0001:0001a67e       sf_debug_set_chart_event_thresholds 000000018001b67e f   sf_runtime:sf_runtime.dll
 0001:0001a684       sf_debug_set_chart_state_info 000000018001b684 f   sf_runtime:sf_runtime.dll
 0001:0001a68a       sf_debug_set_chart_decomposition 000000018001b68a f   sf_runtime:sf_runtime.dll
 0001:0001a690       sf_debug_set_chart_substate_count 000000018001b690 f   sf_runtime:sf_runtime.dll
 0001:0001a696       sf_debug_eml_data_array_bounds_error_check 000000018001b696 f   sf_runtime:sf_runtime.dll
 0001:0001a69c       sf_debug_integer_check     000000018001b69c f   sf_runtime:sf_runtime.dll
 0001:0001a6a2       sf_debug_data_range_wrapper 000000018001b6a2 f   sf_runtime:sf_runtime.dll
 0001:0001a6a8       sf_debug_cv_init_trans     000000018001b6a8 f   sf_runtime:sf_runtime.dll
 0001:0001a6ae       sf_debug_cv_init_chart     000000018001b6ae f   sf_runtime:sf_runtime.dll
 0001:0001a6b4       sf_debug_cv_init_state     000000018001b6b4 f   sf_runtime:sf_runtime.dll
 0001:0001a6ba       cv_eval_point              000000018001b6ba f   sf_runtime:sf_runtime.dll
 0001:0001a6c0       sf_debug_set_honor_breakpoints 000000018001b6c0 f   sf_runtime:sf_runtime.dll
 0001:0001a6c6       sf_debug_get_animation     000000018001b6c6 f   sf_runtime:sf_runtime.dll
 0001:0001a6cc       sf_debug_set_animation     000000018001b6cc f   sf_runtime:sf_runtime.dll
 0001:0001a6d2       sf_debug_animate           000000018001b6d2 f   sf_runtime:sf_runtime.dll
 0001:0001a6d8       sf_debug_set_chart_substate_index 000000018001b6d8 f   sf_runtime:sf_runtime.dll
 0001:0001a6de       sf_debug_set_chart_state_substate_count 000000018001b6de f   sf_runtime:sf_runtime.dll
 0001:0001a6e4       callMdlMethodAndReportError 000000018001b6e4 f   sf_runtime:sf_runtime.dll
 0001:0001a6ea       call_sf_machine_global_method_dispatcher 000000018001b6ea f   sf_runtime:sf_runtime.dll
 0001:0001a6f0       sf_mex_error_direct_call   000000018001b6f0 f   sf_runtime:sf_runtime.dll
 0001:0001a6f6       sf_clear_error_manager_info 000000018001b6f6 f   sf_runtime:sf_runtime.dll
 0001:0001a6fc       sf_debug_create_debug_instance_struct 000000018001b6fc f   sf_runtime:sf_runtime.dll
 0001:0001a702       sf_debug_terminate         000000018001b702 f   sf_runtime:sf_runtime.dll
 0001:0001a708       sf_debug_api               000000018001b708 f   sf_runtime:sf_runtime.dll
 0001:0001a70e       mxIsChar                   000000018001b70e f   libmx:libmx.dll
 0001:0001a714       mxGetPr                    000000018001b714 f   libmx:libmx.dll
 0001:0001a71a       mxGetScalar                000000018001b71a f   libmx:libmx.dll
 0001:0001a720       mxDestroyArray             000000018001b720 f   libmx:libmx.dll
 0001:0001a726       mxCreateDoubleMatrix_730   000000018001b726 f   libmx:libmx.dll
 0001:0001a72c       mxGetString_730            000000018001b72c f   libmx:libmx.dll
 0001:0001a732       mxDuplicateArray           000000018001b732 f   libmx:libmx.dll
 0001:0001a738       mxSetField_730             000000018001b738 f   libmx:libmx.dll
 0001:0001a73e       mxCreateDoubleScalar       000000018001b73e f   libmx:libmx.dll
 0001:0001a744       mxCreateString             000000018001b744 f   libmx:libmx.dll
 0001:0001a74a       mxCreateCellMatrix_730     000000018001b74a f   libmx:libmx.dll
 0001:0001a750       mxCreateStructMatrix_730   000000018001b750 f   libmx:libmx.dll
 0001:0001a756       mxCalloc                   000000018001b756 f   libmx:libmx.dll
 0001:0001a75c       mxGetM                     000000018001b75c f   libmx:libmx.dll
 0001:0001a762       mxGetClassID               000000018001b762 f   libmx:libmx.dll
 0001:0001a768       mxIsNumeric                000000018001b768 f   libmx:libmx.dll
 0001:0001a76e       mxIsComplex                000000018001b76e f   libmx:libmx.dll
 0001:0001a774       mxGetN                     000000018001b774 f   libmx:libmx.dll
 0001:0001a77a       mexMakeArrayPersistent     000000018001b77a f   libmex:libmex.dll
 0001:0001a780       mexErrMsgTxt               000000018001b780 f   libmex:libmex.dll
 0001:0001a786       mexWarnMsgTxt              000000018001b786 f   libmex:libmex.dll
 0001:0001a78c       mexCallMATLAB              000000018001b78c f   libmex:libmex.dll
 0001:0001a792       mexLock                    000000018001b792 f   libmex:libmex.dll
 0001:0001a798       mexUnlock                  000000018001b798 f   libmex:libmex.dll
 0001:0001a79e       mexIsLocked                000000018001b79e f   libmex:libmex.dll
 0001:0001a7a4       utMalloc                   000000018001b7a4 f   libut:libut.dll
 0001:0001a7aa       utFree                     000000018001b7aa f   libut:libut.dll
 0001:0001a7b0       __raise_securityfailure    000000018001b7b0 f   MSVCRT:gs_report.obj
 0001:0001a7fc       __report_gsfailure         000000018001b7fc f   MSVCRT:gs_report.obj
 0001:0001a8d0       __report_rangecheckfailure 000000018001b8d0 f   MSVCRT:gs_report.obj
 0001:0001a8e4       __report_securityfailure   000000018001b8e4 f   MSVCRT:gs_report.obj
 0001:0001a980       __report_securityfailureEx 000000018001b980 f   MSVCRT:gs_report.obj
 0001:0001aa8e       strcmp                     000000018001ba8e f   MSVCRT:MSVCR110.dll
 0001:0001aa94       __GSHandlerCheck           000000018001ba94 f   MSVCRT:gshandler.obj
 0001:0001aab4       __GSHandlerCheckCommon     000000018001bab4 f   MSVCRT:gshandler.obj
 0001:0001ab30       __security_check_cookie    000000018001bb30 f   MSVCRT:amdsecgs.obj
 0001:0001ab50       memset                     000000018001bb50 f   MSVCRT:MSVCR110.dll
 0001:0001ab56       strlen                     000000018001bb56 f   MSVCRT:MSVCR110.dll
 0001:0001ab5c       memcpy                     000000018001bb5c f   MSVCRT:MSVCR110.dll
 0001:0001ab62       strcat                     000000018001bb62 f   MSVCRT:MSVCR110.dll
 0001:0001ab68       sprintf                    000000018001bb68 f   MSVCRT:MSVCR110.dll
 0001:0001ab6e       free                       000000018001bb6e f   MSVCRT:MSVCR110.dll
 0001:0001ab74       malloc                     000000018001bb74 f   MSVCRT:MSVCR110.dll
 0001:0001abdc       NtCurrentTeb               000000018001bbdc f i MSVCRT:crtdll.obj
 0001:0001abe8       _CRT_INIT                  000000018001bbe8 f   MSVCRT:crtdll.obj
 0001:0001ae34       _DllMainCRTStartup         000000018001be34 f   MSVCRT:crtdll.obj
 0001:0001afaa       __crt_debugger_hook        000000018001bfaa f   MSVCRT:MSVCR110.dll
 0001:0001afb0       __crtUnhandledException    000000018001bfb0 f   MSVCRT:MSVCR110.dll
 0001:0001afb6       __crtTerminateProcess      000000018001bfb6 f   MSVCRT:MSVCR110.dll
 0001:0001afbc       __crtCaptureCurrentContext 000000018001bfbc f   MSVCRT:MSVCR110.dll
 0001:0001afc2       __crtCapturePreviousContext 000000018001bfc2 f   MSVCRT:MSVCR110.dll
 0001:0001afc8       __CppXcptFilter            000000018001bfc8 f   MSVCRT:MSVCR110.dll
 0001:0001afce       _amsg_exit                 000000018001bfce f   MSVCRT:MSVCR110.dll
 0001:0001afe0       _FindPESection             000000018001bfe0 f   MSVCRT:pesect.obj
 0001:0001b030       _IsNonwritableInCurrentImage 000000018001c030 f   MSVCRT:pesect.obj
 0001:0001b080       _ValidateImageBase         000000018001c080 f   MSVCRT:pesect.obj
 0001:0001b0b0       __atonexitinit             000000018001c0b0 f   MSVCRT:atonexit.obj
 0001:0001b100       _onexit                    000000018001c100 f   MSVCRT:atonexit.obj
 0001:0001b1b0       atexit                     000000018001c1b0 f   MSVCRT:atonexit.obj
 0001:0001b1c8       __security_init_cookie     000000018001c1c8 f   MSVCRT:gs_support.obj
 0001:0001b280       DllMain                    000000018001c280 f   MSVCRT:dllmain.obj
 0001:0001b2a4       _malloc_crt                000000018001c2a4 f   MSVCRT:MSVCR110.dll
 0001:0001b2ac       _RTC_Initialize            000000018001c2ac f   MSVCRT:initsect.obj
 0001:0001b2e4       _RTC_Terminate             000000018001c2e4 f   MSVCRT:initsect.obj
 0001:0001b31c       _initterm                  000000018001c31c f   MSVCRT:MSVCR110.dll
 0001:0001b322       _initterm_e                000000018001c322 f   MSVCRT:MSVCR110.dll
 0001:0001b328       __clean_type_info_names    000000018001c328 f   MSVCRT:tncleanup.obj
 0001:0001b334       __C_specific_handler       000000018001c334 f   MSVCRT:MSVCR110.dll
 0001:0001b33a       _lock                      000000018001c33a f   MSVCRT:MSVCR110.dll
 0001:0001b340       _unlock                    000000018001c340 f   MSVCRT:MSVCR110.dll
 0001:0001b346       _calloc_crt                000000018001c346 f   MSVCRT:MSVCR110.dll
 0001:0001b34c       __dllonexit                000000018001c34c f   MSVCRT:MSVCR110.dll
 0001:0001b352       __clean_type_info_names_internal 000000018001c352 f   MSVCRT:MSVCR110.dll
 0001:0001b358       IsDebuggerPresent          000000018001c358 f   kernel32:KERNEL32.dll
 0001:0001b35e       IsProcessorFeaturePresent  000000018001c35e f   kernel32:KERNEL32.dll
 0001:0001b364       EncodePointer              000000018001c364 f   kernel32:KERNEL32.dll
 0001:0001b36a       DecodePointer              000000018001c36a f   kernel32:KERNEL32.dll
 0001:0001b370       QueryPerformanceCounter    000000018001c370 f   kernel32:KERNEL32.dll
 0001:0001b376       GetCurrentThreadId         000000018001c376 f   kernel32:KERNEL32.dll
 0001:0001b37c       GetSystemTimeAsFileTime    000000018001c37c f   kernel32:KERNEL32.dll
 0001:0001b382       GetTickCount64             000000018001c382 f   kernel32:KERNEL32.dll
 0001:0001b388       DisableThreadLibraryCalls  000000018001c388 f   kernel32:KERNEL32.dll
 0002:00000000       __imp_GetTickCount64       000000018001d000     kernel32:KERNEL32.dll
 0002:00000008       __imp_GetSystemTimeAsFileTime 000000018001d008     kernel32:KERNEL32.dll
 0002:00000010       __imp_GetCurrentThreadId   000000018001d010     kernel32:KERNEL32.dll
 0002:00000018       __imp_QueryPerformanceCounter 000000018001d018     kernel32:KERNEL32.dll
 0002:00000020       __imp_DecodePointer        000000018001d020     kernel32:KERNEL32.dll
 0002:00000028       __imp_EncodePointer        000000018001d028     kernel32:KERNEL32.dll
 0002:00000030       __imp_IsProcessorFeaturePresent 000000018001d030     kernel32:KERNEL32.dll
 0002:00000038       __imp_IsDebuggerPresent    000000018001d038     kernel32:KERNEL32.dll
 0002:00000040       __imp_DisableThreadLibraryCalls 000000018001d040     kernel32:KERNEL32.dll
 0002:00000048       \177KERNEL32_NULL_THUNK_DATA 000000018001d048     kernel32:KERNEL32.dll
 0002:00000050       __imp___clean_type_info_names_internal 000000018001d050     MSVCRT:MSVCR110.dll
 0002:00000058       __imp__onexit              000000018001d058     MSVCRT:MSVCR110.dll
 0002:00000060       __imp___dllonexit          000000018001d060     MSVCRT:MSVCR110.dll
 0002:00000068       __imp__calloc_crt          000000018001d068     MSVCRT:MSVCR110.dll
 0002:00000070       __imp__unlock              000000018001d070     MSVCRT:MSVCR110.dll
 0002:00000078       __imp__lock                000000018001d078     MSVCRT:MSVCR110.dll
 0002:00000080       __imp___C_specific_handler 000000018001d080     MSVCRT:MSVCR110.dll
 0002:00000088       __imp__initterm_e          000000018001d088     MSVCRT:MSVCR110.dll
 0002:00000090       __imp__initterm            000000018001d090     MSVCRT:MSVCR110.dll
 0002:00000098       __imp__malloc_crt          000000018001d098     MSVCRT:MSVCR110.dll
 0002:000000a0       __imp__amsg_exit           000000018001d0a0     MSVCRT:MSVCR110.dll
 0002:000000a8       __imp___CppXcptFilter      000000018001d0a8     MSVCRT:MSVCR110.dll
 0002:000000b0       __imp___crtCapturePreviousContext 000000018001d0b0     MSVCRT:MSVCR110.dll
 0002:000000b8       __imp___crtCaptureCurrentContext 000000018001d0b8     MSVCRT:MSVCR110.dll
 0002:000000c0       __imp___crtTerminateProcess 000000018001d0c0     MSVCRT:MSVCR110.dll
 0002:000000c8       __imp___crtUnhandledException 000000018001d0c8     MSVCRT:MSVCR110.dll
 0002:000000d0       __imp___crt_debugger_hook  000000018001d0d0     MSVCRT:MSVCR110.dll
 0002:000000d8       __imp_malloc               000000018001d0d8     MSVCRT:MSVCR110.dll
 0002:000000e0       __imp_free                 000000018001d0e0     MSVCRT:MSVCR110.dll
 0002:000000e8       __imp_sprintf              000000018001d0e8     MSVCRT:MSVCR110.dll
 0002:000000f0       __imp_strcat               000000018001d0f0     MSVCRT:MSVCR110.dll
 0002:000000f8       __imp_memcpy               000000018001d0f8     MSVCRT:MSVCR110.dll
 0002:00000100       __imp_strlen               000000018001d100     MSVCRT:MSVCR110.dll
 0002:00000108       __imp_memset               000000018001d108     MSVCRT:MSVCR110.dll
 0002:00000110       __imp_strcmp               000000018001d110     MSVCRT:MSVCR110.dll
 0002:00000118       \177MSVCR110_NULL_THUNK_DATA 000000018001d118     MSVCRT:MSVCR110.dll
 0002:00000120       __imp_mexIsLocked          000000018001d120     libmex:libmex.dll
 0002:00000128       __imp_mexUnlock            000000018001d128     libmex:libmex.dll
 0002:00000130       __imp_mexLock              000000018001d130     libmex:libmex.dll
 0002:00000138       __imp_mexCallMATLAB        000000018001d138     libmex:libmex.dll
 0002:00000140       __imp_mexWarnMsgTxt        000000018001d140     libmex:libmex.dll
 0002:00000148       __imp_mexErrMsgTxt         000000018001d148     libmex:libmex.dll
 0002:00000150       __imp_mexMakeArrayPersistent 000000018001d150     libmex:libmex.dll
 0002:00000158       \177libmex_NULL_THUNK_DATA 000000018001d158     libmex:libmex.dll
 0002:00000160       __imp_mxGetN               000000018001d160     libmx:libmx.dll
 0002:00000168       __imp_mxIsComplex          000000018001d168     libmx:libmx.dll
 0002:00000170       __imp_mxIsNumeric          000000018001d170     libmx:libmx.dll
 0002:00000178       __imp_mxGetClassID         000000018001d178     libmx:libmx.dll
 0002:00000180       __imp_mxGetM               000000018001d180     libmx:libmx.dll
 0002:00000188       __imp_mxCalloc             000000018001d188     libmx:libmx.dll
 0002:00000190       __imp_mxCreateStructMatrix_730 000000018001d190     libmx:libmx.dll
 0002:00000198       __imp_mxCreateCellMatrix_730 000000018001d198     libmx:libmx.dll
 0002:000001a0       __imp_mxCreateString       000000018001d1a0     libmx:libmx.dll
 0002:000001a8       __imp_mxCreateDoubleScalar 000000018001d1a8     libmx:libmx.dll
 0002:000001b0       __imp_mxSetField_730       000000018001d1b0     libmx:libmx.dll
 0002:000001b8       __imp_mxDuplicateArray     000000018001d1b8     libmx:libmx.dll
 0002:000001c0       __imp_mxGetString_730      000000018001d1c0     libmx:libmx.dll
 0002:000001c8       __imp_mxCreateDoubleMatrix_730 000000018001d1c8     libmx:libmx.dll
 0002:000001d0       __imp_mxDestroyArray       000000018001d1d0     libmx:libmx.dll
 0002:000001d8       __imp_mxGetScalar          000000018001d1d8     libmx:libmx.dll
 0002:000001e0       __imp_mxIsChar             000000018001d1e0     libmx:libmx.dll
 0002:000001e8       __imp_mxGetPr              000000018001d1e8     libmx:libmx.dll
 0002:000001f0       \177libmx_NULL_THUNK_DATA  000000018001d1f0     libmx:libmx.dll
 0002:000001f8       __imp_utMalloc             000000018001d1f8     libut:libut.dll
 0002:00000200       __imp_utFree               000000018001d200     libut:libut.dll
 0002:00000208       \177libut_NULL_THUNK_DATA  000000018001d208     libut:libut.dll
 0002:00000210       __imp_sf_mex_error_direct_call 000000018001d210     sf_runtime:sf_runtime.dll
 0002:00000218       __imp_sf_clear_error_manager_info 000000018001d218     sf_runtime:sf_runtime.dll
 0002:00000220       __imp_sim_mode_is_rtw_gen  000000018001d220     sf_runtime:sf_runtime.dll
 0002:00000228       __imp_sf_debug_set_chart_substate_index 000000018001d228     sf_runtime:sf_runtime.dll
 0002:00000230       __imp_sf_debug_api         000000018001d230     sf_runtime:sf_runtime.dll
 0002:00000238       __imp_sf_debug_animate     000000018001d238     sf_runtime:sf_runtime.dll
 0002:00000240       __imp_sim_mode_is_external 000000018001d240     sf_runtime:sf_runtime.dll
 0002:00000248       __imp_sf_debug_set_animation 000000018001d248     sf_runtime:sf_runtime.dll
 0002:00000250       __imp_sf_debug_get_animation 000000018001d250     sf_runtime:sf_runtime.dll
 0002:00000258       __imp_sf_debug_set_honor_breakpoints 000000018001d258     sf_runtime:sf_runtime.dll
 0002:00000260       __imp_cv_eval_point        000000018001d260     sf_runtime:sf_runtime.dll
 0002:00000268       __imp_sf_debug_cv_init_state 000000018001d268     sf_runtime:sf_runtime.dll
 0002:00000270       __imp_sf_debug_cv_init_chart 000000018001d270     sf_runtime:sf_runtime.dll
 0002:00000278       __imp_sf_debug_cv_init_trans 000000018001d278     sf_runtime:sf_runtime.dll
 0002:00000280       __imp_sf_debug_data_range_wrapper 000000018001d280     sf_runtime:sf_runtime.dll
 0002:00000288       __imp_call_sf_machine_global_method_dispatcher 000000018001d288     sf_runtime:sf_runtime.dll
 0002:00000290       __imp_sf_debug_eml_data_array_bounds_error_check 000000018001d290     sf_runtime:sf_runtime.dll
 0002:00000298       __imp_sf_debug_set_chart_substate_count 000000018001d298     sf_runtime:sf_runtime.dll
 0002:000002a0       __imp_sf_debug_set_chart_decomposition 000000018001d2a0     sf_runtime:sf_runtime.dll
 0002:000002a8       __imp_sf_debug_set_chart_state_info 000000018001d2a8     sf_runtime:sf_runtime.dll
 0002:000002b0       __imp_sf_debug_set_chart_event_thresholds 000000018001d2b0     sf_runtime:sf_runtime.dll
 0002:000002b8       __imp_sf_debug_set_chart_disable_implicit_casting 000000018001d2b8     sf_runtime:sf_runtime.dll
 0002:000002c0       __imp_sf_debug_set_instance_data_value_ptr 000000018001d2c0     sf_runtime:sf_runtime.dll
 0002:000002c8       __imp_sf_debug_symbol_scope_add_eml_importable 000000018001d2c8     sf_runtime:sf_runtime.dll
 0002:000002d0       __imp_sf_debug_symbol_scope_add_eml 000000018001d2d0     sf_runtime:sf_runtime.dll
 0002:000002d8       __imp_sf_debug_symbol_scope_pop 000000018001d2d8     sf_runtime:sf_runtime.dll
 0002:000002e0       __imp_sf_debug_symbol_scope_push_eml 000000018001d2e0     sf_runtime:sf_runtime.dll
 0002:000002e8       __imp_sf_debug_symbol_scope_push 000000018001d2e8     sf_runtime:sf_runtime.dll
 0002:000002f0       __imp_sf_debug_set_chart_data_compiled_props 000000018001d2f0     sf_runtime:sf_runtime.dll
 0002:000002f8       __imp_sf_debug_set_chart_data_props 000000018001d2f8     sf_runtime:sf_runtime.dll
 0002:00000300       __imp_sf_debug_check_for_state_inconsistency 000000018001d300     sf_runtime:sf_runtime.dll
 0002:00000308       __imp_sf_debug_reset_current_state_configuration 000000018001d308     sf_runtime:sf_runtime.dll
 0002:00000310       __imp_callMdlMethodAndReportError 000000018001d310     sf_runtime:sf_runtime.dll
 0002:00000318       __imp_sf_debug_integer_check 000000018001d318     sf_runtime:sf_runtime.dll
 0002:00000320       __imp_sf_debug_set_chart_state_substate_count 000000018001d320     sf_runtime:sf_runtime.dll
 0002:00000328       __imp_cv_eml_init_if       000000018001d328     sf_runtime:sf_runtime.dll
 0002:00000330       __imp_cv_eml_init_fcn      000000018001d330     sf_runtime:sf_runtime.dll
 0002:00000338       __imp_cv_eml_init_script   000000018001d338     sf_runtime:sf_runtime.dll
 0002:00000340       __imp_cv_eml_eval          000000018001d340     sf_runtime:sf_runtime.dll
 0002:00000348       __imp_eml_debug_line_call  000000018001d348     sf_runtime:sf_runtime.dll
 0002:00000350       __imp_sf_debug_call        000000018001d350     sf_runtime:sf_runtime.dll
 0002:00000358       __imp_sf_debug_initialize_chart 000000018001d358     sf_runtime:sf_runtime.dll
 0002:00000360       __imp_sf_mex_emlrtNameCapturePostProcessR2012a 000000018001d360     sf_runtime:sf_runtime.dll
 0002:00000368       __imp_sf_mex_duplicatearraysafe 000000018001d368     sf_runtime:sf_runtime.dll
 0002:00000370       __imp_sf_mex_decode_encoded_mx_struct_array 000000018001d370     sf_runtime:sf_runtime.dll
 0002:00000378       __imp_sf_mex_import        000000018001d378     sf_runtime:sf_runtime.dll
 0002:00000380       __imp_sf_mex_destroy       000000018001d380     sf_runtime:sf_runtime.dll
 0002:00000388       __imp_sf_mex_dup           000000018001d388     sf_runtime:sf_runtime.dll
 0002:00000390       __imp_sf_mex_assign        000000018001d390     sf_runtime:sf_runtime.dll
 0002:00000398       __imp_sf_mex_getcell       000000018001d398     sf_runtime:sf_runtime.dll
 0002:000003a0       __imp_sf_mex_setcell       000000018001d3a0     sf_runtime:sf_runtime.dll
 0002:000003a8       __imp_sf_mex_createcellmatrix 000000018001d3a8     sf_runtime:sf_runtime.dll
 0002:000003b0       __imp_sf_mex_create        000000018001d3b0     sf_runtime:sf_runtime.dll
 0002:000003b8       __imp_sf_mex_createstruct  000000018001d3b8     sf_runtime:sf_runtime.dll
 0002:000003c0       __imp_sf_mex_addfield      000000018001d3c0     sf_runtime:sf_runtime.dll
 0002:000003c8       __imp_sf_mex_error_message 000000018001d3c8     sf_runtime:sf_runtime.dll
 0002:000003d0       __imp_sf_mex_call_matlab   000000018001d3d0     sf_runtime:sf_runtime.dll
 0002:000003d8       __imp_sf_get_time          000000018001d3d8     sf_runtime:sf_runtime.dll
 0002:000003e0       __imp_sf_set_rtw_dwork_info 000000018001d3e0     sf_runtime:sf_runtime.dll
 0002:000003e8       __imp_sf_clear_rtw_identifier 000000018001d3e8     sf_runtime:sf_runtime.dll
 0002:000003f0       __imp_sf_debug_terminate   000000018001d3f0     sf_runtime:sf_runtime.dll
 0002:000003f8       __imp_sf_mark_chart_expressionable_inputs 000000018001d3f8     sf_runtime:sf_runtime.dll
 0002:00000400       __imp_sf_mark_chart_reusable_outputs 000000018001d400     sf_runtime:sf_runtime.dll
 0002:00000408       __imp_sf_is_chart_inlinable 000000018001d408     sf_runtime:sf_runtime.dll
 0002:00000410       __imp_sf_update_buildInfo  000000018001d410     sf_runtime:sf_runtime.dll
 0002:00000418       __imp_sf_rtw_info_uint_prop 000000018001d418     sf_runtime:sf_runtime.dll
 0002:00000420       __imp_sf_debug_set_machine_data_thresholds 000000018001d420     sf_runtime:sf_runtime.dll
 0002:00000428       __imp_sf_debug_set_machine_event_thresholds 000000018001d428     sf_runtime:sf_runtime.dll
 0002:00000430       __imp_sf_debug_initialize_machine 000000018001d430     sf_runtime:sf_runtime.dll
 0002:00000438       __imp_sf_debug_create_debug_instance_struct 000000018001d438     sf_runtime:sf_runtime.dll
 0002:00000440       __imp_sf_load_rtw_optimization_info 000000018001d440     sf_runtime:sf_runtime.dll
 0002:00000448       \177sf_runtime_NULL_THUNK_DATA 000000018001d448     sf_runtime:sf_runtime.dll
 0002:00000450       __xc_a                     000000018001d450     MSVCRT:cinitexe.obj
 0002:00000458       __xc_z                     000000018001d458     MSVCRT:cinitexe.obj
 0002:00000460       __xi_a                     000000018001d460     MSVCRT:cinitexe.obj
 0002:00000478       __xi_z                     000000018001d478     MSVCRT:cinitexe.obj
 0002:00000480       __real@419ea13334000000    000000018001d480     Simulation_sfun.obj
 0002:00000488       __real@41a12c9b2c000000    000000018001d488     Simulation_sfun.obj
 0002:00000490       __real@41aa332a32000000    000000018001d490     Simulation_sfun.obj
 0002:00000498       __real@41b4764ae6000000    000000018001d498     Simulation_sfun.obj
 0002:000004a0       __real@41b5dcdbb9000000    000000018001d4a0     Simulation_sfun.obj
 0002:000004a8       __real@41c153f54b000000    000000018001d4a8     Simulation_sfun.obj
 0002:000004b0       __real@41c8d2e050000000    000000018001d4b0     Simulation_sfun.obj
 0002:000004b8       __real@41d21ef049c00000    000000018001d4b8     Simulation_sfun.obj
 0002:000004c0       __real@41da8d75bb000000    000000018001d4c0     Simulation_sfun.obj
 0002:000004c8       __real@41e1b0bf50e00000    000000018001d4c8     Simulation_sfun.obj
 0002:000004d0       __real@41e1bdfba1200000    000000018001d4d0     Simulation_sfun.obj
 0002:000004d8       __real@41e42f6dcde00000    000000018001d4d8     Simulation_sfun.obj
 0002:000004e0       __real@41e4e40c50600000    000000018001d4e0     Simulation_sfun.obj
 0002:000004e8       __real@41e7486427800000    000000018001d4e8     Simulation_sfun.obj
 0002:000004f0       __real@41e7895aeac00000    000000018001d4f0     Simulation_sfun.obj
 0002:000004f8       __real@41ed657381e00000    000000018001d4f8     Simulation_sfun.obj
 0002:00000500       __real@3ff0000000000000    000000018001d500     c1_Simulation.obj
 0002:00000508       __real@4000000000000000    000000018001d508     c1_Simulation.obj
 0002:00000510       __real@4024000000000000    000000018001d510     c1_Simulation.obj
 0002:00000518       __real@41d491f835000000    000000018001d518     c1_Simulation.obj
 0002:00000520       __real@41dd508fe0800000    000000018001d520     c1_Simulation.obj
 0002:00000528       __real@41e09c33faa00000    000000018001d528     c1_Simulation.obj
 0002:00000530       __real@41eeb1e0e9c00000    000000018001d530     c1_Simulation.obj
 0002:00000538       __real@41631d8320000000    000000018001d538     c3_Simulation.obj
 0002:00000540       __real@41c588a791000000    000000018001d540     c3_Simulation.obj
 0002:00000548       __real@41de0db331c00000    000000018001d548     c3_Simulation.obj
 0002:00000550       __real@41e03e0559800000    000000018001d550     c3_Simulation.obj
 0002:00000558       __real@bff0000000000000    000000018001d558     c3_Simulation.obj
 0002:00000560       __real@41c31d50ed800000    000000018001d560     c4_Simulation.obj
 0002:00000568       __real@41e2d2fc5b200000    000000018001d568     c4_Simulation.obj
 0002:00000570       __real@41e514515e800000    000000018001d570     c4_Simulation.obj
 0002:00000578       __real@41e59e5b8a200000    000000018001d578     c4_Simulation.obj
 0002:00000580       DYNAMIC_DIMENSION_DEF      000000018001d580     Simulation_sfun_registry.obj
 0002:000005a0       _ssBadLevel2InputAccessMsg 000000018001d5a0     Simulation_sfun_registry.obj
 0002:00000730       _ssBadLevel2DirectFeedMsg  000000018001d730     Simulation_sfun_registry.obj
 0002:00000870       _ssBadLevel2DirectFeedSolutionMsg 000000018001d870     Simulation_sfun_registry.obj
 0002:000008e0       _ssBadLevel2ZeroDirectFeedMsg 000000018001d8e0     Simulation_sfun_registry.obj
 0002:00000a20       _ssBadLevel2ZeroDirectFeedMsg2 000000018001da20     Simulation_sfun_registry.obj
 0002:00000b08       __real@0000000000000000    000000018001db08     Simulation_sfun_registry.obj
 0002:00000b10       __real@41602cbca0000000    000000018001db10     Simulation_sfun_registry.obj
 0002:00000b28       _pDefaultRawDllMain        000000018001db28     MSVCRT:crtdll.obj
 0002:00000b28       _pRawDllMain               000000018001db28     MSVCRT:crtdll.obj
 0002:00000b30       ?ProcessDetach@NativeDll@<CrtImplementationDetails>@@0IB 000000018001db30     MSVCRT:initsect.obj
 0002:00000b34       ?ProcessAttach@NativeDll@<CrtImplementationDetails>@@0IB 000000018001db34     MSVCRT:initsect.obj
 0002:00000b38       ?ThreadAttach@NativeDll@<CrtImplementationDetails>@@0IB 000000018001db38     MSVCRT:initsect.obj
 0002:00000b3c       ?ThreadDetach@NativeDll@<CrtImplementationDetails>@@0IB 000000018001db3c     MSVCRT:initsect.obj
 0002:00000b40       ?ProcessVerifier@NativeDll@<CrtImplementationDetails>@@0IB 000000018001db40     MSVCRT:initsect.obj
 0002:00000b44       ?value@?$integral_constant@_N$0A@@std@@2_NB 000000018001db44     MSVCRT:tncleanup.obj
 0002:00000b45       ?value@?$integral_constant@_N$00@std@@2_NB 000000018001db45     MSVCRT:tncleanup.obj
 0002:00000b48       ?value@?$_Sizeof@U_Nil@std@@U12@U12@U12@U12@U12@U12@U12@@std@@2_KB 000000018001db48     MSVCRT:tncleanup.obj
 0002:00000b50       _load_config_used          000000018001db50     MSVCRT:loadcfg.obj
 0002:00000bc0       __rtc_iaa                  000000018001dbc0     MSVCRT:initsect.obj
 0002:00000bc8       __rtc_izz                  000000018001dbc8     MSVCRT:initsect.obj
 0002:00000bd0       __rtc_taa                  000000018001dbd0     MSVCRT:initsect.obj
 0002:00000bd8       __rtc_tzz                  000000018001dbd8     MSVCRT:initsect.obj
 0002:000014d4       __IMPORT_DESCRIPTOR_sf_runtime 000000018001e4d4     sf_runtime:sf_runtime.dll
 0002:000014e8       __IMPORT_DESCRIPTOR_libmx  000000018001e4e8     libmx:libmx.dll
 0002:000014fc       __IMPORT_DESCRIPTOR_libmex 000000018001e4fc     libmex:libmex.dll
 0002:00001510       __IMPORT_DESCRIPTOR_libut  000000018001e510     libut:libut.dll
 0002:00001524       __IMPORT_DESCRIPTOR_MSVCR110 000000018001e524     MSVCRT:MSVCR110.dll
 0002:00001538       __IMPORT_DESCRIPTOR_KERNEL32 000000018001e538     kernel32:KERNEL32.dll
 0002:0000154c       __NULL_IMPORT_DESCRIPTOR   000000018001e54c     sf_runtime:sf_runtime.dll
 0003:000059b0       DYNAMIC_DIMENSION          00000001800259b0     Simulation_sfun_registry.obj
 0003:00006620       __security_cookie          0000000180026620     MSVCRT:gs_cookie.obj
 0003:00006628       __security_cookie_complement 0000000180026628     MSVCRT:gs_cookie.obj
 0003:00006630       _fltused                   0000000180026630     MSVCRT:dllsupp.obj
 0003:00006634       __native_dllmain_reason    0000000180026634     MSVCRT:natstart.obj
 0003:00006678       sfGlobalDebugInstanceStruct 0000000180026678     Simulation_sfun_registry.obj
 0003:00006cc8       ?__type_info_root_node@@3U__type_info_node@@A 0000000180026cc8     MSVCRT:tncleanup.obj
 0003:00006cd8       _SimulationMachineNumber_  0000000180026cd8     <common>
 0003:00006ce0       __native_startup_lock      0000000180026ce0     <common>
 0003:00006ce8       __native_startup_state     0000000180026ce8     <common>
 0003:00006cf0       __onexitend                0000000180026cf0     <common>
 0003:00006cf8       __onexitbegin              0000000180026cf8     <common>
 0003:00006d00       __dyn_tls_init_callback    0000000180026d00     <common>

 entry point at        0001:0001ae34

 Static symbols

 0000:00000000       .debug$S                   0000000180000000     kernel32:KERNEL32.dll
 0000:00000000       .debug$S                   0000000180000000     kernel32:KERNEL32.dll
 0000:00000000       .debug$S                   0000000180000000     kernel32:KERNEL32.dll
 0000:00000000       .debug$S                   0000000180000000     kernel32:KERNEL32.dll
 0000:00000000       .debug$S                   0000000180000000     kernel32:KERNEL32.dll
 0000:00000000       .debug$S                   0000000180000000     kernel32:KERNEL32.dll
 0000:00000000       .debug$S                   0000000180000000     kernel32:KERNEL32.dll
 0000:00000000       .debug$S                   0000000180000000     kernel32:KERNEL32.dll
 0000:00000000       .debug$S                   0000000180000000     kernel32:KERNEL32.dll
 0000:00000000       .debug$S                   0000000180000000     sf_runtime:sf_runtime.dll
 0000:00000000       .debug$S                   0000000180000000     MSVCRT:MSVCR110.dll
 0000:00000000       .debug$S                   0000000180000000     MSVCRT:MSVCR110.dll
 0000:00000000       .debug$S                   0000000180000000     MSVCRT:MSVCR110.dll
 0000:00000000       .debug$S                   0000000180000000     MSVCRT:MSVCR110.dll
 0000:00000000       .debug$S                   0000000180000000     MSVCRT:MSVCR110.dll
 0000:00000000       .debug$S                   0000000180000000     MSVCRT:MSVCR110.dll
 0000:00000000       .debug$S                   0000000180000000     MSVCRT:MSVCR110.dll
 0000:00000000       .debug$S                   0000000180000000     MSVCRT:MSVCR110.dll
 0000:00000000       .debug$S                   0000000180000000     MSVCRT:MSVCR110.dll
 0000:00000000       .debug$S                   0000000180000000     MSVCRT:MSVCR110.dll
 0000:00000000       .debug$S                   0000000180000000     MSVCRT:MSVCR110.dll
 0000:00000000       .debug$S                   0000000180000000     MSVCRT:MSVCR110.dll
 0000:00000000       .debug$S                   0000000180000000     MSVCRT:MSVCR110.dll
 0000:00000000       .debug$S                   0000000180000000     MSVCRT:MSVCR110.dll
 0000:00000000       .debug$S                   0000000180000000     MSVCRT:MSVCR110.dll
 0000:00000000       .debug$S                   0000000180000000     MSVCRT:MSVCR110.dll
 0000:00000000       .debug$S                   0000000180000000     MSVCRT:MSVCR110.dll
 0000:00000000       .debug$S                   0000000180000000     MSVCRT:MSVCR110.dll
 0000:00000000       .debug$S                   0000000180000000     MSVCRT:MSVCR110.dll
 0000:00000000       .debug$S                   0000000180000000     MSVCRT:MSVCR110.dll
 0000:00000000       .debug$S                   0000000180000000     MSVCRT:MSVCR110.dll
 0000:00000000       .debug$S                   0000000180000000     MSVCRT:MSVCR110.dll
 0000:00000000       .debug$S                   0000000180000000     MSVCRT:MSVCR110.dll
 0000:00000000       .debug$S                   0000000180000000     MSVCRT:MSVCR110.dll
 0000:00000000       .debug$S                   0000000180000000     MSVCRT:MSVCR110.dll
 0000:00000000       .debug$S                   0000000180000000     sf_runtime:sf_runtime.dll
 0000:00000000       .debug$S                   0000000180000000     sf_runtime:sf_runtime.dll
 0000:00000000       .debug$S                   0000000180000000     sf_runtime:sf_runtime.dll
 0000:00000000       .debug$S                   0000000180000000     sf_runtime:sf_runtime.dll
 0000:00000000       .debug$S                   0000000180000000     sf_runtime:sf_runtime.dll
 0000:00000000       .debug$S                   0000000180000000     sf_runtime:sf_runtime.dll
 0000:00000000       .debug$S                   0000000180000000     sf_runtime:sf_runtime.dll
 0000:00000000       .debug$S                   0000000180000000     sf_runtime:sf_runtime.dll
 0000:00000000       .debug$S                   0000000180000000     sf_runtime:sf_runtime.dll
 0000:00000000       .debug$S                   0000000180000000     sf_runtime:sf_runtime.dll
 0000:00000000       .debug$S                   0000000180000000     sf_runtime:sf_runtime.dll
 0000:00000000       .debug$S                   0000000180000000     sf_runtime:sf_runtime.dll
 0000:00000000       .debug$S                   0000000180000000     sf_runtime:sf_runtime.dll
 0000:00000000       .debug$S                   0000000180000000     sf_runtime:sf_runtime.dll
 0000:00000000       .debug$S                   0000000180000000     sf_runtime:sf_runtime.dll
 0000:00000000       .debug$S                   0000000180000000     sf_runtime:sf_runtime.dll
 0000:00000000       .debug$S                   0000000180000000     sf_runtime:sf_runtime.dll
 0000:00000000       .debug$S                   0000000180000000     sf_runtime:sf_runtime.dll
 0000:00000000       .debug$S                   0000000180000000     sf_runtime:sf_runtime.dll
 0000:00000000       .debug$S                   0000000180000000     sf_runtime:sf_runtime.dll
 0000:00000000       .debug$S                   0000000180000000     sf_runtime:sf_runtime.dll
 0000:00000000       .debug$S                   0000000180000000     sf_runtime:sf_runtime.dll
 0000:00000000       .debug$S                   0000000180000000     sf_runtime:sf_runtime.dll
 0000:00000000       .debug$S                   0000000180000000     sf_runtime:sf_runtime.dll
 0000:00000000       .debug$S                   0000000180000000     sf_runtime:sf_runtime.dll
 0000:00000000       .debug$S                   0000000180000000     sf_runtime:sf_runtime.dll
 0000:00000000       .debug$S                   0000000180000000     sf_runtime:sf_runtime.dll
 0000:00000000       .debug$S                   0000000180000000     sf_runtime:sf_runtime.dll
 0000:00000000       .debug$S                   0000000180000000     sf_runtime:sf_runtime.dll
 0000:00000000       .debug$S                   0000000180000000     sf_runtime:sf_runtime.dll
 0000:00000000       .debug$S                   0000000180000000     sf_runtime:sf_runtime.dll
 0000:00000000       .debug$S                   0000000180000000     sf_runtime:sf_runtime.dll
 0000:00000000       .debug$S                   0000000180000000     sf_runtime:sf_runtime.dll
 0000:00000000       .debug$S                   0000000180000000     sf_runtime:sf_runtime.dll
 0000:00000000       .debug$S                   0000000180000000     sf_runtime:sf_runtime.dll
 0000:00000000       .debug$S                   0000000180000000     sf_runtime:sf_runtime.dll
 0000:00000000       .debug$S                   0000000180000000     libut:libut.dll
 0000:00000000       .debug$S                   0000000180000000     libut:libut.dll
 0000:00000000       .debug$S                   0000000180000000     sf_runtime:sf_runtime.dll
 0000:00000000       .debug$S                   0000000180000000     libmex:libmex.dll
 0000:00000000       .debug$S                   0000000180000000     libmex:libmex.dll
 0000:00000000       .debug$S                   0000000180000000     libmex:libmex.dll
 0000:00000000       .debug$S                   0000000180000000     libmex:libmex.dll
 0000:00000000       .debug$S                   0000000180000000     libmex:libmex.dll
 0000:00000000       .debug$S                   0000000180000000     libmex:libmex.dll
 0000:00000000       .debug$S                   0000000180000000     libmex:libmex.dll
 0000:00000000       .debug$S                   0000000180000000     sf_runtime:sf_runtime.dll
 0000:00000000       .debug$S                   0000000180000000     libmx:libmx.dll
 0000:00000000       .debug$S                   0000000180000000     libmx:libmx.dll
 0000:00000000       .debug$S                   0000000180000000     libmx:libmx.dll
 0000:00000000       .debug$S                   0000000180000000     libmx:libmx.dll
 0000:00000000       .debug$S                   0000000180000000     libmx:libmx.dll
 0000:00000000       .debug$S                   0000000180000000     libmx:libmx.dll
 0000:00000000       .debug$S                   0000000180000000     libmx:libmx.dll
 0000:00000000       .debug$S                   0000000180000000     libmx:libmx.dll
 0000:00000000       .debug$S                   0000000180000000     libmx:libmx.dll
 0000:00000000       .debug$S                   0000000180000000     libmx:libmx.dll
 0000:00000000       .debug$S                   0000000180000000     libmx:libmx.dll
 0000:00000000       .debug$S                   0000000180000000     libmx:libmx.dll
 0000:00000000       .debug$S                   0000000180000000     libmx:libmx.dll
 0000:00000000       .debug$S                   0000000180000000     sf_runtime:sf_runtime.dll
 0000:00000000       .debug$S                   0000000180000000     sf_runtime:sf_runtime.dll
 0000:00000000       .debug$S                   0000000180000000     sf_runtime:sf_runtime.dll
 0000:00000000       .debug$S                   0000000180000000     sf_runtime:sf_runtime.dll
 0000:00000000       .debug$S                   0000000180000000     sf_runtime:sf_runtime.dll
 0000:00000000       .debug$S                   0000000180000000     sf_runtime:sf_runtime.dll
 0000:00000000       .debug$S                   0000000180000000     sf_runtime:sf_runtime.dll
 0000:00000000       .debug$S                   0000000180000000     sf_runtime:sf_runtime.dll
 0000:00000000       .debug$S                   0000000180000000     sf_runtime:sf_runtime.dll
 0000:00000000       .debug$S                   0000000180000000     sf_runtime:sf_runtime.dll
 0000:00000000       .debug$S                   0000000180000000     sf_runtime:sf_runtime.dll
 0000:00000000       .debug$S                   0000000180000000     sf_runtime:sf_runtime.dll
 0000:00000000       .debug$S                   0000000180000000     sf_runtime:sf_runtime.dll
 0000:00000000       .debug$S                   0000000180000000     sf_runtime:sf_runtime.dll
 0000:00000000       .debug$S                   0000000180000000     sf_runtime:sf_runtime.dll
 0000:00000000       .debug$S                   0000000180000000     sf_runtime:sf_runtime.dll
 0000:00000000       .debug$S                   0000000180000000     sf_runtime:sf_runtime.dll
 0000:00000000       .debug$S                   0000000180000000     sf_runtime:sf_runtime.dll
 0000:00000000       .debug$S                   0000000180000000     sf_runtime:sf_runtime.dll
 0000:00000000       .debug$S                   0000000180000000     sf_runtime:sf_runtime.dll
 0000:00000000       .debug$S                   0000000180000000     sf_runtime:sf_runtime.dll
 0000:00000000       .debug$S                   0000000180000000     sf_runtime:sf_runtime.dll
 0000:00000000       .debug$S                   0000000180000000     sf_runtime:sf_runtime.dll
 0000:00000000       .debug$S                   0000000180000000     sf_runtime:sf_runtime.dll
 0000:00000000       .debug$S                   0000000180000000     sf_runtime:sf_runtime.dll
 0000:00000000       .debug$S                   0000000180000000     sf_runtime:sf_runtime.dll
 0000:00000000       .debug$S                   0000000180000000     sf_runtime:sf_runtime.dll
 0000:00000000       .debug$S                   0000000180000000     sf_runtime:sf_runtime.dll
 0000:00000000       .debug$S                   0000000180000000     sf_runtime:sf_runtime.dll
 0000:00000000       .debug$S                   0000000180000000     sf_runtime:sf_runtime.dll
 0000:00000000       .debug$S                   0000000180000000     sf_runtime:sf_runtime.dll
 0000:00000000       .debug$S                   0000000180000000     sf_runtime:sf_runtime.dll
 0000:00000000       .debug$S                   0000000180000000     libmx:libmx.dll
 0000:00000000       .debug$S                   0000000180000000     libmx:libmx.dll
 0000:00000000       .debug$S                   0000000180000000     libmx:libmx.dll
 0000:00000000       .debug$S                   0000000180000000     libmx:libmx.dll
 0000:00000000       .debug$S                   0000000180000000     libmx:libmx.dll
 0001:00001350       initialize_c1_Simulation   0000000180002350 f   c1_Simulation.obj
 0001:000013a0       initialize_params_c1_Simulation 00000001800023a0 f   c1_Simulation.obj
 0001:000013b0       enable_c1_Simulation       00000001800023b0 f   c1_Simulation.obj
 0001:000013e0       disable_c1_Simulation      00000001800023e0 f   c1_Simulation.obj
 0001:00001410       c1_update_debugger_state_c1_Simulation 0000000180002410 f   c1_Simulation.obj
 0001:00001420       get_sim_state_c1_Simulation 0000000180002420 f   c1_Simulation.obj
 0001:00001680       set_sim_state_c1_Simulation 0000000180002680 f   c1_Simulation.obj
 0001:000017c0       finalize_c1_Simulation     00000001800027c0 f   c1_Simulation.obj
 0001:000017d0       sf_gateway_c1_Simulation   00000001800027d0 f   c1_Simulation.obj
 0001:000023e0       initSimStructsc1_Simulation 00000001800033e0 f   c1_Simulation.obj
 0001:000023f0       init_script_number_translation 00000001800033f0 f   c1_Simulation.obj
 0001:00002410       c1_sf_marshallOut          0000000180003410 f   c1_Simulation.obj
 0001:000024c0       c1_emlrt_marshallIn        00000001800034c0 f   c1_Simulation.obj
 0001:00002530       c1_b_emlrt_marshallIn      0000000180003530 f   c1_Simulation.obj
 0001:000025c0       c1_sf_marshallIn           00000001800035c0 f   c1_Simulation.obj
 0001:00002660       c1_b_sf_marshallOut        0000000180003660 f   c1_Simulation.obj
 0001:000027b0       c1_c_emlrt_marshallIn      00000001800037b0 f   c1_Simulation.obj
 0001:000028b0       c1_b_sf_marshallIn         00000001800038b0 f   c1_Simulation.obj
 0001:000029b0       c1_info_helper             00000001800039b0 f   c1_Simulation.obj
 0001:000092b0       c1_emlrt_marshallOut       000000018000a2b0 f   c1_Simulation.obj
 0001:00009340       c1_b_emlrt_marshallOut     000000018000a340 f   c1_Simulation.obj
 0001:000093b0       c1_e_emlrt_marshallIn      000000018000a3b0 f   c1_Simulation.obj
 0001:00009410       c1_f_emlrt_marshallIn      000000018000a410 f   c1_Simulation.obj
 0001:000094a0       init_dsm_address_info      000000018000a4a0 f   c1_Simulation.obj
 0001:00009a70       sf_get_sim_state_info_c1_Simulation 000000018000aa70 f   c1_Simulation.obj
 0001:00009b40       chart_debug_initialization 000000018000ab40 f   c1_Simulation.obj
 0001:0000a4c0       sf_get_instance_specialization 000000018000b4c0 f   c1_Simulation.obj
 0001:0000a4d0       sf_opaque_initialize_c1_Simulation 000000018000b4d0 f   c1_Simulation.obj
 0001:0000a510       sf_opaque_enable_c1_Simulation 000000018000b510 f   c1_Simulation.obj
 0001:0000a530       sf_opaque_disable_c1_Simulation 000000018000b530 f   c1_Simulation.obj
 0001:0000a550       sf_opaque_gateway_c1_Simulation 000000018000b550 f   c1_Simulation.obj
 0001:0000a830       sf_opaque_get_sim_state_c1_Simulation 000000018000b830 f   c1_Simulation.obj
 0001:0000a850       sf_opaque_set_sim_state_c1_Simulation 000000018000b850 f   c1_Simulation.obj
 0001:0000a880       sf_opaque_terminate_c1_Simulation 000000018000b880 f   c1_Simulation.obj
 0001:0000a920       sf_opaque_init_subchart_simstructs 000000018000b920 f   c1_Simulation.obj
 0001:0000a940       mdlProcessParameters_c1_Simulation 000000018000b940 f   c1_Simulation.obj
 0001:0000aa20       mdlSetWorkWidths_c1_Simulation 000000018000ba20 f   c1_Simulation.obj
 0001:0000af30       mdlRTW_c1_Simulation       000000018000bf30 f   c1_Simulation.obj
 0001:0000af70       mdlStart_c1_Simulation     000000018000bf70 f   c1_Simulation.obj
 0001:0000b360       initialize_c3_Simulation   000000018000c360 f   c3_Simulation.obj
 0001:0000b3f0       initialize_params_c3_Simulation 000000018000c3f0 f   c3_Simulation.obj
 0001:0000b400       enable_c3_Simulation       000000018000c400 f   c3_Simulation.obj
 0001:0000b430       disable_c3_Simulation      000000018000c430 f   c3_Simulation.obj
 0001:0000b460       c3_update_debugger_state_c3_Simulation 000000018000c460 f   c3_Simulation.obj
 0001:0000b930       get_sim_state_c3_Simulation 000000018000c930 f   c3_Simulation.obj
 0001:0000bb60       set_sim_state_c3_Simulation 000000018000cb60 f   c3_Simulation.obj
 0001:0000bcc0       c3_set_sim_state_side_effects_c3_Simulation 000000018000ccc0 f   c3_Simulation.obj
 0001:0000bd70       finalize_c3_Simulation     000000018000cd70 f   c3_Simulation.obj
 0001:0000bda0       sf_gateway_c3_Simulation   000000018000cda0 f   c3_Simulation.obj
 0001:0000e160       initSimStructsc3_Simulation 000000018000f160 f   c3_Simulation.obj
 0001:0000e170       init_script_number_translation 000000018000f170 f   c3_Simulation.obj
 0001:0000e190       c3_sf_marshallOut          000000018000f190 f   c3_Simulation.obj
 0001:0000e240       c3_emlrt_marshallIn        000000018000f240 f   c3_Simulation.obj
 0001:0000e2b0       c3_b_emlrt_marshallIn      000000018000f2b0 f   c3_Simulation.obj
 0001:0000e340       c3_sf_marshallIn           000000018000f340 f   c3_Simulation.obj
 0001:0000e3e0       c3_b_sf_marshallOut        000000018000f3e0 f   c3_Simulation.obj
 0001:0000e490       c3_c_emlrt_marshallIn      000000018000f490 f   c3_Simulation.obj
 0001:0000e520       c3_b_sf_marshallIn         000000018000f520 f   c3_Simulation.obj
 0001:0000e5c0       c3_e_emlrt_marshallIn      000000018000f5c0 f   c3_Simulation.obj
 0001:0000e620       c3_f_emlrt_marshallIn      000000018000f620 f   c3_Simulation.obj
 0001:0000e6b0       c3_g_emlrt_marshallIn      000000018000f6b0 f   c3_Simulation.obj
 0001:0000e730       c3_h_emlrt_marshallIn      000000018000f730 f   c3_Simulation.obj
 0001:0000e790       c3_updateDataWrittenToVector 000000018000f790 f   c3_Simulation.obj
 0001:0000e810       init_dsm_address_info      000000018000f810 f   c3_Simulation.obj
 0001:0000f090       sf_get_sim_state_info_c3_Simulation 0000000180010090 f   c3_Simulation.obj
 0001:0000f160       chart_debug_initialization 0000000180010160 f   c3_Simulation.obj
 0001:00010510       sf_get_instance_specialization 0000000180011510 f   c3_Simulation.obj
 0001:00010520       sf_opaque_initialize_c3_Simulation 0000000180011520 f   c3_Simulation.obj
 0001:00010560       sf_opaque_enable_c3_Simulation 0000000180011560 f   c3_Simulation.obj
 0001:00010580       sf_opaque_disable_c3_Simulation 0000000180011580 f   c3_Simulation.obj
 0001:000105a0       sf_opaque_gateway_c3_Simulation 00000001800115a0 f   c3_Simulation.obj
 0001:00010880       sf_opaque_get_sim_state_c3_Simulation 0000000180011880 f   c3_Simulation.obj
 0001:000108a0       sf_opaque_set_sim_state_c3_Simulation 00000001800118a0 f   c3_Simulation.obj
 0001:000108d0       sf_opaque_terminate_c3_Simulation 00000001800118d0 f   c3_Simulation.obj
 0001:00010970       sf_opaque_init_subchart_simstructs 0000000180011970 f   c3_Simulation.obj
 0001:00010990       mdlProcessParameters_c3_Simulation 0000000180011990 f   c3_Simulation.obj
 0001:00010a70       mdlSetWorkWidths_c3_Simulation 0000000180011a70 f   c3_Simulation.obj
 0001:00011030       mdlRTW_c3_Simulation       0000000180012030 f   c3_Simulation.obj
 0001:00011070       mdlStart_c3_Simulation     0000000180012070 f   c3_Simulation.obj
 0001:00011460       initialize_c4_Simulation   0000000180012460 f   c4_Simulation.obj
 0001:000114b0       initialize_params_c4_Simulation 00000001800124b0 f   c4_Simulation.obj
 0001:000114c0       enable_c4_Simulation       00000001800124c0 f   c4_Simulation.obj
 0001:000114f0       disable_c4_Simulation      00000001800124f0 f   c4_Simulation.obj
 0001:00011520       c4_update_debugger_state_c4_Simulation 0000000180012520 f   c4_Simulation.obj
 0001:00011530       get_sim_state_c4_Simulation 0000000180012530 f   c4_Simulation.obj
 0001:000116d0       set_sim_state_c4_Simulation 00000001800126d0 f   c4_Simulation.obj
 0001:000117b0       finalize_c4_Simulation     00000001800127b0 f   c4_Simulation.obj
 0001:000117c0       sf_gateway_c4_Simulation   00000001800127c0 f   c4_Simulation.obj
 0001:00012060       initSimStructsc4_Simulation 0000000180013060 f   c4_Simulation.obj
 0001:00012070       init_script_number_translation 0000000180013070 f   c4_Simulation.obj
 0001:00012090       c4_sf_marshallOut          0000000180013090 f   c4_Simulation.obj
 0001:00012140       c4_emlrt_marshallIn        0000000180013140 f   c4_Simulation.obj
 0001:000121b0       c4_b_emlrt_marshallIn      00000001800131b0 f   c4_Simulation.obj
 0001:00012240       c4_sf_marshallIn           0000000180013240 f   c4_Simulation.obj
 0001:000122e0       c4_d_emlrt_marshallIn      00000001800132e0 f   c4_Simulation.obj
 0001:00012340       c4_e_emlrt_marshallIn      0000000180013340 f   c4_Simulation.obj
 0001:000123d0       init_dsm_address_info      00000001800133d0 f   c4_Simulation.obj
 0001:00012860       sf_get_sim_state_info_c4_Simulation 0000000180013860 f   c4_Simulation.obj
 0001:00012930       chart_debug_initialization 0000000180013930 f   c4_Simulation.obj
 0001:00013150       sf_get_instance_specialization 0000000180014150 f   c4_Simulation.obj
 0001:00013160       sf_opaque_initialize_c4_Simulation 0000000180014160 f   c4_Simulation.obj
 0001:000131a0       sf_opaque_enable_c4_Simulation 00000001800141a0 f   c4_Simulation.obj
 0001:000131c0       sf_opaque_disable_c4_Simulation 00000001800141c0 f   c4_Simulation.obj
 0001:000131e0       sf_opaque_gateway_c4_Simulation 00000001800141e0 f   c4_Simulation.obj
 0001:000134c0       sf_opaque_get_sim_state_c4_Simulation 00000001800144c0 f   c4_Simulation.obj
 0001:000134e0       sf_opaque_set_sim_state_c4_Simulation 00000001800144e0 f   c4_Simulation.obj
 0001:00013510       sf_opaque_terminate_c4_Simulation 0000000180014510 f   c4_Simulation.obj
 0001:000135b0       sf_opaque_init_subchart_simstructs 00000001800145b0 f   c4_Simulation.obj
 0001:000135d0       mdlProcessParameters_c4_Simulation 00000001800145d0 f   c4_Simulation.obj
 0001:000136b0       mdlSetWorkWidths_c4_Simulation 00000001800146b0 f   c4_Simulation.obj
 0001:00013bc0       mdlRTW_c4_Simulation       0000000180014bc0 f   c4_Simulation.obj
 0001:00013c00       mdlStart_c4_Simulation     0000000180014c00 f   c4_Simulation.obj
 0001:00014f14       $LN107                     0000000180015f14     Simulation_sfun_registry.obj
 0001:00016244       $LN17                      0000000180017244     Simulation_sfun_registry.obj
 0001:000167cc       $LN26                      00000001800177cc     Simulation_sfun_registry.obj
 0001:00016eb4       $LN23                      0000000180017eb4     Simulation_sfun_registry.obj
 0001:00017490       $LN26                      0000000180018490     Simulation_sfun_registry.obj
 0001:00018dc0       sf_debug_api_wrapper       0000000180019dc0 f   Simulation_sfun_registry.obj
 0001:00018e10       ProcessMexSfunctionCmdLineCall 0000000180019e10 f   Simulation_sfun_registry.obj
 0001:000190d0       getChartInfoFromSimStruct  000000018001a0d0 f   Simulation_sfun_registry.obj
 0001:00019190       mdlSetWorkWidths           000000018001a190 f   Simulation_sfun_registry.obj
 0001:000191c0       mdlProcessParameters       000000018001a1c0 f   Simulation_sfun_registry.obj
 0001:000191f0       mdl_start_processing       000000018001a1f0 f   Simulation_sfun_registry.obj
 0001:00019280       mdl_terminate_processing   000000018001a280 f   Simulation_sfun_registry.obj
 0001:00019300       mdlStart                   000000018001a300 f   Simulation_sfun_registry.obj
 0001:00019330       mdlTerminate               000000018001a330 f   Simulation_sfun_registry.obj
 0001:00019360       mdlInitializeSizes         000000018001a360 f   Simulation_sfun_registry.obj
 0001:00019390       mdlInitializeSampleTimes   000000018001a390 f   Simulation_sfun_registry.obj
 0001:000193c0       mdl_outputs_continuous_legacy 000000018001a3c0 f   Simulation_sfun_registry.obj
 0001:000194c0       mdl_outputs_processing     000000018001a4c0 f   Simulation_sfun_registry.obj
 0001:000195c0       mdl_zeroCrossings_processing 000000018001a5c0 f   Simulation_sfun_registry.obj
 0001:00019600       mdlZeroCrossings           000000018001a600 f   Simulation_sfun_registry.obj
 0001:00019630       mdl_derivatives_processing 000000018001a630 f   Simulation_sfun_registry.obj
 0001:00019680       mdlDerivatives             000000018001a680 f   Simulation_sfun_registry.obj
 0001:000196b0       mdl_initialize_conditions_processing 000000018001a6b0 f   Simulation_sfun_registry.obj
 0001:00019700       mdlInitializeConditions    000000018001a700 f   Simulation_sfun_registry.obj
 0001:00019730       mdl_ext_mode_exec_processing 000000018001a730 f   Simulation_sfun_registry.obj
 0001:00019770       mdlExtModeExec             000000018001a770 f   Simulation_sfun_registry.obj
 0001:000197a0       mdlRTW                     000000018001a7a0 f   Simulation_sfun_registry.obj
 0001:000197e0       mdl_enable_processing      000000018001a7e0 f   Simulation_sfun_registry.obj
 0001:00019820       mdlEnable                  000000018001a820 f   Simulation_sfun_registry.obj
 0001:00019850       mdl_disable_processing     000000018001a850 f   Simulation_sfun_registry.obj
 0001:00019890       mdlDisable                 000000018001a890 f   Simulation_sfun_registry.obj
 0001:000198c0       mdlOutputs                 000000018001a8c0 f   Simulation_sfun_registry.obj
 0001:00019a90       mdlGetTimeOfNextVarHit     000000018001aa90 f   Simulation_sfun_registry.obj
 0001:00019ae0       _RegNumInputPortsCB        000000018001aae0 f   Simulation_sfun_registry.obj
 0001:00019b60       _RegNumOutputPortsCB       000000018001ab60 f   Simulation_sfun_registry.obj
 0001:00019be0       _CreateSimStruct           000000018001abe0 f   Simulation_sfun_registry.obj
 0001:00019d70       _ssFatalError              000000018001ad70 f   Simulation_sfun_registry.obj
 0001:00019e20       _ProcessMexSfunctionCmdLineCall 000000018001ae20 f   Simulation_sfun_registry.obj
 0001:0001ab20       $$000000                   000000018001bb20     MSVCRT:amdsecgs.obj
 0001:0001ab7c       pre_c_init                 000000018001bb7c f   MSVCRT:crtdll.obj
 0001:0001ae74       __DllMainCRTStartup        000000018001be74 f   MSVCRT:crtdll.obj
 0001:0001b390       __DllMainCRTStartup$filt$0 000000018001c390 f   MSVCRT:crtdll.obj
 0001:0001b3b5       __DllMainCRTStartup$fin$1  000000018001c3b5 f   MSVCRT:crtdll.obj
 0001:0001b3d0       _IsNonwritableInCurrentImage$filt$0 000000018001c3d0 f   MSVCRT:pesect.obj
 0001:0001b3f0       _onexit$fin$0              000000018001c3f0 f   MSVCRT:atonexit.obj
 0002:00000468       pcinit                     000000018001d468     MSVCRT:crtdll.obj
 0002:00000470       pinit                      000000018001d470     MSVCRT:atonexit.obj
 0002:00000b18       GS_ExceptionPointers       000000018001db18     MSVCRT:gs_report.obj
 0002:00000be0       $unwind$load_Simulation_optimization_info 000000018001dbe0     Simulation_sfun.obj
 0002:00000be8       $unwind$unload_Simulation_optimization_info 000000018001dbe8     Simulation_sfun.obj
 0002:00000bf0       $unwind$sf_Simulation_method_dispatcher 000000018001dbf0     Simulation_sfun.obj
 0002:00000bf8       $unwind$sf_Simulation_process_check_sum_call 000000018001dbf8     Simulation_sfun.obj
 0002:00000c08       $unwind$sf_Simulation_autoinheritance_info 000000018001dc08     Simulation_sfun.obj
 0002:00000c18       $unwind$sf_Simulation_get_eml_resolved_functions_info 000000018001dc18     Simulation_sfun.obj
 0002:00000c28       $unwind$sf_Simulation_third_party_uses_info 000000018001dc28     Simulation_sfun.obj
 0002:00000c38       $unwind$sf_Simulation_updateBuildInfo_args_info 000000018001dc38     Simulation_sfun.obj
 0002:00000c48       $unwind$Simulation_debug_initialize 000000018001dc48     Simulation_sfun.obj
 0002:00000c50       $unwind$sf_c1_Simulation_get_eml_resolved_functions_info 000000018001dc50     c1_Simulation.obj
 0002:00000c58       $unwind$sf_c1_Simulation_get_check_sum 000000018001dc58     c1_Simulation.obj
 0002:00000c60       $unwind$c1_Simulation_method_dispatcher 000000018001dc60     c1_Simulation.obj
 0002:00000c68       $unwind$initialize_c1_Simulation 000000018001dc68     c1_Simulation.obj
 0002:00000c70       $unwind$enable_c1_Simulation 000000018001dc70     c1_Simulation.obj
 0002:00000c78       $unwind$disable_c1_Simulation 000000018001dc78     c1_Simulation.obj
 0002:00000c80       $unwind$get_sim_state_c1_Simulation 000000018001dc80     c1_Simulation.obj
 0002:00000c88       $unwind$set_sim_state_c1_Simulation 000000018001dc88     c1_Simulation.obj
 0002:00000c90       $unwind$sf_gateway_c1_Simulation 000000018001dc90     c1_Simulation.obj
 0002:00000ca0       $unwind$c1_sf_marshallOut  000000018001dca0     c1_Simulation.obj
 0002:00000ca8       $unwind$c1_emlrt_marshallIn 000000018001dca8     c1_Simulation.obj
 0002:00000cb0       $unwind$c1_b_emlrt_marshallIn 000000018001dcb0     c1_Simulation.obj
 0002:00000cb8       $unwind$c1_sf_marshallIn   000000018001dcb8     c1_Simulation.obj
 0002:00000cc0       $unwind$c1_b_sf_marshallOut 000000018001dcc0     c1_Simulation.obj
 0002:00000cd0       $unwind$c1_c_emlrt_marshallIn 000000018001dcd0     c1_Simulation.obj
 0002:00000ce0       $unwind$c1_b_sf_marshallIn 000000018001dce0     c1_Simulation.obj
 0002:00000cf0       $unwind$c1_info_helper     000000018001dcf0     c1_Simulation.obj
 0002:00000cf8       $unwind$c1_emlrt_marshallOut 000000018001dcf8     c1_Simulation.obj
 0002:00000d00       $unwind$c1_b_emlrt_marshallOut 000000018001dd00     c1_Simulation.obj
 0002:00000d08       $unwind$c1_e_emlrt_marshallIn 000000018001dd08     c1_Simulation.obj
 0002:00000d10       $unwind$c1_f_emlrt_marshallIn 000000018001dd10     c1_Simulation.obj
 0002:00000d18       $unwind$sf_c1_Simulation_get_autoinheritance_info 000000018001dd18     c1_Simulation.obj
 0002:00000d20       $unwind$sf_c1_Simulation_third_party_uses_info 000000018001dd20     c1_Simulation.obj
 0002:00000d28       $unwind$sf_c1_Simulation_updateBuildInfo_args_info 000000018001dd28     c1_Simulation.obj
 0002:00000d30       $unwind$sf_get_sim_state_info_c1_Simulation 000000018001dd30     c1_Simulation.obj
 0002:00000d38       $unwind$chart_debug_initialization 000000018001dd38     c1_Simulation.obj
 0002:00000d40       $unwind$sf_opaque_initialize_c1_Simulation 000000018001dd40     c1_Simulation.obj
 0002:00000d48       $unwind$sf_opaque_enable_c1_Simulation 000000018001dd48     c1_Simulation.obj
 0002:00000d50       $unwind$sf_opaque_disable_c1_Simulation 000000018001dd50     c1_Simulation.obj
 0002:00000d58       $unwind$sf_opaque_gateway_c1_Simulation 000000018001dd58     c1_Simulation.obj
 0002:00000d60       $unwind$sf_internal_get_sim_state_c1_Simulation 000000018001dd60     c1_Simulation.obj
 0002:00000d68       $unwind$sf_internal_set_sim_state_c1_Simulation 000000018001dd68     c1_Simulation.obj
 0002:00000d70       $unwind$sf_opaque_get_sim_state_c1_Simulation 000000018001dd70     c1_Simulation.obj
 0002:00000d78       $unwind$sf_opaque_set_sim_state_c1_Simulation 000000018001dd78     c1_Simulation.obj
 0002:00000d80       $unwind$sf_opaque_terminate_c1_Simulation 000000018001dd80     c1_Simulation.obj
 0002:00000d88       $unwind$sf_opaque_init_subchart_simstructs 000000018001dd88     c1_Simulation.obj
 0002:00000d90       $unwind$mdlProcessParameters_c1_Simulation 000000018001dd90     c1_Simulation.obj
 0002:00000d98       $unwind$mdlSetWorkWidths_c1_Simulation 000000018001dd98     c1_Simulation.obj
 0002:00000da0       $unwind$mdlRTW_c1_Simulation 000000018001dda0     c1_Simulation.obj
 0002:00000da8       $unwind$mdlStart_c1_Simulation 000000018001dda8     c1_Simulation.obj
 0002:00000db0       $unwind$sf_c3_Simulation_get_eml_resolved_functions_info 000000018001ddb0     c3_Simulation.obj
 0002:00000db8       $unwind$sf_c3_Simulation_get_check_sum 000000018001ddb8     c3_Simulation.obj
 0002:00000dc0       $unwind$c3_Simulation_method_dispatcher 000000018001ddc0     c3_Simulation.obj
 0002:00000dc8       $unwind$initialize_c3_Simulation 000000018001ddc8     c3_Simulation.obj
 0002:00000dd0       $unwind$enable_c3_Simulation 000000018001ddd0     c3_Simulation.obj
 0002:00000dd8       $unwind$disable_c3_Simulation 000000018001ddd8     c3_Simulation.obj
 0002:00000de0       $unwind$c3_update_debugger_state_c3_Simulation 000000018001dde0     c3_Simulation.obj
 0002:00000de8       $unwind$get_sim_state_c3_Simulation 000000018001dde8     c3_Simulation.obj
 0002:00000df0       $unwind$set_sim_state_c3_Simulation 000000018001ddf0     c3_Simulation.obj
 0002:00000df8       $unwind$finalize_c3_Simulation 000000018001ddf8     c3_Simulation.obj
 0002:00000e00       $unwind$sf_gateway_c3_Simulation 000000018001de00     c3_Simulation.obj
 0002:00000e10       $unwind$c3_sf_marshallOut  000000018001de10     c3_Simulation.obj
 0002:00000e18       $unwind$c3_emlrt_marshallIn 000000018001de18     c3_Simulation.obj
 0002:00000e20       $unwind$c3_b_emlrt_marshallIn 000000018001de20     c3_Simulation.obj
 0002:00000e28       $unwind$c3_sf_marshallIn   000000018001de28     c3_Simulation.obj
 0002:00000e30       $unwind$c3_b_sf_marshallOut 000000018001de30     c3_Simulation.obj
 0002:00000e38       $unwind$c3_c_emlrt_marshallIn 000000018001de38     c3_Simulation.obj
 0002:00000e40       $unwind$c3_b_sf_marshallIn 000000018001de40     c3_Simulation.obj
 0002:00000e48       $unwind$c3_e_emlrt_marshallIn 000000018001de48     c3_Simulation.obj
 0002:00000e50       $unwind$c3_f_emlrt_marshallIn 000000018001de50     c3_Simulation.obj
[...]
 0004:000001ec       $pdata$sf_opaque_get_sim_state_c1_Simulation 00000001800271ec     c1_Simulation.obj
 0004:000001f8       $pdata$sf_opaque_set_sim_state_c1_Simulation 00000001800271f8     c1_Simulation.obj
 0004:00000204       $pdata$sf_opaque_terminate_c1_Simulation 0000000180027204     c1_Simulation.obj
 0004:00000210       $pdata$sf_opaque_init_subchart_simstructs 0000000180027210     c1_Simulation.obj
 0004:0000021c       $pdata$mdlProcessParameters_c1_Simulation 000000018002721c     c1_Simulation.obj
 0004:00000228       $pdata$mdlSetWorkWidths_c1_Simulation 0000000180027228     c1_Simulation.obj
 0004:00000234       $pdata$mdlRTW_c1_Simulation 0000000180027234     c1_Simulation.obj
 0004:00000240       $pdata$mdlStart_c1_Simulation 0000000180027240     c1_Simulation.obj
 0004:0000024c       $pdata$sf_c3_Simulation_get_eml_resolved_functions_info 000000018002724c     c3_Simulation.obj
 0004:00000258       $pdata$sf_c3_Simulation_get_check_sum 0000000180027258     c3_Simulation.obj
 0004:00000264       $pdata$c3_Simulation_method_dispatcher 0000000180027264     c3_Simulation.obj
 0004:00000270       $pdata$initialize_c3_Simulation 0000000180027270     c3_Simulation.obj
 0004:0000027c       $pdata$enable_c3_Simulation 000000018002727c     c3_Simulation.obj
 0004:00000288       $pdata$disable_c3_Simulation 0000000180027288     c3_Simulation.obj
 0004:00000294       $pdata$c3_update_debugger_state_c3_Simulation 0000000180027294     c3_Simulation.obj
 0004:000002a0       $pdata$get_sim_state_c3_Simulation 00000001800272a0     c3_Simulation.obj
 0004:000002ac       $pdata$set_sim_state_c3_Simulation 00000001800272ac     c3_Simulation.obj
 0004:000002b8       $pdata$finalize_c3_Simulation 00000001800272b8     c3_Simulation.obj
 0004:000002c4       $pdata$sf_gateway_c3_Simulation 00000001800272c4     c3_Simulation.obj
 0004:000002d0       $pdata$c3_sf_marshallOut   00000001800272d0     c3_Simulation.obj
 0004:000002dc       $pdata$c3_emlrt_marshallIn 00000001800272dc     c3_Simulation.obj
 0004:000002e8       $pdata$c3_b_emlrt_marshallIn 00000001800272e8     c3_Simulation.obj
 0004:000002f4       $pdata$c3_sf_marshallIn    00000001800272f4     c3_Simulation.obj
 0004:00000300       $pdata$c3_b_sf_marshallOut 0000000180027300     c3_Simulation.obj
 0004:0000030c       $pdata$c3_c_emlrt_marshallIn 000000018002730c     c3_Simulation.obj
 0004:00000318       $pdata$c3_b_sf_marshallIn  0000000180027318     c3_Simulation.obj
 0004:00000324       $pdata$c3_e_emlrt_marshallIn 0000000180027324     c3_Simulation.obj
 0004:00000330       $pdata$c3_f_emlrt_marshallIn 0000000180027330     c3_Simulation.obj
 0004:0000033c       $pdata$c3_g_emlrt_marshallIn 000000018002733c     c3_Simulation.obj
 0004:00000348       $pdata$c3_h_emlrt_marshallIn 0000000180027348     c3_Simulation.obj
 0004:00000354       $pdata$c3_updateDataWrittenToVector 0000000180027354     c3_Simulation.obj
 0004:00000360       $pdata$sf_c3_Simulation_get_autoinheritance_info 0000000180027360     c3_Simulation.obj
 0004:0000036c       $pdata$sf_c3_Simulation_third_party_uses_info 000000018002736c     c3_Simulation.obj
 0004:00000378       $pdata$sf_c3_Simulation_updateBuildInfo_args_info 0000000180027378     c3_Simulation.obj
 0004:00000384       $pdata$sf_get_sim_state_info_c3_Simulation 0000000180027384     c3_Simulation.obj
 0004:00000390       $pdata$chart_debug_initialization 0000000180027390     c3_Simulation.obj
 0004:0000039c       $pdata$sf_opaque_initialize_c3_Simulation 000000018002739c     c3_Simulation.obj
 0004:000003a8       $pdata$sf_opaque_enable_c3_Simulation 00000001800273a8     c3_Simulation.obj
 0004:000003b4       $pdata$sf_opaque_disable_c3_Simulation 00000001800273b4     c3_Simulation.obj
 0004:000003c0       $pdata$sf_opaque_gateway_c3_Simulation 00000001800273c0     c3_Simulation.obj
 0004:000003cc       $pdata$sf_internal_get_sim_state_c3_Simulation 00000001800273cc     c3_Simulation.obj
 0004:000003d8       $pdata$sf_internal_set_sim_state_c3_Simulation 00000001800273d8     c3_Simulation.obj
 0004:000003e4       $pdata$sf_opaque_get_sim_state_c3_Simulation 00000001800273e4     c3_Simulation.obj
 0004:000003f0       $pdata$sf_opaque_set_sim_state_c3_Simulation 00000001800273f0     c3_Simulation.obj
 0004:000003fc       $pdata$sf_opaque_terminate_c3_Simulation 00000001800273fc     c3_Simulation.obj
 0004:00000408       $pdata$sf_opaque_init_subchart_simstructs 0000000180027408     c3_Simulation.obj
 0004:00000414       $pdata$mdlProcessParameters_c3_Simulation 0000000180027414     c3_Simulation.obj
 0004:00000420       $pdata$mdlSetWorkWidths_c3_Simulation 0000000180027420     c3_Simulation.obj
 0004:0000042c       $pdata$mdlRTW_c3_Simulation 000000018002742c     c3_Simulation.obj
 0004:00000438       $pdata$mdlStart_c3_Simulation 0000000180027438     c3_Simulation.obj
 0004:00000444       $pdata$sf_c4_Simulation_get_eml_resolved_functions_info 0000000180027444     c4_Simulation.obj
 0004:00000450       $pdata$sf_c4_Simulation_get_check_sum 0000000180027450     c4_Simulation.obj
 0004:0000045c       $pdata$c4_Simulation_method_dispatcher 000000018002745c     c4_Simulation.obj
 0004:00000468       $pdata$initialize_c4_Simulation 0000000180027468     c4_Simulation.obj
 0004:00000474       $pdata$enable_c4_Simulation 0000000180027474     c4_Simulation.obj
 0004:00000480       $pdata$disable_c4_Simulation 0000000180027480     c4_Simulation.obj
 0004:0000048c       $pdata$get_sim_state_c4_Simulation 000000018002748c     c4_Simulation.obj
 0004:00000498       $pdata$set_sim_state_c4_Simulation 0000000180027498     c4_Simulation.obj
 0004:000004a4       $pdata$sf_gateway_c4_Simulation 00000001800274a4     c4_Simulation.obj
 0004:000004b0       $pdata$c4_sf_marshallOut   00000001800274b0     c4_Simulation.obj
 0004:000004bc       $pdata$c4_emlrt_marshallIn 00000001800274bc     c4_Simulation.obj
 0004:000004c8       $pdata$c4_b_emlrt_marshallIn 00000001800274c8     c4_Simulation.obj
 0004:000004d4       $pdata$c4_sf_marshallIn    00000001800274d4     c4_Simulation.obj
 0004:000004e0       $pdata$c4_d_emlrt_marshallIn 00000001800274e0     c4_Simulation.obj
 0004:000004ec       $pdata$c4_e_emlrt_marshallIn 00000001800274ec     c4_Simulation.obj
 0004:000004f8       $pdata$sf_c4_Simulation_get_autoinheritance_info 00000001800274f8     c4_Simulation.obj
 0004:00000504       $pdata$sf_c4_Simulation_third_party_uses_info 0000000180027504     c4_Simulation.obj
 0004:00000510       $pdata$sf_c4_Simulation_updateBuildInfo_args_info 0000000180027510     c4_Simulation.obj
 0004:0000051c       $pdata$sf_get_sim_state_info_c4_Simulation 000000018002751c     c4_Simulation.obj
 0004:00000528       $pdata$chart_debug_initialization 0000000180027528     c4_Simulation.obj
 0004:00000534       $pdata$sf_opaque_initialize_c4_Simulation 0000000180027534     c4_Simulation.obj
 0004:00000540       $pdata$sf_opaque_enable_c4_Simulation 0000000180027540     c4_Simulation.obj
 0004:0000054c       $pdata$sf_opaque_disable_c4_Simulation 000000018002754c     c4_Simulation.obj
 0004:00000558       $pdata$sf_opaque_gateway_c4_Simulation 0000000180027558     c4_Simulation.obj
 0004:00000564       $pdata$sf_internal_get_sim_state_c4_Simulation 0000000180027564     c4_Simulation.obj
 0004:00000570       $pdata$sf_internal_set_sim_state_c4_Simulation 0000000180027570     c4_Simulation.obj
 0004:0000057c       $pdata$sf_opaque_get_sim_state_c4_Simulation 000000018002757c     c4_Simulation.obj
 0004:00000588       $pdata$sf_opaque_set_sim_state_c4_Simulation 0000000180027588     c4_Simulation.obj
 0004:00000594       $pdata$sf_opaque_terminate_c4_Simulation 0000000180027594     c4_Simulation.obj
 0004:000005a0       $pdata$sf_opaque_init_subchart_simstructs 00000001800275a0     c4_Simulation.obj
 0004:000005ac       $pdata$mdlProcessParameters_c4_Simulation 00000001800275ac     c4_Simulation.obj
 0004:000005b8       $pdata$mdlSetWorkWidths_c4_Simulation 00000001800275b8     c4_Simulation.obj
 0004:000005c4       $pdata$mdlRTW_c4_Simulation 00000001800275c4     c4_Simulation.obj
 0004:000005d0       $pdata$mdlStart_c4_Simulation 00000001800275d0     c4_Simulation.obj
 0004:000005dc       $pdata$mexFunction         00000001800275dc     Simulation_sfun_registry.obj
 0004:000005e8       $pdata$_ssSetInputPortDirectFeedThroughFcn 00000001800275e8     Simulation_sfun_registry.obj
 0004:000005f4       $pdata$_ssGetInputPortSignalPtrsFcn 00000001800275f4     Simulation_sfun_registry.obj
 0004:00000600       $pdata$_ssGetInputPortSignalFcn 0000000180027600     Simulation_sfun_registry.obj
 0004:0000060c       $pdata$_ssSetInputPortReusableFcn 000000018002760c     Simulation_sfun_registry.obj
 0004:00000618       $pdata$_ssSetOutputPortReusableFcn 0000000180027618     Simulation_sfun_registry.obj
 0004:00000624       $pdata$ssGetIsZeroCrossControlDisabled 0000000180027624     Simulation_sfun_registry.obj
 0004:00000630       $pdata$ssSetIsInputPortUsedForContZcSignal 0000000180027630     Simulation_sfun_registry.obj
 0004:0000063c       $pdata$ssSetZcSignalIsZcElementDisc 000000018002763c     Simulation_sfun_registry.obj
 0004:00000648       $pdata$ssSetZcSignalName   0000000180027648     Simulation_sfun_registry.obj
 0004:00000654       $pdata$ssSetZcSignalWidth  0000000180027654     Simulation_sfun_registry.obj
 0004:00000660       $pdata$ssSetZcSignalZcEventType 0000000180027660     Simulation_sfun_registry.obj
 0004:0000066c       $pdata$ssSetZcSignalType   000000018002766c     Simulation_sfun_registry.obj
 0004:00000678       $pdata$ssSetZcSignalZcTol  0000000180027678     Simulation_sfun_registry.obj
 0004:00000684       $pdata$ssSetZcSignalNeedsEventNotification 0000000180027684     Simulation_sfun_registry.obj
 0004:00000690       $pdata$ssCreateAndAddZcSignalInfo 0000000180027690     Simulation_sfun_registry.obj
 0004:0000069c       $pdata$ssCloneAndAddZcSignalInfo 000000018002769c     Simulation_sfun_registry.obj
 0004:000006a8       $pdata$ssGetNumZcSignals   00000001800276a8     Simulation_sfun_registry.obj
 0004:000006b4       $pdata$ssGetZcSignalVector 00000001800276b4     Simulation_sfun_registry.obj
 0004:000006c0       $pdata$ssGetZcSignalName   00000001800276c0     Simulation_sfun_registry.obj
 0004:000006cc       $pdata$ssGetZcSignalWidth  00000001800276cc     Simulation_sfun_registry.obj
 0004:000006d8       $pdata$ssGetZcSignalZcEventType 00000001800276d8     Simulation_sfun_registry.obj
 0004:000006e4       $pdata$ssGetZcSignalZcEvents 00000001800276e4     Simulation_sfun_registry.obj
 0004:000006f0       $pdata$ssGetZcSignalType   00000001800276f0     Simulation_sfun_registry.obj
 0004:000006fc       $pdata$ssGetZcSignalZcTol  00000001800276fc     Simulation_sfun_registry.obj
 0004:00000708       $pdata$ssGetZcSignalNeedsEventNotification 0000000180027708     Simulation_sfun_registry.obj
 0004:00000714       $pdata$ssGetZcSignalIsZcElementDisc 0000000180027714     Simulation_sfun_registry.obj
 0004:00000720       $pdata$ssGetIsInputPortElementContinuous 0000000180027720     Simulation_sfun_registry.obj
 0004:0000072c       $pdata$ssGetDTypeIdFromMxArray 000000018002772c     Simulation_sfun_registry.obj
 0004:00000738       $pdata$ssWriteRTWStr       0000000180027738     Simulation_sfun_registry.obj
 0004:00000744       $pdata$ssWriteRTWNameValuePair 0000000180027744     Simulation_sfun_registry.obj
 0004:00000750       $pdata$ssWriteRTWParamSettings 0000000180027750     Simulation_sfun_registry.obj
 0004:0000075c       $pdata$ssWriteRTWParameters 000000018002775c     Simulation_sfun_registry.obj
 0004:00000768       $pdata$ssWriteRTWWorkVect  0000000180027768     Simulation_sfun_registry.obj
 0004:00000774       $pdata$ssWriteRTWMxVectParam 0000000180027774     Simulation_sfun_registry.obj
 0004:00000780       $pdata$ssWriteRTWMx2dMatParam 0000000180027780     Simulation_sfun_registry.obj
 0004:0000078c       $pdata$_ssSetInputPortMatrixDimensions 000000018002778c     Simulation_sfun_registry.obj
 0004:00000798       $pdata$_ssSetOutputPortMatrixDimensions 0000000180027798     Simulation_sfun_registry.obj
 0004:000007a4       $pdata$_ssSetInputPortVectorDimension 00000001800277a4     Simulation_sfun_registry.obj
 0004:000007b0       $pdata$_ssSetOutputPortVectorDimension 00000001800277b0     Simulation_sfun_registry.obj
 0004:000007bc       $pdata$ssIsRunTimeParamTunable 00000001800277bc     Simulation_sfun_registry.obj
 0004:000007c8       $pdata$ssGetSFuncBlockHandle 00000001800277c8     Simulation_sfun_registry.obj
 0004:000007d4       $pdata$_ssGetCurrentInputPortWidth 00000001800277d4     Simulation_sfun_registry.obj
 0004:000007e0       $pdata$_ssGetCurrentOutputPortWidth 00000001800277e0     Simulation_sfun_registry.obj
 0004:000007ec       $pdata$_ssGetCallSystemNumFcnCallDestinations 00000001800277ec     Simulation_sfun_registry.obj
 0004:000007f8       $pdata$ssWarning           00000001800277f8     Simulation_sfun_registry.obj
 0004:00000804       $pdata$_ssGetAbsTol        0000000180027804     Simulation_sfun_registry.obj
 0004:00000810       $pdata$sf_process_check_sum_call 0000000180027810     Simulation_sfun_registry.obj
 0004:0000081c       $pdata$sf_process_autoinheritance_call 000000018002781c     Simulation_sfun_registry.obj
 0004:00000828       $pdata$sf_process_get_third_party_uses_info_call 0000000180027828     Simulation_sfun_registry.obj
 0004:00000834       $pdata$sf_process_get_updateBuildInfo_args_info_call 0000000180027834     Simulation_sfun_registry.obj
 0004:00000840       $pdata$sf_process_get_eml_resolved_functions_info_call 0000000180027840     Simulation_sfun_registry.obj
 0004:0000084c       $pdata$sf_mex_unlock_call  000000018002784c     Simulation_sfun_registry.obj
 0004:00000858       $pdata$sf_debug_api_wrapper 0000000180027858     Simulation_sfun_registry.obj
 0004:00000864       $pdata$ProcessMexSfunctionCmdLineCall 0000000180027864     Simulation_sfun_registry.obj
 0004:00000870       $pdata$sf_machine_global_initializer_called 0000000180027870     Simulation_sfun_registry.obj
 0004:0000087c       $pdata$sf_machine_global_method_dispatcher 000000018002787c     Simulation_sfun_registry.obj
 0004:00000888       $pdata$sf_machine_global_terminator 0000000180027888     Simulation_sfun_registry.obj
 0004:00000894       $pdata$sf_register_machine_exported_symbols 0000000180027894     Simulation_sfun_registry.obj
 0004:000008a0       $pdata$sf_machine_global_initializer 00000001800278a0     Simulation_sfun_registry.obj
 0004:000008ac       $pdata$getChartInfoFromSimStruct 00000001800278ac     Simulation_sfun_registry.obj
 0004:000008b8       $pdata$mdlGetSimState      00000001800278b8     Simulation_sfun_registry.obj
 0004:000008c4       $pdata$mdlSetSimState      00000001800278c4     Simulation_sfun_registry.obj
 0004:000008d0       $pdata$mdlSetWorkWidths    00000001800278d0     Simulation_sfun_registry.obj
 0004:000008dc       $pdata$mdlProcessParameters 00000001800278dc     Simulation_sfun_registry.obj
 0004:000008e8       $pdata$mdl_start_processing 00000001800278e8     Simulation_sfun_registry.obj
 0004:000008f4       $pdata$mdl_terminate_processing 00000001800278f4     Simulation_sfun_registry.obj
 0004:00000900       $pdata$mdlStart            0000000180027900     Simulation_sfun_registry.obj
 0004:0000090c       $pdata$mdlTerminate        000000018002790c     Simulation_sfun_registry.obj
 0004:00000918       $pdata$mdlInitializeSizes  0000000180027918     Simulation_sfun_registry.obj
 0004:00000924       $pdata$mdlInitializeSampleTimes 0000000180027924     Simulation_sfun_registry.obj
 0004:00000930       $pdata$mdl_outputs_continuous_legacy 0000000180027930     Simulation_sfun_registry.obj
 0004:0000093c       $pdata$mdl_outputs_processing 000000018002793c     Simulation_sfun_registry.obj
 0004:00000948       $pdata$mdl_zeroCrossings_processing 0000000180027948     Simulation_sfun_registry.obj
 0004:00000954       $pdata$mdlZeroCrossings    0000000180027954     Simulation_sfun_registry.obj
 0004:00000960       $pdata$mdl_derivatives_processing 0000000180027960     Simulation_sfun_registry.obj
 0004:0000096c       $pdata$mdlDerivatives      000000018002796c     Simulation_sfun_registry.obj
 0004:00000978       $pdata$mdl_initialize_conditions_processing 0000000180027978     Simulation_sfun_registry.obj
 0004:00000984       $pdata$mdlInitializeConditions 0000000180027984     Simulation_sfun_registry.obj
 0004:00000990       $pdata$mdl_ext_mode_exec_processing 0000000180027990     Simulation_sfun_registry.obj
 0004:0000099c       $pdata$mdlExtModeExec      000000018002799c     Simulation_sfun_registry.obj
 0004:000009a8       $pdata$mdlRTW              00000001800279a8     Simulation_sfun_registry.obj
 0004:000009b4       $pdata$mdl_enable_processing 00000001800279b4     Simulation_sfun_registry.obj
 0004:000009c0       $pdata$mdlEnable           00000001800279c0     Simulation_sfun_registry.obj
 0004:000009cc       $pdata$mdl_disable_processing 00000001800279cc     Simulation_sfun_registry.obj
 0004:000009d8       $pdata$mdlDisable          00000001800279d8     Simulation_sfun_registry.obj
 0004:000009e4       $pdata$mdlOutputs          00000001800279e4     Simulation_sfun_registry.obj
 0004:000009f0       $pdata$ProcessMexSfunctionEveryCall 00000001800279f0     Simulation_sfun_registry.obj
 0004:000009fc       $pdata$_RegNumInputPortsCB 00000001800279fc     Simulation_sfun_registry.obj
 0004:00000a08       $pdata$_RegNumOutputPortsCB 0000000180027a08     Simulation_sfun_registry.obj
 0004:00000a14       $pdata$_CreateSimStruct    0000000180027a14     Simulation_sfun_registry.obj
 0004:00000a20       $pdata$_ssFatalError       0000000180027a20     Simulation_sfun_registry.obj
 0004:00000a2c       $pdata$_ProcessMexSfunctionCmdLineCall 0000000180027a2c     Simulation_sfun_registry.obj
 0004:00000a38       $pdata$__raise_securityfailure 0000000180027a38     MSVCRT:gs_report.obj
 0004:00000a44       $pdata$__report_gsfailure  0000000180027a44     MSVCRT:gs_report.obj
 0004:00000a50       $pdata$__report_rangecheckfailure 0000000180027a50     MSVCRT:gs_report.obj
 0004:00000a5c       $pdata$__report_securityfailure 0000000180027a5c     MSVCRT:gs_report.obj
 0004:00000a68       $pdata$__report_securityfailureEx 0000000180027a68     MSVCRT:gs_report.obj
 0004:00000a74       $pdata$__GSHandlerCheck    0000000180027a74     MSVCRT:gshandler.obj
 0004:00000a80       $pdata$__GSHandlerCheckCommon 0000000180027a80     MSVCRT:gshandler.obj
 0004:00000a98       $pdata$pre_c_init          0000000180027a98     MSVCRT:crtdll.obj
 0004:00000aa4       $pdata$_CRT_INIT           0000000180027aa4     MSVCRT:crtdll.obj
 0004:00000ab0       $pdata$_DllMainCRTStartup  0000000180027ab0     MSVCRT:crtdll.obj
 0004:00000abc       $pdata$__DllMainCRTStartup 0000000180027abc     MSVCRT:crtdll.obj
 0004:00000ac8       $pdata$_IsNonwritableInCurrentImage 0000000180027ac8     MSVCRT:pesect.obj
 0004:00000ad4       $pdata$__atonexitinit      0000000180027ad4     MSVCRT:atonexit.obj
 0004:00000ae0       $pdata$_onexit             0000000180027ae0     MSVCRT:atonexit.obj
 0004:00000aec       $pdata$atexit              0000000180027aec     MSVCRT:atonexit.obj
 0004:00000af8       $pdata$__security_init_cookie 0000000180027af8     MSVCRT:gs_support.obj
 0004:00000b04       $pdata$DllMain             0000000180027b04     MSVCRT:dllmain.obj
 0004:00000b10       $pdata$_RTC_Initialize     0000000180027b10     MSVCRT:initsect.obj
 0004:00000b1c       $pdata$_RTC_Terminate      0000000180027b1c     MSVCRT:initsect.obj
 0004:00000b28       $pdata$__DllMainCRTStartup$filt$0 0000000180027b28     MSVCRT:crtdll.obj
 0004:00000b34       $pdata$__DllMainCRTStartup$fin$1 0000000180027b34     MSVCRT:crtdll.obj
 0004:00000b40       $pdata$_IsNonwritableInCurrentImage$filt$0 0000000180027b40     MSVCRT:pesect.obj
 0004:00000b4c       $pdata$_onexit$fin$0       0000000180027b4c     MSVCRT:atonexit.obj
