 SingleCylinderTest_sfun

 Timestamp is 553049ff (Thu Apr 16 18:47:11 2015)

 Preferred load address is 0000000180000000

 Start         Length     Name                   Class
 0001:00000000 0001ad1eH .text                   CODE
 0001:0001ad20 0000007bH .text$x                 CODE
 0002:00000000 00000460H .idata$5                DATA
 0002:00000460 00000008H .CRT$XCA                DATA
 0002:00000468 00000008H .CRT$XCZ                DATA
 0002:00000470 00000008H .CRT$XIA                DATA
 0002:00000478 00000008H .CRT$XIAA               DATA
 0002:00000480 00000008H .CRT$XIC                DATA
 0002:00000488 00000008H .CRT$XIZ                DATA
 0002:00000490 00000740H .rdata                  DATA
 0002:00000bd0 00000008H .rtc$IAA                DATA
 0002:00000bd8 00000008H .rtc$IZZ                DATA
 0002:00000be0 00000008H .rtc$TAA                DATA
 0002:00000be8 00000008H .rtc$TZZ                DATA
 0002:00000bf0 00000914H .xdata                  DATA
 0002:00001504 00000078H .idata$2                DATA
 0002:0000157c 00000014H .idata$3                DATA
 0002:00001590 00000460H .idata$4                DATA
 0002:000019f0 00000c70H .idata$6                DATA
 0002:00002660 0000005dH .edata                  DATA
 0003:00000000 00006618H .data                   DATA
 0003:00006620 000006c8H .bss                    DATA
 0004:00000000 00000b88H .pdata                  DATA

  Address         Publics by Value              Rva+Base               Lib:Object

 0000:00000000       ___safe_se_handler_table   0000000000000000     <absolute>
 0000:00000000       ___safe_se_handler_count   0000000000000000     <absolute>
 0000:00000000       __ImageBase                0000000180000000     <linker-defined>
 0001:00000000       SingleCylinderTest_initializer 0000000180001000 f   SingleCylinderTest_sfun.obj
 0001:00000010       SingleCylinderTest_terminator 0000000180001010 f   SingleCylinderTest_sfun.obj
 0001:00000020       load_SingleCylinderTest_optimization_info 0000000180001020 f   SingleCylinderTest_sfun.obj
 0001:00000070       unload_SingleCylinderTest_optimization_info 0000000180001070 f   SingleCylinderTest_sfun.obj
 0001:000000a0       sf_SingleCylinderTest_method_dispatcher 00000001800010a0 f   SingleCylinderTest_sfun.obj
 0001:00000130       sf_SingleCylinderTest_process_check_sum_call 0000000180001130 f   SingleCylinderTest_sfun.obj
 0001:000007e0       sf_SingleCylinderTest_autoinheritance_info 00000001800017e0 f   SingleCylinderTest_sfun.obj
 0001:00000a90       sf_SingleCylinderTest_get_eml_resolved_functions_info 0000000180001a90 f   SingleCylinderTest_sfun.obj
 0001:00000c90       sf_SingleCylinderTest_third_party_uses_info 0000000180001c90 f   SingleCylinderTest_sfun.obj
 0001:00000ed0       sf_SingleCylinderTest_updateBuildInfo_args_info 0000000180001ed0 f   SingleCylinderTest_sfun.obj
 0001:00001110       SingleCylinderTest_debug_initialize 0000000180002110 f   SingleCylinderTest_sfun.obj
 0001:00001190       SingleCylinderTest_register_exported_symbols 0000000180002190 f   SingleCylinderTest_sfun.obj
 0001:000011a0       sf_c1_SingleCylinderTest_get_eml_resolved_functions_info 00000001800021a0 f   c1_SingleCylinderTest.obj
 0001:00001210       sf_c1_SingleCylinderTest_get_check_sum 0000000180002210 f   c1_SingleCylinderTest.obj
 0001:000012e0       c1_SingleCylinderTest_method_dispatcher 00000001800022e0 f   c1_SingleCylinderTest.obj
 0001:00008f40       sf_c1_SingleCylinderTest_get_autoinheritance_info 0000000180009f40 f   c1_SingleCylinderTest.obj
 0001:00009360       sf_c1_SingleCylinderTest_third_party_uses_info 000000018000a360 f   c1_SingleCylinderTest.obj
 0001:00009390       sf_c1_SingleCylinderTest_updateBuildInfo_args_info 000000018000a390 f   c1_SingleCylinderTest.obj
 0001:00009c90       sf_internal_get_sim_state_c1_SingleCylinderTest 000000018000ac90 f   c1_SingleCylinderTest.obj
 0001:00009df0       sf_internal_set_sim_state_c1_SingleCylinderTest 000000018000adf0 f   c1_SingleCylinderTest.obj
 0001:0000a8c0       sf_c3_SingleCylinderTest_get_eml_resolved_functions_info 000000018000b8c0 f   c3_SingleCylinderTest.obj
 0001:0000a940       sf_c3_SingleCylinderTest_get_check_sum 000000018000b940 f   c3_SingleCylinderTest.obj
 0001:0000aa10       c3_SingleCylinderTest_method_dispatcher 000000018000ba10 f   c3_SingleCylinderTest.obj
 0001:0000e0e0       sf_c3_SingleCylinderTest_get_autoinheritance_info 000000018000f0e0 f   c3_SingleCylinderTest.obj
 0001:0000e8f0       sf_c3_SingleCylinderTest_third_party_uses_info 000000018000f8f0 f   c3_SingleCylinderTest.obj
 0001:0000e920       sf_c3_SingleCylinderTest_updateBuildInfo_args_info 000000018000f920 f   c3_SingleCylinderTest.obj
 0001:0000ff40       sf_internal_get_sim_state_c3_SingleCylinderTest 0000000180010f40 f   c3_SingleCylinderTest.obj
 0001:000100a0       sf_internal_set_sim_state_c3_SingleCylinderTest 00000001800110a0 f   c3_SingleCylinderTest.obj
 0001:00010c20       sf_c4_SingleCylinderTest_get_eml_resolved_functions_info 0000000180011c20 f   c4_SingleCylinderTest.obj
 0001:00010ca0       sf_c4_SingleCylinderTest_get_check_sum 0000000180011ca0 f   c4_SingleCylinderTest.obj
 0001:00010d70       c4_SingleCylinderTest_method_dispatcher 0000000180011d70 f   c4_SingleCylinderTest.obj
 0001:00011d60       sf_c4_SingleCylinderTest_get_autoinheritance_info 0000000180012d60 f   c4_SingleCylinderTest.obj
 0001:00012180       sf_c4_SingleCylinderTest_third_party_uses_info 0000000180013180 f   c4_SingleCylinderTest.obj
 0001:000121b0       sf_c4_SingleCylinderTest_updateBuildInfo_args_info 00000001800131b0 f   c4_SingleCylinderTest.obj
 0001:00012b80       sf_internal_get_sim_state_c4_SingleCylinderTest 0000000180013b80 f   c4_SingleCylinderTest.obj
 0001:00012ce0       sf_internal_set_sim_state_c4_SingleCylinderTest 0000000180013ce0 f   c4_SingleCylinderTest.obj
 0001:000137b0       mexFunction                00000001800147b0 f   SingleCylinderTest_sfun_registry.obj
 0001:00014950       _ssSetInputPortDirectFeedThroughFcn 0000000180015950 f   SingleCylinderTest_sfun_registry.obj
 0001:00014ab0       _ssGetInputPortSignalPtrsFcn 0000000180015ab0 f   SingleCylinderTest_sfun_registry.obj
 0001:00014cd0       _ssGetInputPortSignalFcn   0000000180015cd0 f   SingleCylinderTest_sfun_registry.obj
 0001:00014ef0       _ssSetInputPortReusableFcn 0000000180015ef0 f   SingleCylinderTest_sfun_registry.obj
 0001:00014fd0       _ssSetOutputPortReusableFcn 0000000180015fd0 f   SingleCylinderTest_sfun_registry.obj
 0001:000150b0       ssGetIsZeroCrossControlDisabled 00000001800160b0 f   SingleCylinderTest_sfun_registry.obj
 0001:00015120       ssSetIsInputPortUsedForContZcSignal 0000000180016120 f   SingleCylinderTest_sfun_registry.obj
 0001:00015190       ssSetZcSignalIsZcElementDisc 0000000180016190 f   SingleCylinderTest_sfun_registry.obj
 0001:00015240       ssSetZcSignalName          0000000180016240 f   SingleCylinderTest_sfun_registry.obj
 0001:000152b0       ssSetZcSignalWidth         00000001800162b0 f   SingleCylinderTest_sfun_registry.obj
 0001:00015320       ssSetZcSignalZcEventType   0000000180016320 f   SingleCylinderTest_sfun_registry.obj
 0001:00015390       ssSetZcSignalType          0000000180016390 f   SingleCylinderTest_sfun_registry.obj
 0001:00015400       ssSetZcSignalZcTol         0000000180016400 f   SingleCylinderTest_sfun_registry.obj
 0001:00015470       ssSetZcSignalNeedsEventNotification 0000000180016470 f   SingleCylinderTest_sfun_registry.obj
 0001:000154e0       ssCreateAndAddZcSignalInfo 00000001800164e0 f   SingleCylinderTest_sfun_registry.obj
 0001:00015550       ssCloneAndAddZcSignalInfo  0000000180016550 f   SingleCylinderTest_sfun_registry.obj
 0001:000155c0       ssGetNumZcSignals          00000001800165c0 f   SingleCylinderTest_sfun_registry.obj
 0001:00015630       ssGetZcSignalVector        0000000180016630 f   SingleCylinderTest_sfun_registry.obj
 0001:000156a0       ssGetZcSignalName          00000001800166a0 f   SingleCylinderTest_sfun_registry.obj
 0001:00015710       ssGetZcSignalWidth         0000000180016710 f   SingleCylinderTest_sfun_registry.obj
 0001:00015780       ssGetZcSignalZcEventType   0000000180016780 f   SingleCylinderTest_sfun_registry.obj
 0001:000157f0       ssGetZcSignalZcEvents      00000001800167f0 f   SingleCylinderTest_sfun_registry.obj
 0001:00015860       ssGetZcSignalType          0000000180016860 f   SingleCylinderTest_sfun_registry.obj
 0001:000158d0       ssGetZcSignalZcTol         00000001800168d0 f   SingleCylinderTest_sfun_registry.obj
 0001:00015950       ssGetZcSignalNeedsEventNotification 0000000180016950 f   SingleCylinderTest_sfun_registry.obj
 0001:000159c0       ssGetZcSignalIsZcElementDisc 00000001800169c0 f   SingleCylinderTest_sfun_registry.obj
 0001:00015a60       ssGetIsInputPortElementContinuous 0000000180016a60 f   SingleCylinderTest_sfun_registry.obj
 0001:00015b00       ssGetDTypeIdFromMxArray    0000000180016b00 f   SingleCylinderTest_sfun_registry.obj
 0001:00015c20       ssWriteRTWStr              0000000180016c20 f   SingleCylinderTest_sfun_registry.obj
 0001:00015c80       ssWriteRTWNameValuePair    0000000180016c80 f   SingleCylinderTest_sfun_registry.obj
 0001:00016180       ssWriteRTWParamSettings    0000000180017180 f   SingleCylinderTest_sfun_registry.obj
 0001:00016870       ssWriteRTWParameters       0000000180017870 f   SingleCylinderTest_sfun_registry.obj
 0001:00016e40       ssWriteRTWWorkVect         0000000180017e40 f   SingleCylinderTest_sfun_registry.obj
 0001:00017330       ssWriteRTWMxVectParam      0000000180018330 f   SingleCylinderTest_sfun_registry.obj
 0001:000173b0       ssWriteRTWMx2dMatParam     00000001800183b0 f   SingleCylinderTest_sfun_registry.obj
 0001:00017440       _ssSetInputPortMatrixDimensions 0000000180018440 f   SingleCylinderTest_sfun_registry.obj
 0001:00017540       _ssSetOutputPortMatrixDimensions 0000000180018540 f   SingleCylinderTest_sfun_registry.obj
 0001:00017640       _ssSetInputPortVectorDimension 0000000180018640 f   SingleCylinderTest_sfun_registry.obj
 0001:000176f0       _ssSetOutputPortVectorDimension 00000001800186f0 f   SingleCylinderTest_sfun_registry.obj
 0001:000177a0       ssIsRunTimeParamTunable    00000001800187a0 f   SingleCylinderTest_sfun_registry.obj
 0001:00017810       ssGetSFuncBlockHandle      0000000180018810 f   SingleCylinderTest_sfun_registry.obj
 0001:00017880       _ssGetCurrentInputPortWidth 0000000180018880 f   SingleCylinderTest_sfun_registry.obj
 0001:000179a0       _ssGetCurrentOutputPortWidth 00000001800189a0 f   SingleCylinderTest_sfun_registry.obj
 0001:00017ac0       _ssGetCallSystemNumFcnCallDestinations 0000000180018ac0 f   SingleCylinderTest_sfun_registry.obj
 0001:00017b30       ssWarning                  0000000180018b30 f   SingleCylinderTest_sfun_registry.obj
 0001:00017c20       _ssGetAbsTol               0000000180018c20 f   SingleCylinderTest_sfun_registry.obj
 0001:00017c90       _ssSetStateAbsTol          0000000180018c90 f   SingleCylinderTest_sfun_registry.obj
 0001:00017d70       sf_process_check_sum_call  0000000180018d70 f   SingleCylinderTest_sfun_registry.obj
 0001:00017dc0       sf_process_autoinheritance_call 0000000180018dc0 f   SingleCylinderTest_sfun_registry.obj
 0001:00017ff0       sf_process_get_third_party_uses_info_call 0000000180018ff0 f   SingleCylinderTest_sfun_registry.obj
 0001:00018220       sf_process_get_updateBuildInfo_args_info_call 0000000180019220 f   SingleCylinderTest_sfun_registry.obj
 0001:00018450       sf_process_get_eml_resolved_functions_info_call 0000000180019450 f   SingleCylinderTest_sfun_registry.obj
 0001:00018650       sf_mex_unlock_call         0000000180019650 f   SingleCylinderTest_sfun_registry.obj
 0001:000188c0       sf_machine_global_initializer_called 00000001800198c0 f   SingleCylinderTest_sfun_registry.obj
 0001:000188f0       sf_machine_global_method_dispatcher 00000001800198f0 f   SingleCylinderTest_sfun_registry.obj
 0001:00018950       sf_machine_global_terminator 0000000180019950 f   SingleCylinderTest_sfun_registry.obj
 0001:000189a0       sf_register_machine_exported_symbols 00000001800199a0 f   SingleCylinderTest_sfun_registry.obj
 0001:000189c0       callCustomFcn              00000001800199c0 f   SingleCylinderTest_sfun_registry.obj
 0001:000189d0       sf_machine_global_initializer 00000001800199d0 f   SingleCylinderTest_sfun_registry.obj
 0001:00018a90       mdlGetSimState             0000000180019a90 f   SingleCylinderTest_sfun_registry.obj
 0001:00018ad0       mdlSetSimState             0000000180019ad0 f   SingleCylinderTest_sfun_registry.obj
 0001:00019270       ProcessMexSfunctionEveryCall 000000018001a270 f   SingleCylinderTest_sfun_registry.obj
 0001:00019ee4       sf_load_rtw_optimization_info 000000018001aee4 f   sf_runtime:sf_runtime.dll
 0001:00019eea       sf_debug_initialize_machine 000000018001aeea f   sf_runtime:sf_runtime.dll
 0001:00019ef0       sf_debug_set_machine_event_thresholds 000000018001aef0 f   sf_runtime:sf_runtime.dll
 0001:00019ef6       sf_debug_set_machine_data_thresholds 000000018001aef6 f   sf_runtime:sf_runtime.dll
 0001:00019efc       sf_rtw_info_uint_prop      000000018001aefc f   sf_runtime:sf_runtime.dll
 0001:00019f02       sf_update_buildInfo        000000018001af02 f   sf_runtime:sf_runtime.dll
 0001:00019f08       sf_is_chart_inlinable      000000018001af08 f   sf_runtime:sf_runtime.dll
 0001:00019f0e       sf_mark_chart_reusable_outputs 000000018001af0e f   sf_runtime:sf_runtime.dll
 0001:00019f14       sf_mark_chart_expressionable_inputs 000000018001af14 f   sf_runtime:sf_runtime.dll
 0001:00019f1a       sim_mode_is_rtw_gen        000000018001af1a f   sf_runtime:sf_runtime.dll
 0001:00019f20       sim_mode_is_external       000000018001af20 f   sf_runtime:sf_runtime.dll
 0001:00019f26       sf_clear_rtw_identifier    000000018001af26 f   sf_runtime:sf_runtime.dll
 0001:00019f2c       sf_set_rtw_dwork_info      000000018001af2c f   sf_runtime:sf_runtime.dll
 0001:00019f32       sf_get_time                000000018001af32 f   sf_runtime:sf_runtime.dll
 0001:00019f38       sf_mex_call_matlab         000000018001af38 f   sf_runtime:sf_runtime.dll
 0001:00019f3e       sf_mex_error_message       000000018001af3e f   sf_runtime:sf_runtime.dll
 0001:00019f44       sf_mex_addfield            000000018001af44 f   sf_runtime:sf_runtime.dll
 0001:00019f4a       sf_mex_createstruct        000000018001af4a f   sf_runtime:sf_runtime.dll
 0001:00019f50       sf_mex_create              000000018001af50 f   sf_runtime:sf_runtime.dll
 0001:00019f56       sf_mex_createcellmatrix    000000018001af56 f   sf_runtime:sf_runtime.dll
 0001:00019f5c       sf_mex_setcell             000000018001af5c f   sf_runtime:sf_runtime.dll
 0001:00019f62       sf_mex_getcell             000000018001af62 f   sf_runtime:sf_runtime.dll
 0001:00019f68       sf_mex_assign              000000018001af68 f   sf_runtime:sf_runtime.dll
 0001:00019f6e       sf_mex_dup                 000000018001af6e f   sf_runtime:sf_runtime.dll
 0001:00019f74       sf_mex_destroy             000000018001af74 f   sf_runtime:sf_runtime.dll
 0001:00019f7a       sf_mex_import              000000018001af7a f   sf_runtime:sf_runtime.dll
 0001:00019f80       sf_mex_decode_encoded_mx_struct_array 000000018001af80 f   sf_runtime:sf_runtime.dll
 0001:00019f86       sf_mex_duplicatearraysafe  000000018001af86 f   sf_runtime:sf_runtime.dll
 0001:00019f8c       sf_mex_emlrtNameCapturePostProcessR2012a 000000018001af8c f   sf_runtime:sf_runtime.dll
 0001:00019f92       sf_debug_initialize_chart  000000018001af92 f   sf_runtime:sf_runtime.dll
 0001:00019f98       sf_debug_call              000000018001af98 f   sf_runtime:sf_runtime.dll
 0001:00019f9e       eml_debug_line_call        000000018001af9e f   sf_runtime:sf_runtime.dll
 0001:00019fa4       cv_eml_eval                000000018001afa4 f   sf_runtime:sf_runtime.dll
 0001:00019faa       cv_eml_init_script         000000018001afaa f   sf_runtime:sf_runtime.dll
 0001:00019fb0       cv_eml_init_fcn            000000018001afb0 f   sf_runtime:sf_runtime.dll
 0001:00019fb6       sf_debug_reset_current_state_configuration 000000018001afb6 f   sf_runtime:sf_runtime.dll
 0001:00019fbc       sf_debug_check_for_state_inconsistency 000000018001afbc f   sf_runtime:sf_runtime.dll
 0001:00019fc2       sf_debug_set_chart_data_props 000000018001afc2 f   sf_runtime:sf_runtime.dll
 0001:00019fc8       sf_debug_set_chart_data_compiled_props 000000018001afc8 f   sf_runtime:sf_runtime.dll
 0001:00019fce       sf_debug_symbol_scope_push 000000018001afce f   sf_runtime:sf_runtime.dll
 0001:00019fd4       sf_debug_symbol_scope_push_eml 000000018001afd4 f   sf_runtime:sf_runtime.dll
 0001:00019fda       sf_debug_symbol_scope_pop  000000018001afda f   sf_runtime:sf_runtime.dll
 0001:00019fe0       sf_debug_symbol_scope_add_eml 000000018001afe0 f   sf_runtime:sf_runtime.dll
 0001:00019fe6       sf_debug_symbol_scope_add_eml_importable 000000018001afe6 f   sf_runtime:sf_runtime.dll
 0001:00019fec       sf_debug_set_instance_data_value_ptr 000000018001afec f   sf_runtime:sf_runtime.dll
 0001:00019ff2       sf_debug_set_chart_disable_implicit_casting 000000018001aff2 f   sf_runtime:sf_runtime.dll
 0001:00019ff8       sf_debug_set_chart_event_thresholds 000000018001aff8 f   sf_runtime:sf_runtime.dll
 0001:00019ffe       sf_debug_set_chart_state_info 000000018001affe f   sf_runtime:sf_runtime.dll
 0001:0001a004       sf_debug_set_chart_decomposition 000000018001b004 f   sf_runtime:sf_runtime.dll
 0001:0001a00a       sf_debug_set_chart_substate_count 000000018001b00a f   sf_runtime:sf_runtime.dll
 0001:0001a010       sf_debug_eml_data_array_bounds_error_check 000000018001b010 f   sf_runtime:sf_runtime.dll
 0001:0001a016       sf_debug_integer_check     000000018001b016 f   sf_runtime:sf_runtime.dll
 0001:0001a01c       sf_debug_data_range_wrapper 000000018001b01c f   sf_runtime:sf_runtime.dll
 0001:0001a022       sf_debug_cv_init_trans     000000018001b022 f   sf_runtime:sf_runtime.dll
 0001:0001a028       sf_debug_cv_init_chart     000000018001b028 f   sf_runtime:sf_runtime.dll
 0001:0001a02e       sf_debug_cv_init_state     000000018001b02e f   sf_runtime:sf_runtime.dll
 0001:0001a034       cv_eval_point              000000018001b034 f   sf_runtime:sf_runtime.dll
 0001:0001a03a       cv_eml_init_saturation     000000018001b03a f   sf_runtime:sf_runtime.dll
 0001:0001a040       cv_eml_init_if             000000018001b040 f   sf_runtime:sf_runtime.dll
 0001:0001a046       sf_debug_set_honor_breakpoints 000000018001b046 f   sf_runtime:sf_runtime.dll
 0001:0001a04c       sf_debug_get_animation     000000018001b04c f   sf_runtime:sf_runtime.dll
 0001:0001a052       sf_debug_set_animation     000000018001b052 f   sf_runtime:sf_runtime.dll
 0001:0001a058       sf_debug_animate           000000018001b058 f   sf_runtime:sf_runtime.dll
 0001:0001a05e       sf_debug_set_chart_substate_index 000000018001b05e f   sf_runtime:sf_runtime.dll
 0001:0001a064       sf_debug_set_chart_state_substate_count 000000018001b064 f   sf_runtime:sf_runtime.dll
 0001:0001a06a       cv_eval_saturation         000000018001b06a f   sf_runtime:sf_runtime.dll
 0001:0001a070       callMdlMethodAndReportError 000000018001b070 f   sf_runtime:sf_runtime.dll
 0001:0001a076       call_sf_machine_global_method_dispatcher 000000018001b076 f   sf_runtime:sf_runtime.dll
 0001:0001a07c       sf_mex_error_direct_call   000000018001b07c f   sf_runtime:sf_runtime.dll
 0001:0001a082       sf_clear_error_manager_info 000000018001b082 f   sf_runtime:sf_runtime.dll
 0001:0001a088       sf_debug_create_debug_instance_struct 000000018001b088 f   sf_runtime:sf_runtime.dll
 0001:0001a08e       sf_debug_terminate         000000018001b08e f   sf_runtime:sf_runtime.dll
 0001:0001a094       sf_debug_api               000000018001b094 f   sf_runtime:sf_runtime.dll
 0001:0001a09a       mxIsChar                   000000018001b09a f   libmx:libmx.dll
 0001:0001a0a0       mxGetPr                    000000018001b0a0 f   libmx:libmx.dll
 0001:0001a0a6       mxGetScalar                000000018001b0a6 f   libmx:libmx.dll
 0001:0001a0ac       mxDestroyArray             000000018001b0ac f   libmx:libmx.dll
 0001:0001a0b2       mxCreateDoubleMatrix_730   000000018001b0b2 f   libmx:libmx.dll
 0001:0001a0b8       mxGetString_730            000000018001b0b8 f   libmx:libmx.dll
 0001:0001a0be       mxDuplicateArray           000000018001b0be f   libmx:libmx.dll
 0001:0001a0c4       mxSetField_730             000000018001b0c4 f   libmx:libmx.dll
 0001:0001a0ca       mxCreateDoubleScalar       000000018001b0ca f   libmx:libmx.dll
 0001:0001a0d0       mxCreateString             000000018001b0d0 f   libmx:libmx.dll
 0001:0001a0d6       mxCreateCellMatrix_730     000000018001b0d6 f   libmx:libmx.dll
 0001:0001a0dc       mxCreateStructMatrix_730   000000018001b0dc f   libmx:libmx.dll
 0001:0001a0e2       mxCalloc                   000000018001b0e2 f   libmx:libmx.dll
 0001:0001a0e8       mxGetM                     000000018001b0e8 f   libmx:libmx.dll
 0001:0001a0ee       mxGetClassID               000000018001b0ee f   libmx:libmx.dll
 0001:0001a0f4       mxIsNumeric                000000018001b0f4 f   libmx:libmx.dll
 0001:0001a0fa       mxIsComplex                000000018001b0fa f   libmx:libmx.dll
 0001:0001a100       mxGetN                     000000018001b100 f   libmx:libmx.dll
 0001:0001a106       mexMakeArrayPersistent     000000018001b106 f   libmex:libmex.dll
 0001:0001a10c       mexErrMsgTxt               000000018001b10c f   libmex:libmex.dll
 0001:0001a112       mexWarnMsgTxt              000000018001b112 f   libmex:libmex.dll
 0001:0001a118       mexCallMATLAB              000000018001b118 f   libmex:libmex.dll
 0001:0001a11e       mexLock                    000000018001b11e f   libmex:libmex.dll
 0001:0001a124       mexUnlock                  000000018001b124 f   libmex:libmex.dll
 0001:0001a12a       mexIsLocked                000000018001b12a f   libmex:libmex.dll
 0001:0001a130       utMalloc                   000000018001b130 f   libut:libut.dll
 0001:0001a136       utFree                     000000018001b136 f   libut:libut.dll
 0001:0001a13c       __raise_securityfailure    000000018001b13c f   MSVCRT:gs_report.obj
 0001:0001a188       __report_gsfailure         000000018001b188 f   MSVCRT:gs_report.obj
 0001:0001a25c       __report_rangecheckfailure 000000018001b25c f   MSVCRT:gs_report.obj
 0001:0001a270       __report_securityfailure   000000018001b270 f   MSVCRT:gs_report.obj
 0001:0001a30c       __report_securityfailureEx 000000018001b30c f   MSVCRT:gs_report.obj
 0001:0001a41a       strcmp                     000000018001b41a f   MSVCRT:MSVCR110.dll
 0001:0001a420       __GSHandlerCheck           000000018001b420 f   MSVCRT:gshandler.obj
 0001:0001a440       __GSHandlerCheckCommon     000000018001b440 f   MSVCRT:gshandler.obj
 0001:0001a4c0       __security_check_cookie    000000018001b4c0 f   MSVCRT:amdsecgs.obj
 0001:0001a4e0       memset                     000000018001b4e0 f   MSVCRT:MSVCR110.dll
 0001:0001a4e6       strlen                     000000018001b4e6 f   MSVCRT:MSVCR110.dll
 0001:0001a4ec       memcpy                     000000018001b4ec f   MSVCRT:MSVCR110.dll
 0001:0001a4f2       strcat                     000000018001b4f2 f   MSVCRT:MSVCR110.dll
 0001:0001a4f8       sprintf                    000000018001b4f8 f   MSVCRT:MSVCR110.dll
 0001:0001a4fe       free                       000000018001b4fe f   MSVCRT:MSVCR110.dll
 0001:0001a504       malloc                     000000018001b504 f   MSVCRT:MSVCR110.dll
 0001:0001a56c       NtCurrentTeb               000000018001b56c f i MSVCRT:crtdll.obj
 0001:0001a578       _CRT_INIT                  000000018001b578 f   MSVCRT:crtdll.obj
 0001:0001a7c4       _DllMainCRTStartup         000000018001b7c4 f   MSVCRT:crtdll.obj
 0001:0001a93a       __crt_debugger_hook        000000018001b93a f   MSVCRT:MSVCR110.dll
 0001:0001a940       __crtUnhandledException    000000018001b940 f   MSVCRT:MSVCR110.dll
 0001:0001a946       __crtTerminateProcess      000000018001b946 f   MSVCRT:MSVCR110.dll
 0001:0001a94c       __crtCaptureCurrentContext 000000018001b94c f   MSVCRT:MSVCR110.dll
 0001:0001a952       __crtCapturePreviousContext 000000018001b952 f   MSVCRT:MSVCR110.dll
 0001:0001a958       __CppXcptFilter            000000018001b958 f   MSVCRT:MSVCR110.dll
 0001:0001a95e       _amsg_exit                 000000018001b95e f   MSVCRT:MSVCR110.dll
 0001:0001a970       _FindPESection             000000018001b970 f   MSVCRT:pesect.obj
 0001:0001a9c0       _IsNonwritableInCurrentImage 000000018001b9c0 f   MSVCRT:pesect.obj
 0001:0001aa10       _ValidateImageBase         000000018001ba10 f   MSVCRT:pesect.obj
 0001:0001aa40       __atonexitinit             000000018001ba40 f   MSVCRT:atonexit.obj
 0001:0001aa90       _onexit                    000000018001ba90 f   MSVCRT:atonexit.obj
 0001:0001ab40       atexit                     000000018001bb40 f   MSVCRT:atonexit.obj
 0001:0001ab58       __security_init_cookie     000000018001bb58 f   MSVCRT:gs_support.obj
 0001:0001ac10       DllMain                    000000018001bc10 f   MSVCRT:dllmain.obj
 0001:0001ac34       _malloc_crt                000000018001bc34 f   MSVCRT:MSVCR110.dll
 0001:0001ac3c       _RTC_Initialize            000000018001bc3c f   MSVCRT:initsect.obj
 0001:0001ac74       _RTC_Terminate             000000018001bc74 f   MSVCRT:initsect.obj
 0001:0001acac       _initterm                  000000018001bcac f   MSVCRT:MSVCR110.dll
 0001:0001acb2       _initterm_e                000000018001bcb2 f   MSVCRT:MSVCR110.dll
 0001:0001acb8       __clean_type_info_names    000000018001bcb8 f   MSVCRT:tncleanup.obj
 0001:0001acc4       __C_specific_handler       000000018001bcc4 f   MSVCRT:MSVCR110.dll
 0001:0001acca       _lock                      000000018001bcca f   MSVCRT:MSVCR110.dll
 0001:0001acd0       _unlock                    000000018001bcd0 f   MSVCRT:MSVCR110.dll
 0001:0001acd6       _calloc_crt                000000018001bcd6 f   MSVCRT:MSVCR110.dll
 0001:0001acdc       __dllonexit                000000018001bcdc f   MSVCRT:MSVCR110.dll
 0001:0001ace2       __clean_type_info_names_internal 000000018001bce2 f   MSVCRT:MSVCR110.dll
 0001:0001ace8       IsDebuggerPresent          000000018001bce8 f   kernel32:KERNEL32.dll
 0001:0001acee       IsProcessorFeaturePresent  000000018001bcee f   kernel32:KERNEL32.dll
 0001:0001acf4       EncodePointer              000000018001bcf4 f   kernel32:KERNEL32.dll
 0001:0001acfa       DecodePointer              000000018001bcfa f   kernel32:KERNEL32.dll
 0001:0001ad00       QueryPerformanceCounter    000000018001bd00 f   kernel32:KERNEL32.dll
 0001:0001ad06       GetCurrentThreadId         000000018001bd06 f   kernel32:KERNEL32.dll
 0001:0001ad0c       GetSystemTimeAsFileTime    000000018001bd0c f   kernel32:KERNEL32.dll
 0001:0001ad12       GetTickCount64             000000018001bd12 f   kernel32:KERNEL32.dll
 0001:0001ad18       DisableThreadLibraryCalls  000000018001bd18 f   kernel32:KERNEL32.dll
 0002:00000000       __imp_GetTickCount64       000000018001c000     kernel32:KERNEL32.dll
 0002:00000008       __imp_GetSystemTimeAsFileTime 000000018001c008     kernel32:KERNEL32.dll
 0002:00000010       __imp_GetCurrentThreadId   000000018001c010     kernel32:KERNEL32.dll
 0002:00000018       __imp_QueryPerformanceCounter 000000018001c018     kernel32:KERNEL32.dll
 0002:00000020       __imp_DecodePointer        000000018001c020     kernel32:KERNEL32.dll
 0002:00000028       __imp_EncodePointer        000000018001c028     kernel32:KERNEL32.dll
 0002:00000030       __imp_IsProcessorFeaturePresent 000000018001c030     kernel32:KERNEL32.dll
 0002:00000038       __imp_IsDebuggerPresent    000000018001c038     kernel32:KERNEL32.dll
 0002:00000040       __imp_DisableThreadLibraryCalls 000000018001c040     kernel32:KERNEL32.dll
 0002:00000048       \177KERNEL32_NULL_THUNK_DATA 000000018001c048     kernel32:KERNEL32.dll
 0002:00000050       __imp___clean_type_info_names_internal 000000018001c050     MSVCRT:MSVCR110.dll
 0002:00000058       __imp__onexit              000000018001c058     MSVCRT:MSVCR110.dll
 0002:00000060       __imp___dllonexit          000000018001c060     MSVCRT:MSVCR110.dll
 0002:00000068       __imp__calloc_crt          000000018001c068     MSVCRT:MSVCR110.dll
 0002:00000070       __imp__unlock              000000018001c070     MSVCRT:MSVCR110.dll
 0002:00000078       __imp__lock                000000018001c078     MSVCRT:MSVCR110.dll
 0002:00000080       __imp___C_specific_handler 000000018001c080     MSVCRT:MSVCR110.dll
 0002:00000088       __imp__initterm_e          000000018001c088     MSVCRT:MSVCR110.dll
 0002:00000090       __imp__initterm            000000018001c090     MSVCRT:MSVCR110.dll
 0002:00000098       __imp__malloc_crt          000000018001c098     MSVCRT:MSVCR110.dll
 0002:000000a0       __imp__amsg_exit           000000018001c0a0     MSVCRT:MSVCR110.dll
 0002:000000a8       __imp___CppXcptFilter      000000018001c0a8     MSVCRT:MSVCR110.dll
 0002:000000b0       __imp___crtCapturePreviousContext 000000018001c0b0     MSVCRT:MSVCR110.dll
 0002:000000b8       __imp___crtCaptureCurrentContext 000000018001c0b8     MSVCRT:MSVCR110.dll
 0002:000000c0       __imp___crtTerminateProcess 000000018001c0c0     MSVCRT:MSVCR110.dll
 0002:000000c8       __imp___crtUnhandledException 000000018001c0c8     MSVCRT:MSVCR110.dll
 0002:000000d0       __imp___crt_debugger_hook  000000018001c0d0     MSVCRT:MSVCR110.dll
 0002:000000d8       __imp_malloc               000000018001c0d8     MSVCRT:MSVCR110.dll
 0002:000000e0       __imp_free                 000000018001c0e0     MSVCRT:MSVCR110.dll
 0002:000000e8       __imp_sprintf              000000018001c0e8     MSVCRT:MSVCR110.dll
 0002:000000f0       __imp_strcat               000000018001c0f0     MSVCRT:MSVCR110.dll
 0002:000000f8       __imp_memcpy               000000018001c0f8     MSVCRT:MSVCR110.dll
 0002:00000100       __imp_strlen               000000018001c100     MSVCRT:MSVCR110.dll
 0002:00000108       __imp_memset               000000018001c108     MSVCRT:MSVCR110.dll
 0002:00000110       __imp_strcmp               000000018001c110     MSVCRT:MSVCR110.dll
 0002:00000118       \177MSVCR110_NULL_THUNK_DATA 000000018001c118     MSVCRT:MSVCR110.dll
 0002:00000120       __imp_mexIsLocked          000000018001c120     libmex:libmex.dll
 0002:00000128       __imp_mexUnlock            000000018001c128     libmex:libmex.dll
 0002:00000130       __imp_mexLock              000000018001c130     libmex:libmex.dll
 0002:00000138       __imp_mexCallMATLAB        000000018001c138     libmex:libmex.dll
 0002:00000140       __imp_mexWarnMsgTxt        000000018001c140     libmex:libmex.dll
 0002:00000148       __imp_mexErrMsgTxt         000000018001c148     libmex:libmex.dll
 0002:00000150       __imp_mexMakeArrayPersistent 000000018001c150     libmex:libmex.dll
 0002:00000158       \177libmex_NULL_THUNK_DATA 000000018001c158     libmex:libmex.dll
 0002:00000160       __imp_mxGetN               000000018001c160     libmx:libmx.dll
 0002:00000168       __imp_mxIsComplex          000000018001c168     libmx:libmx.dll
 0002:00000170       __imp_mxIsNumeric          000000018001c170     libmx:libmx.dll
 0002:00000178       __imp_mxGetClassID         000000018001c178     libmx:libmx.dll
 0002:00000180       __imp_mxGetM               000000018001c180     libmx:libmx.dll
 0002:00000188       __imp_mxCalloc             000000018001c188     libmx:libmx.dll
 0002:00000190       __imp_mxCreateStructMatrix_730 000000018001c190     libmx:libmx.dll
 0002:00000198       __imp_mxCreateCellMatrix_730 000000018001c198     libmx:libmx.dll
 0002:000001a0       __imp_mxCreateString       000000018001c1a0     libmx:libmx.dll
 0002:000001a8       __imp_mxCreateDoubleScalar 000000018001c1a8     libmx:libmx.dll
 0002:000001b0       __imp_mxSetField_730       000000018001c1b0     libmx:libmx.dll
 0002:000001b8       __imp_mxDuplicateArray     000000018001c1b8     libmx:libmx.dll
 0002:000001c0       __imp_mxGetString_730      000000018001c1c0     libmx:libmx.dll
 0002:000001c8       __imp_mxCreateDoubleMatrix_730 000000018001c1c8     libmx:libmx.dll
 0002:000001d0       __imp_mxDestroyArray       000000018001c1d0     libmx:libmx.dll
 0002:000001d8       __imp_mxGetScalar          000000018001c1d8     libmx:libmx.dll
 0002:000001e0       __imp_mxGetPr              000000018001c1e0     libmx:libmx.dll
 0002:000001e8       __imp_mxIsChar             000000018001c1e8     libmx:libmx.dll
 0002:000001f0       \177libmx_NULL_THUNK_DATA  000000018001c1f0     libmx:libmx.dll
 0002:000001f8       __imp_utMalloc             000000018001c1f8     libut:libut.dll
 0002:00000200       __imp_utFree               000000018001c200     libut:libut.dll
 0002:00000208       \177libut_NULL_THUNK_DATA  000000018001c208     libut:libut.dll
 0002:00000210       __imp_callMdlMethodAndReportError 000000018001c210     sf_runtime:sf_runtime.dll
 0002:00000218       __imp_call_sf_machine_global_method_dispatcher 000000018001c218     sf_runtime:sf_runtime.dll
 0002:00000220       __imp_sf_mex_error_direct_call 000000018001c220     sf_runtime:sf_runtime.dll
 0002:00000228       __imp_sim_mode_is_rtw_gen  000000018001c228     sf_runtime:sf_runtime.dll
 0002:00000230       __imp_sf_debug_animate     000000018001c230     sf_runtime:sf_runtime.dll
 0002:00000238       __imp_sf_debug_terminate   000000018001c238     sf_runtime:sf_runtime.dll
 0002:00000240       __imp_sf_debug_api         000000018001c240     sf_runtime:sf_runtime.dll
 0002:00000248       __imp_sim_mode_is_external 000000018001c248     sf_runtime:sf_runtime.dll
 0002:00000250       __imp_sf_debug_set_animation 000000018001c250     sf_runtime:sf_runtime.dll
 0002:00000258       __imp_sf_debug_get_animation 000000018001c258     sf_runtime:sf_runtime.dll
 0002:00000260       __imp_sf_debug_set_honor_breakpoints 000000018001c260     sf_runtime:sf_runtime.dll
 0002:00000268       __imp_cv_eml_init_if       000000018001c268     sf_runtime:sf_runtime.dll
 0002:00000270       __imp_cv_eml_init_saturation 000000018001c270     sf_runtime:sf_runtime.dll
 0002:00000278       __imp_cv_eval_point        000000018001c278     sf_runtime:sf_runtime.dll
 0002:00000280       __imp_sf_debug_cv_init_state 000000018001c280     sf_runtime:sf_runtime.dll
 0002:00000288       __imp_sf_debug_cv_init_chart 000000018001c288     sf_runtime:sf_runtime.dll
 0002:00000290       __imp_cv_eval_saturation   000000018001c290     sf_runtime:sf_runtime.dll
 0002:00000298       __imp_sf_debug_data_range_wrapper 000000018001c298     sf_runtime:sf_runtime.dll
 0002:000002a0       __imp_sf_debug_integer_check 000000018001c2a0     sf_runtime:sf_runtime.dll
 0002:000002a8       __imp_sf_debug_eml_data_array_bounds_error_check 000000018001c2a8     sf_runtime:sf_runtime.dll
 0002:000002b0       __imp_sf_debug_set_chart_substate_count 000000018001c2b0     sf_runtime:sf_runtime.dll
 0002:000002b8       __imp_sf_debug_set_chart_decomposition 000000018001c2b8     sf_runtime:sf_runtime.dll
 0002:000002c0       __imp_sf_debug_set_chart_state_info 000000018001c2c0     sf_runtime:sf_runtime.dll
 0002:000002c8       __imp_sf_debug_set_chart_event_thresholds 000000018001c2c8     sf_runtime:sf_runtime.dll
 0002:000002d0       __imp_sf_debug_set_chart_disable_implicit_casting 000000018001c2d0     sf_runtime:sf_runtime.dll
 0002:000002d8       __imp_sf_debug_set_instance_data_value_ptr 000000018001c2d8     sf_runtime:sf_runtime.dll
 0002:000002e0       __imp_sf_debug_symbol_scope_add_eml_importable 000000018001c2e0     sf_runtime:sf_runtime.dll
 0002:000002e8       __imp_sf_debug_symbol_scope_add_eml 000000018001c2e8     sf_runtime:sf_runtime.dll
 0002:000002f0       __imp_sf_debug_symbol_scope_pop 000000018001c2f0     sf_runtime:sf_runtime.dll
 0002:000002f8       __imp_sf_debug_symbol_scope_push_eml 000000018001c2f8     sf_runtime:sf_runtime.dll
 0002:00000300       __imp_sf_debug_symbol_scope_push 000000018001c300     sf_runtime:sf_runtime.dll
 0002:00000308       __imp_sf_debug_set_chart_data_compiled_props 000000018001c308     sf_runtime:sf_runtime.dll
 0002:00000310       __imp_sf_debug_set_chart_data_props 000000018001c310     sf_runtime:sf_runtime.dll
 0002:00000318       __imp_sf_debug_check_for_state_inconsistency 000000018001c318     sf_runtime:sf_runtime.dll
 0002:00000320       __imp_sf_debug_set_chart_state_substate_count 000000018001c320     sf_runtime:sf_runtime.dll
 0002:00000328       __imp_sf_debug_cv_init_trans 000000018001c328     sf_runtime:sf_runtime.dll
 0002:00000330       __imp_sf_debug_set_chart_substate_index 000000018001c330     sf_runtime:sf_runtime.dll
 0002:00000338       __imp_sf_debug_reset_current_state_configuration 000000018001c338     sf_runtime:sf_runtime.dll
 0002:00000340       __imp_cv_eml_init_fcn      000000018001c340     sf_runtime:sf_runtime.dll
 0002:00000348       __imp_cv_eml_init_script   000000018001c348     sf_runtime:sf_runtime.dll
 0002:00000350       __imp_cv_eml_eval          000000018001c350     sf_runtime:sf_runtime.dll
 0002:00000358       __imp_eml_debug_line_call  000000018001c358     sf_runtime:sf_runtime.dll
 0002:00000360       __imp_sf_debug_call        000000018001c360     sf_runtime:sf_runtime.dll
 0002:00000368       __imp_sf_debug_initialize_chart 000000018001c368     sf_runtime:sf_runtime.dll
 0002:00000370       __imp_sf_mex_emlrtNameCapturePostProcessR2012a 000000018001c370     sf_runtime:sf_runtime.dll
 0002:00000378       __imp_sf_mex_duplicatearraysafe 000000018001c378     sf_runtime:sf_runtime.dll
 0002:00000380       __imp_sf_mex_decode_encoded_mx_struct_array 000000018001c380     sf_runtime:sf_runtime.dll
 0002:00000388       __imp_sf_mex_import        000000018001c388     sf_runtime:sf_runtime.dll
 0002:00000390       __imp_sf_mex_destroy       000000018001c390     sf_runtime:sf_runtime.dll
 0002:00000398       __imp_sf_mex_dup           000000018001c398     sf_runtime:sf_runtime.dll
 0002:000003a0       __imp_sf_mex_assign        000000018001c3a0     sf_runtime:sf_runtime.dll
 0002:000003a8       __imp_sf_mex_getcell       000000018001c3a8     sf_runtime:sf_runtime.dll
 0002:000003b0       __imp_sf_mex_setcell       000000018001c3b0     sf_runtime:sf_runtime.dll
 0002:000003b8       __imp_sf_mex_createcellmatrix 000000018001c3b8     sf_runtime:sf_runtime.dll
 0002:000003c0       __imp_sf_mex_create        000000018001c3c0     sf_runtime:sf_runtime.dll
 0002:000003c8       __imp_sf_mex_createstruct  000000018001c3c8     sf_runtime:sf_runtime.dll
 0002:000003d0       __imp_sf_mex_addfield      000000018001c3d0     sf_runtime:sf_runtime.dll
 0002:000003d8       __imp_sf_mex_error_message 000000018001c3d8     sf_runtime:sf_runtime.dll
 0002:000003e0       __imp_sf_mex_call_matlab   000000018001c3e0     sf_runtime:sf_runtime.dll
 0002:000003e8       __imp_sf_get_time          000000018001c3e8     sf_runtime:sf_runtime.dll
 0002:000003f0       __imp_sf_set_rtw_dwork_info 000000018001c3f0     sf_runtime:sf_runtime.dll
 0002:000003f8       __imp_sf_clear_rtw_identifier 000000018001c3f8     sf_runtime:sf_runtime.dll
 0002:00000400       __imp_sf_debug_create_debug_instance_struct 000000018001c400     sf_runtime:sf_runtime.dll
 0002:00000408       __imp_sf_mark_chart_expressionable_inputs 000000018001c408     sf_runtime:sf_runtime.dll
 0002:00000410       __imp_sf_mark_chart_reusable_outputs 000000018001c410     sf_runtime:sf_runtime.dll
 0002:00000418       __imp_sf_is_chart_inlinable 000000018001c418     sf_runtime:sf_runtime.dll
 0002:00000420       __imp_sf_update_buildInfo  000000018001c420     sf_runtime:sf_runtime.dll
 0002:00000428       __imp_sf_rtw_info_uint_prop 000000018001c428     sf_runtime:sf_runtime.dll
 0002:00000430       __imp_sf_debug_set_machine_data_thresholds 000000018001c430     sf_runtime:sf_runtime.dll
 0002:00000438       __imp_sf_debug_set_machine_event_thresholds 000000018001c438     sf_runtime:sf_runtime.dll
 0002:00000440       __imp_sf_debug_initialize_machine 000000018001c440     sf_runtime:sf_runtime.dll
 0002:00000448       __imp_sf_clear_error_manager_info 000000018001c448     sf_runtime:sf_runtime.dll
 0002:00000450       __imp_sf_load_rtw_optimization_info 000000018001c450     sf_runtime:sf_runtime.dll
 0002:00000458       \177sf_runtime_NULL_THUNK_DATA 000000018001c458     sf_runtime:sf_runtime.dll
 0002:00000460       __xc_a                     000000018001c460     MSVCRT:cinitexe.obj
 0002:00000468       __xc_z                     000000018001c468     MSVCRT:cinitexe.obj
 0002:00000470       __xi_a                     000000018001c470     MSVCRT:cinitexe.obj
 0002:00000488       __xi_z                     000000018001c488     MSVCRT:cinitexe.obj
 0002:00000490       __real@4195128160000000    000000018001c490     SingleCylinderTest_sfun.obj
 0002:00000498       __real@41a20e8942000000    000000018001c498     SingleCylinderTest_sfun.obj
 0002:000004a0       __real@41a4676e7c000000    000000018001c4a0     SingleCylinderTest_sfun.obj
 0002:000004a8       __real@41c46de38d000000    000000018001c4a8     SingleCylinderTest_sfun.obj
 0002:000004b0       __real@41c900e78a000000    000000018001c4b0     SingleCylinderTest_sfun.obj
 0002:000004b8       __real@41d2da98cd800000    000000018001c4b8     SingleCylinderTest_sfun.obj
 0002:000004c0       __real@41dc0318e9c00000    000000018001c4c0     SingleCylinderTest_sfun.obj
 0002:000004c8       __real@41e48937acc00000    000000018001c4c8     SingleCylinderTest_sfun.obj
 0002:000004d0       __real@41e5f30665a00000    000000018001c4d0     SingleCylinderTest_sfun.obj
 0002:000004d8       __real@41e695dff8600000    000000018001c4d8     SingleCylinderTest_sfun.obj
 0002:000004e0       __real@41e788d96ae00000    000000018001c4e0     SingleCylinderTest_sfun.obj
 0002:000004e8       __real@41e869c313000000    000000018001c4e8     SingleCylinderTest_sfun.obj
 0002:000004f0       __real@41e9cad2d2600000    000000018001c4f0     SingleCylinderTest_sfun.obj
 0002:000004f8       __real@41ecbd9b78000000    000000018001c4f8     SingleCylinderTest_sfun.obj
 0002:00000500       __real@41eda5398c800000    000000018001c500     SingleCylinderTest_sfun.obj
 0002:00000508       __real@41edcf5b43c00000    000000018001c508     SingleCylinderTest_sfun.obj
 0002:00000510       __real@3ff0000000000000    000000018001c510     c1_SingleCylinderTest.obj
 0002:00000518       __real@4020000000000000    000000018001c518     c1_SingleCylinderTest.obj
 0002:00000520       __real@4024000000000000    000000018001c520     c1_SingleCylinderTest.obj
 0002:00000528       __real@41cb902def000000    000000018001c528     c1_SingleCylinderTest.obj
 0002:00000530       __real@41d325958c800000    000000018001c530     c1_SingleCylinderTest.obj
 0002:00000538       __real@41e9e016d5600000    000000018001c538     c1_SingleCylinderTest.obj
 0002:00000540       __real@41eb11a797c00000    000000018001c540     c1_SingleCylinderTest.obj
 0002:00000548       __real@41975ecbf8000000    000000018001c548     c3_SingleCylinderTest.obj
 0002:00000550       __real@41c5eb0bab800000    000000018001c550     c3_SingleCylinderTest.obj
 0002:00000558       __real@41d4126d55400000    000000018001c558     c3_SingleCylinderTest.obj
 0002:00000560       __real@41e45814a8a00000    000000018001c560     c3_SingleCylinderTest.obj
 0002:00000568       __real@bff0000000000000    000000018001c568     c3_SingleCylinderTest.obj
 0002:00000570       __real@41c31d50ed800000    000000018001c570     c4_SingleCylinderTest.obj
 0002:00000578       __real@41e2d2fc5b200000    000000018001c578     c4_SingleCylinderTest.obj
 0002:00000580       __real@41e514515e800000    000000018001c580     c4_SingleCylinderTest.obj
 0002:00000588       __real@41e59e5b8a200000    000000018001c588     c4_SingleCylinderTest.obj
 0002:00000590       DYNAMIC_DIMENSION_DEF      000000018001c590     SingleCylinderTest_sfun_registry.obj
 0002:000005b0       _ssBadLevel2InputAccessMsg 000000018001c5b0     SingleCylinderTest_sfun_registry.obj
 0002:00000740       _ssBadLevel2DirectFeedMsg  000000018001c740     SingleCylinderTest_sfun_registry.obj
 0002:00000880       _ssBadLevel2DirectFeedSolutionMsg 000000018001c880     SingleCylinderTest_sfun_registry.obj
 0002:000008f0       _ssBadLevel2ZeroDirectFeedMsg 000000018001c8f0     SingleCylinderTest_sfun_registry.obj
 0002:00000a30       _ssBadLevel2ZeroDirectFeedMsg2 000000018001ca30     SingleCylinderTest_sfun_registry.obj
 0002:00000b18       __real@0000000000000000    000000018001cb18     SingleCylinderTest_sfun_registry.obj
 0002:00000b20       __real@41602cbca0000000    000000018001cb20     SingleCylinderTest_sfun_registry.obj
 0002:00000b38       _pRawDllMain               000000018001cb38     MSVCRT:crtdll.obj
 0002:00000b38       _pDefaultRawDllMain        000000018001cb38     MSVCRT:crtdll.obj
 0002:00000b40       ?ProcessDetach@NativeDll@<CrtImplementationDetails>@@0IB 000000018001cb40     MSVCRT:initsect.obj
 0002:00000b44       ?ProcessAttach@NativeDll@<CrtImplementationDetails>@@0IB 000000018001cb44     MSVCRT:initsect.obj
 0002:00000b48       ?ThreadAttach@NativeDll@<CrtImplementationDetails>@@0IB 000000018001cb48     MSVCRT:initsect.obj
 0002:00000b4c       ?ThreadDetach@NativeDll@<CrtImplementationDetails>@@0IB 000000018001cb4c     MSVCRT:initsect.obj
 0002:00000b50       ?ProcessVerifier@NativeDll@<CrtImplementationDetails>@@0IB 000000018001cb50     MSVCRT:initsect.obj
 0002:00000b54       ?value@?$integral_constant@_N$0A@@std@@2_NB 000000018001cb54     MSVCRT:tncleanup.obj
 0002:00000b55       ?value@?$integral_constant@_N$00@std@@2_NB 000000018001cb55     MSVCRT:tncleanup.obj
 0002:00000b58       ?value@?$_Sizeof@U_Nil@std@@U12@U12@U12@U12@U12@U12@U12@@std@@2_KB 000000018001cb58     MSVCRT:tncleanup.obj
 0002:00000b60       _load_config_used          000000018001cb60     MSVCRT:loadcfg.obj
 0002:00000bd0       __rtc_iaa                  000000018001cbd0     MSVCRT:initsect.obj
 0002:00000bd8       __rtc_izz                  000000018001cbd8     MSVCRT:initsect.obj
 0002:00000be0       __rtc_taa                  000000018001cbe0     MSVCRT:initsect.obj
 0002:00000be8       __rtc_tzz                  000000018001cbe8     MSVCRT:initsect.obj
 0002:00001504       __IMPORT_DESCRIPTOR_sf_runtime 000000018001d504     sf_runtime:sf_runtime.dll
 0002:00001518       __IMPORT_DESCRIPTOR_libmx  000000018001d518     libmx:libmx.dll
 0002:0000152c       __IMPORT_DESCRIPTOR_libmex 000000018001d52c     libmex:libmex.dll
 0002:00001540       __IMPORT_DESCRIPTOR_libut  000000018001d540     libut:libut.dll
 0002:00001554       __IMPORT_DESCRIPTOR_MSVCR110 000000018001d554     MSVCRT:MSVCR110.dll
 0002:00001568       __IMPORT_DESCRIPTOR_KERNEL32 000000018001d568     kernel32:KERNEL32.dll
 0002:0000157c       __NULL_IMPORT_DESCRIPTOR   000000018001d57c     sf_runtime:sf_runtime.dll
 0003:00005978       DYNAMIC_DIMENSION          0000000180024978     SingleCylinderTest_sfun_registry.obj
 0003:00006600       __security_cookie          0000000180025600     MSVCRT:gs_cookie.obj
 0003:00006608       __security_cookie_complement 0000000180025608     MSVCRT:gs_cookie.obj
 0003:00006610       _fltused                   0000000180025610     MSVCRT:dllsupp.obj
 0003:00006614       __native_dllmain_reason    0000000180025614     MSVCRT:natstart.obj
 0003:00006658       sfGlobalDebugInstanceStruct 0000000180025658     SingleCylinderTest_sfun_registry.obj
 0003:00006ca8       ?__type_info_root_node@@3U__type_info_node@@A 0000000180025ca8     MSVCRT:tncleanup.obj
 0003:00006cb8       _SingleCylinderTestMachineNumber_ 0000000180025cb8     <common>
 0003:00006cc0       __native_startup_lock      0000000180025cc0     <common>
 0003:00006cc8       __native_startup_state     0000000180025cc8     <common>
 0003:00006cd0       __onexitend                0000000180025cd0     <common>
 0003:00006cd8       __onexitbegin              0000000180025cd8     <common>
 0003:00006ce0       __dyn_tls_init_callback    0000000180025ce0     <common>

 entry point at        0001:0001a7c4

 Static symbols

 0000:00000000       .debug$S                   0000000180000000     kernel32:KERNEL32.dll
 0000:00000000       .debug$S                   0000000180000000     kernel32:KERNEL32.dll
 0000:00000000       .debug$S                   0000000180000000     kernel32:KERNEL32.dll
 0000:00000000       .debug$S                   0000000180000000     kernel32:KERNEL32.dll
 0000:00000000       .debug$S                   0000000180000000     kernel32:KERNEL32.dll
 0000:00000000       .debug$S                   0000000180000000     kernel32:KERNEL32.dll
 0000:00000000       .debug$S                   0000000180000000     kernel32:KERNEL32.dll
 0000:00000000       .debug$S                   0000000180000000     kernel32:KERNEL32.dll
 0000:00000000       .debug$S                   0000000180000000     kernel32:KERNEL32.dll
 0000:00000000       .debug$S                   0000000180000000     sf_runtime:sf_runtime.dll
 0000:00000000       .debug$S                   0000000180000000     MSVCRT:MSVCR110.dll
 0000:00000000       .debug$S                   0000000180000000     MSVCRT:MSVCR110.dll
 0000:00000000       .debug$S                   0000000180000000     MSVCRT:MSVCR110.dll
 0000:00000000       .debug$S                   0000000180000000     MSVCRT:MSVCR110.dll
 0000:00000000       .debug$S                   0000000180000000     MSVCRT:MSVCR110.dll
 0000:00000000       .debug$S                   0000000180000000     MSVCRT:MSVCR110.dll
 0000:00000000       .debug$S                   0000000180000000     MSVCRT:MSVCR110.dll
 0000:00000000       .debug$S                   0000000180000000     MSVCRT:MSVCR110.dll
 0000:00000000       .debug$S                   0000000180000000     MSVCRT:MSVCR110.dll
 0000:00000000       .debug$S                   0000000180000000     MSVCRT:MSVCR110.dll
 0000:00000000       .debug$S                   0000000180000000     MSVCRT:MSVCR110.dll
 0000:00000000       .debug$S                   0000000180000000     MSVCRT:MSVCR110.dll
 0000:00000000       .debug$S                   0000000180000000     MSVCRT:MSVCR110.dll
 0000:00000000       .debug$S                   0000000180000000     MSVCRT:MSVCR110.dll
 0000:00000000       .debug$S                   0000000180000000     MSVCRT:MSVCR110.dll
 0000:00000000       .debug$S                   0000000180000000     MSVCRT:MSVCR110.dll
 0000:00000000       .debug$S                   0000000180000000     MSVCRT:MSVCR110.dll
 0000:00000000       .debug$S                   0000000180000000     MSVCRT:MSVCR110.dll
 0000:00000000       .debug$S                   0000000180000000     MSVCRT:MSVCR110.dll
 0000:00000000       .debug$S                   0000000180000000     MSVCRT:MSVCR110.dll
 0000:00000000       .debug$S                   0000000180000000     MSVCRT:MSVCR110.dll
 0000:00000000       .debug$S                   0000000180000000     MSVCRT:MSVCR110.dll
 0000:00000000       .debug$S                   0000000180000000     MSVCRT:MSVCR110.dll
 0000:00000000       .debug$S                   0000000180000000     MSVCRT:MSVCR110.dll
 0000:00000000       .debug$S                   0000000180000000     MSVCRT:MSVCR110.dll
 0000:00000000       .debug$S                   0000000180000000     sf_runtime:sf_runtime.dll
 0000:00000000       .debug$S                   0000000180000000     sf_runtime:sf_runtime.dll
 0000:00000000       .debug$S                   0000000180000000     sf_runtime:sf_runtime.dll
 0000:00000000       .debug$S                   0000000180000000     sf_runtime:sf_runtime.dll
 0000:00000000       .debug$S                   0000000180000000     sf_runtime:sf_runtime.dll
 0000:00000000       .debug$S                   0000000180000000     sf_runtime:sf_runtime.dll
 0000:00000000       .debug$S                   0000000180000000     sf_runtime:sf_runtime.dll
 0000:00000000       .debug$S                   0000000180000000     sf_runtime:sf_runtime.dll
 0000:00000000       .debug$S                   0000000180000000     sf_runtime:sf_runtime.dll
 0000:00000000       .debug$S                   0000000180000000     sf_runtime:sf_runtime.dll
 0000:00000000       .debug$S                   0000000180000000     sf_runtime:sf_runtime.dll
 0000:00000000       .debug$S                   0000000180000000     sf_runtime:sf_runtime.dll
 0000:00000000       .debug$S                   0000000180000000     sf_runtime:sf_runtime.dll
 0000:00000000       .debug$S                   0000000180000000     sf_runtime:sf_runtime.dll
 0000:00000000       .debug$S                   0000000180000000     sf_runtime:sf_runtime.dll
 0000:00000000       .debug$S                   0000000180000000     sf_runtime:sf_runtime.dll
 0000:00000000       .debug$S                   0000000180000000     sf_runtime:sf_runtime.dll
 0000:00000000       .debug$S                   0000000180000000     sf_runtime:sf_runtime.dll
 0000:00000000       .debug$S                   0000000180000000     sf_runtime:sf_runtime.dll
 0000:00000000       .debug$S                   0000000180000000     sf_runtime:sf_runtime.dll
 0000:00000000       .debug$S                   0000000180000000     sf_runtime:sf_runtime.dll
 0000:00000000       .debug$S                   0000000180000000     sf_runtime:sf_runtime.dll
 0000:00000000       .debug$S                   0000000180000000     sf_runtime:sf_runtime.dll
 0000:00000000       .debug$S                   0000000180000000     sf_runtime:sf_runtime.dll
 0000:00000000       .debug$S                   0000000180000000     sf_runtime:sf_runtime.dll
 0000:00000000       .debug$S                   0000000180000000     sf_runtime:sf_runtime.dll
 0000:00000000       .debug$S                   0000000180000000     sf_runtime:sf_runtime.dll
 0000:00000000       .debug$S                   0000000180000000     sf_runtime:sf_runtime.dll
 0000:00000000       .debug$S                   0000000180000000     sf_runtime:sf_runtime.dll
 0000:00000000       .debug$S                   0000000180000000     sf_runtime:sf_runtime.dll
 0000:00000000       .debug$S                   0000000180000000     libmx:libmx.dll
 0000:00000000       .debug$S                   0000000180000000     sf_runtime:sf_runtime.dll
 0000:00000000       .debug$S                   0000000180000000     libmx:libmx.dll
 0000:00000000       .debug$S                   0000000180000000     sf_runtime:sf_runtime.dll
 0000:00000000       .debug$S                   0000000180000000     libmx:libmx.dll
 0000:00000000       .debug$S                   0000000180000000     sf_runtime:sf_runtime.dll
 0000:00000000       .debug$S                   0000000180000000     libut:libut.dll
 0000:00000000       .debug$S                   0000000180000000     libut:libut.dll
 0000:00000000       .debug$S                   0000000180000000     libmx:libmx.dll
 0000:00000000       .debug$S                   0000000180000000     libmex:libmex.dll
 0000:00000000       .debug$S                   0000000180000000     libmex:libmex.dll
 0000:00000000       .debug$S                   0000000180000000     libmex:libmex.dll
 0000:00000000       .debug$S                   0000000180000000     libmex:libmex.dll
 0000:00000000       .debug$S                   0000000180000000     libmex:libmex.dll
 0000:00000000       .debug$S                   0000000180000000     libmex:libmex.dll
 0000:00000000       .debug$S                   0000000180000000     libmex:libmex.dll
 0000:00000000       .debug$S                   0000000180000000     sf_runtime:sf_runtime.dll
 0000:00000000       .debug$S                   0000000180000000     libmx:libmx.dll
 0000:00000000       .debug$S                   0000000180000000     libmx:libmx.dll
 0000:00000000       .debug$S                   0000000180000000     libmx:libmx.dll
 0000:00000000       .debug$S                   0000000180000000     libmx:libmx.dll
 0000:00000000       .debug$S                   0000000180000000     libmx:libmx.dll
 0000:00000000       .debug$S                   0000000180000000     libmx:libmx.dll
 0000:00000000       .debug$S                   0000000180000000     libmx:libmx.dll
 0000:00000000       .debug$S                   0000000180000000     libmx:libmx.dll
 0000:00000000       .debug$S                   0000000180000000     libmx:libmx.dll
 0000:00000000       .debug$S                   0000000180000000     libmx:libmx.dll
 0000:00000000       .debug$S                   0000000180000000     libmx:libmx.dll
 0000:00000000       .debug$S                   0000000180000000     libmx:libmx.dll
 0000:00000000       .debug$S                   0000000180000000     libmx:libmx.dll
 0000:00000000       .debug$S                   0000000180000000     libmx:libmx.dll
 0000:00000000       .debug$S                   0000000180000000     sf_runtime:sf_runtime.dll
 0000:00000000       .debug$S                   0000000180000000     sf_runtime:sf_runtime.dll
 0000:00000000       .debug$S                   0000000180000000     sf_runtime:sf_runtime.dll
 0000:00000000       .debug$S                   0000000180000000     sf_runtime:sf_runtime.dll
 0000:00000000       .debug$S                   0000000180000000     sf_runtime:sf_runtime.dll
 0000:00000000       .debug$S                   0000000180000000     sf_runtime:sf_runtime.dll
 0000:00000000       .debug$S                   0000000180000000     sf_runtime:sf_runtime.dll
 0000:00000000       .debug$S                   0000000180000000     sf_runtime:sf_runtime.dll
 0000:00000000       .debug$S                   0000000180000000     sf_runtime:sf_runtime.dll
 0000:00000000       .debug$S                   0000000180000000     sf_runtime:sf_runtime.dll
 0000:00000000       .debug$S                   0000000180000000     sf_runtime:sf_runtime.dll
 0000:00000000       .debug$S                   0000000180000000     sf_runtime:sf_runtime.dll
 0000:00000000       .debug$S                   0000000180000000     sf_runtime:sf_runtime.dll
 0000:00000000       .debug$S                   0000000180000000     sf_runtime:sf_runtime.dll
 0000:00000000       .debug$S                   0000000180000000     sf_runtime:sf_runtime.dll
 0000:00000000       .debug$S                   0000000180000000     sf_runtime:sf_runtime.dll
 0000:00000000       .debug$S                   0000000180000000     sf_runtime:sf_runtime.dll
 0000:00000000       .debug$S                   0000000180000000     sf_runtime:sf_runtime.dll
 0000:00000000       .debug$S                   0000000180000000     sf_runtime:sf_runtime.dll
 0000:00000000       .debug$S                   0000000180000000     sf_runtime:sf_runtime.dll
 0000:00000000       .debug$S                   0000000180000000     sf_runtime:sf_runtime.dll
 0000:00000000       .debug$S                   0000000180000000     sf_runtime:sf_runtime.dll
 0000:00000000       .debug$S                   0000000180000000     sf_runtime:sf_runtime.dll
 0000:00000000       .debug$S                   0000000180000000     sf_runtime:sf_runtime.dll
 0000:00000000       .debug$S                   0000000180000000     sf_runtime:sf_runtime.dll
 0000:00000000       .debug$S                   0000000180000000     sf_runtime:sf_runtime.dll
 0000:00000000       .debug$S                   0000000180000000     sf_runtime:sf_runtime.dll
 0000:00000000       .debug$S                   0000000180000000     sf_runtime:sf_runtime.dll
 0000:00000000       .debug$S                   0000000180000000     sf_runtime:sf_runtime.dll
 0000:00000000       .debug$S                   0000000180000000     sf_runtime:sf_runtime.dll
 0000:00000000       .debug$S                   0000000180000000     sf_runtime:sf_runtime.dll
 0000:00000000       .debug$S                   0000000180000000     sf_runtime:sf_runtime.dll
 0000:00000000       .debug$S                   0000000180000000     sf_runtime:sf_runtime.dll
 0000:00000000       .debug$S                   0000000180000000     sf_runtime:sf_runtime.dll
 0000:00000000       .debug$S                   0000000180000000     sf_runtime:sf_runtime.dll
 0000:00000000       .debug$S                   0000000180000000     sf_runtime:sf_runtime.dll
 0000:00000000       .debug$S                   0000000180000000     sf_runtime:sf_runtime.dll
 0000:00000000       .debug$S                   0000000180000000     sf_runtime:sf_runtime.dll
 0001:00001350       initialize_c1_SingleCylinderTest 0000000180002350 f   c1_SingleCylinderTest.obj
 0001:000013a0       initialize_params_c1_SingleCylinderTest 00000001800023a0 f   c1_SingleCylinderTest.obj
 0001:000013b0       enable_c1_SingleCylinderTest 00000001800023b0 f   c1_SingleCylinderTest.obj
 0001:000013e0       disable_c1_SingleCylinderTest 00000001800023e0 f   c1_SingleCylinderTest.obj
 0001:00001410       c1_update_debugger_state_c1_SingleCylinderTest 0000000180002410 f   c1_SingleCylinderTest.obj
 0001:00001420       get_sim_state_c1_SingleCylinderTest 0000000180002420 f   c1_SingleCylinderTest.obj
 0001:000015c0       set_sim_state_c1_SingleCylinderTest 00000001800025c0 f   c1_SingleCylinderTest.obj
 0001:000016a0       finalize_c1_SingleCylinderTest 00000001800026a0 f   c1_SingleCylinderTest.obj
 0001:000016b0       sf_gateway_c1_SingleCylinderTest 00000001800026b0 f   c1_SingleCylinderTest.obj
 0001:00001dc0       initSimStructsc1_SingleCylinderTest 0000000180002dc0 f   c1_SingleCylinderTest.obj
 0001:00001dd0       init_script_number_translation 0000000180002dd0 f   c1_SingleCylinderTest.obj
 0001:00001df0       c1_sf_marshallOut          0000000180002df0 f   c1_SingleCylinderTest.obj
 0001:00001ea0       c1_emlrt_marshallIn        0000000180002ea0 f   c1_SingleCylinderTest.obj
 0001:00001f10       c1_b_emlrt_marshallIn      0000000180002f10 f   c1_SingleCylinderTest.obj
 0001:00001fa0       c1_sf_marshallIn           0000000180002fa0 f   c1_SingleCylinderTest.obj
 0001:00002040       c1_b_sf_marshallOut        0000000180003040 f   c1_SingleCylinderTest.obj
 0001:000020f0       c1_c_sf_marshallOut        00000001800030f0 f   c1_SingleCylinderTest.obj
 0001:00002240       c1_c_emlrt_marshallIn      0000000180003240 f   c1_SingleCylinderTest.obj
 0001:00002340       c1_b_sf_marshallIn         0000000180003340 f   c1_SingleCylinderTest.obj
 0001:00002440       c1_info_helper             0000000180003440 f   c1_SingleCylinderTest.obj
 0001:00008d40       c1_emlrt_marshallOut       0000000180009d40 f   c1_SingleCylinderTest.obj
 0001:00008dd0       c1_b_emlrt_marshallOut     0000000180009dd0 f   c1_SingleCylinderTest.obj
 0001:00008e40       c1_e_emlrt_marshallIn      0000000180009e40 f   c1_SingleCylinderTest.obj
 0001:00008ea0       c1_f_emlrt_marshallIn      0000000180009ea0 f   c1_SingleCylinderTest.obj
 0001:00008f30       init_dsm_address_info      0000000180009f30 f   c1_SingleCylinderTest.obj
 0001:000093c0       sf_get_sim_state_info_c1_SingleCylinderTest 000000018000a3c0 f   c1_SingleCylinderTest.obj
 0001:00009490       chart_debug_initialization 000000018000a490 f   c1_SingleCylinderTest.obj
 0001:00009be0       sf_get_instance_specialization 000000018000abe0 f   c1_SingleCylinderTest.obj
 0001:00009bf0       sf_opaque_initialize_c1_SingleCylinderTest 000000018000abf0 f   c1_SingleCylinderTest.obj
 0001:00009c30       sf_opaque_enable_c1_SingleCylinderTest 000000018000ac30 f   c1_SingleCylinderTest.obj
 0001:00009c50       sf_opaque_disable_c1_SingleCylinderTest 000000018000ac50 f   c1_SingleCylinderTest.obj
 0001:00009c70       sf_opaque_gateway_c1_SingleCylinderTest 000000018000ac70 f   c1_SingleCylinderTest.obj
 0001:00009f50       sf_opaque_get_sim_state_c1_SingleCylinderTest 000000018000af50 f   c1_SingleCylinderTest.obj
 0001:00009f70       sf_opaque_set_sim_state_c1_SingleCylinderTest 000000018000af70 f   c1_SingleCylinderTest.obj
 0001:00009fa0       sf_opaque_terminate_c1_SingleCylinderTest 000000018000afa0 f   c1_SingleCylinderTest.obj
 0001:0000a040       sf_opaque_init_subchart_simstructs 000000018000b040 f   c1_SingleCylinderTest.obj
 0001:0000a060       mdlProcessParameters_c1_SingleCylinderTest 000000018000b060 f   c1_SingleCylinderTest.obj
 0001:0000a140       mdlSetWorkWidths_c1_SingleCylinderTest 000000018000b140 f   c1_SingleCylinderTest.obj
 0001:0000a650       mdlRTW_c1_SingleCylinderTest 000000018000b650 f   c1_SingleCylinderTest.obj
 0001:0000a690       mdlStart_c1_SingleCylinderTest 000000018000b690 f   c1_SingleCylinderTest.obj
 0001:0000aa80       initialize_c3_SingleCylinderTest 000000018000ba80 f   c3_SingleCylinderTest.obj
 0001:0000ab10       initialize_params_c3_SingleCylinderTest 000000018000bb10 f   c3_SingleCylinderTest.obj
 0001:0000ab20       enable_c3_SingleCylinderTest 000000018000bb20 f   c3_SingleCylinderTest.obj
 0001:0000ab50       disable_c3_SingleCylinderTest 000000018000bb50 f   c3_SingleCylinderTest.obj
 0001:0000ab80       c3_update_debugger_state_c3_SingleCylinderTest 000000018000bb80 f   c3_SingleCylinderTest.obj
 0001:0000b050       get_sim_state_c3_SingleCylinderTest 000000018000c050 f   c3_SingleCylinderTest.obj
 0001:0000b280       set_sim_state_c3_SingleCylinderTest 000000018000c280 f   c3_SingleCylinderTest.obj
 0001:0000b3e0       c3_set_sim_state_side_effects_c3_SingleCylinderTest 000000018000c3e0 f   c3_SingleCylinderTest.obj
 0001:0000b490       finalize_c3_SingleCylinderTest 000000018000c490 f   c3_SingleCylinderTest.obj
 0001:0000b4c0       sf_gateway_c3_SingleCylinderTest 000000018000c4c0 f   c3_SingleCylinderTest.obj
 0001:0000d850       initSimStructsc3_SingleCylinderTest 000000018000e850 f   c3_SingleCylinderTest.obj
 0001:0000d860       init_script_number_translation 000000018000e860 f   c3_SingleCylinderTest.obj
 0001:0000d880       c3_sf_marshallOut          000000018000e880 f   c3_SingleCylinderTest.obj
 0001:0000d930       c3_emlrt_marshallIn        000000018000e930 f   c3_SingleCylinderTest.obj
 0001:0000d9c0       c3_sf_marshallIn           000000018000e9c0 f   c3_SingleCylinderTest.obj
 0001:0000da60       c3_b_sf_marshallOut        000000018000ea60 f   c3_SingleCylinderTest.obj
 0001:0000db10       c3_b_emlrt_marshallIn      000000018000eb10 f   c3_SingleCylinderTest.obj
 0001:0000dba0       c3_b_sf_marshallIn         000000018000eba0 f   c3_SingleCylinderTest.obj
 0001:0000dc40       c3_c_sf_marshallOut        000000018000ec40 f   c3_SingleCylinderTest.obj
 0001:0000dcf0       c3_c_emlrt_marshallIn      000000018000ecf0 f   c3_SingleCylinderTest.obj
 0001:0000dd50       c3_d_emlrt_marshallIn      000000018000ed50 f   c3_SingleCylinderTest.obj
 0001:0000dde0       c3_c_sf_marshallIn         000000018000ede0 f   c3_SingleCylinderTest.obj
 0001:0000de80       c3_e_emlrt_marshallIn      000000018000ee80 f   c3_SingleCylinderTest.obj
 0001:0000dee0       c3_f_emlrt_marshallIn      000000018000eee0 f   c3_SingleCylinderTest.obj
 0001:0000df70       c3_g_emlrt_marshallIn      000000018000ef70 f   c3_SingleCylinderTest.obj
 0001:0000dff0       c3_h_emlrt_marshallIn      000000018000eff0 f   c3_SingleCylinderTest.obj
 0001:0000e050       c3_updateDataWrittenToVector 000000018000f050 f   c3_SingleCylinderTest.obj
 0001:0000e0d0       init_dsm_address_info      000000018000f0d0 f   c3_SingleCylinderTest.obj
 0001:0000e950       sf_get_sim_state_info_c3_SingleCylinderTest 000000018000f950 f   c3_SingleCylinderTest.obj
 0001:0000ea20       chart_debug_initialization 000000018000fa20 f   c3_SingleCylinderTest.obj
 0001:0000fe90       sf_get_instance_specialization 0000000180010e90 f   c3_SingleCylinderTest.obj
 0001:0000fea0       sf_opaque_initialize_c3_SingleCylinderTest 0000000180010ea0 f   c3_SingleCylinderTest.obj
 0001:0000fee0       sf_opaque_enable_c3_SingleCylinderTest 0000000180010ee0 f   c3_SingleCylinderTest.obj
 0001:0000ff00       sf_opaque_disable_c3_SingleCylinderTest 0000000180010f00 f   c3_SingleCylinderTest.obj
 0001:0000ff20       sf_opaque_gateway_c3_SingleCylinderTest 0000000180010f20 f   c3_SingleCylinderTest.obj
 0001:00010200       sf_opaque_get_sim_state_c3_SingleCylinderTest 0000000180011200 f   c3_SingleCylinderTest.obj
 0001:00010220       sf_opaque_set_sim_state_c3_SingleCylinderTest 0000000180011220 f   c3_SingleCylinderTest.obj
 0001:00010250       sf_opaque_terminate_c3_SingleCylinderTest 0000000180011250 f   c3_SingleCylinderTest.obj
 0001:000102f0       sf_opaque_init_subchart_simstructs 00000001800112f0 f   c3_SingleCylinderTest.obj
 0001:00010310       mdlProcessParameters_c3_SingleCylinderTest 0000000180011310 f   c3_SingleCylinderTest.obj
 0001:000103f0       mdlSetWorkWidths_c3_SingleCylinderTest 00000001800113f0 f   c3_SingleCylinderTest.obj
 0001:000109b0       mdlRTW_c3_SingleCylinderTest 00000001800119b0 f   c3_SingleCylinderTest.obj
 0001:000109f0       mdlStart_c3_SingleCylinderTest 00000001800119f0 f   c3_SingleCylinderTest.obj
 0001:00010de0       initialize_c4_SingleCylinderTest 0000000180011de0 f   c4_SingleCylinderTest.obj
 0001:00010e30       initialize_params_c4_SingleCylinderTest 0000000180011e30 f   c4_SingleCylinderTest.obj
 0001:00010e40       enable_c4_SingleCylinderTest 0000000180011e40 f   c4_SingleCylinderTest.obj
 0001:00010e70       disable_c4_SingleCylinderTest 0000000180011e70 f   c4_SingleCylinderTest.obj
 0001:00010ea0       c4_update_debugger_state_c4_SingleCylinderTest 0000000180011ea0 f   c4_SingleCylinderTest.obj
 0001:00010eb0       get_sim_state_c4_SingleCylinderTest 0000000180011eb0 f   c4_SingleCylinderTest.obj
 0001:00011050       set_sim_state_c4_SingleCylinderTest 0000000180012050 f   c4_SingleCylinderTest.obj
 0001:00011130       finalize_c4_SingleCylinderTest 0000000180012130 f   c4_SingleCylinderTest.obj
 0001:00011140       sf_gateway_c4_SingleCylinderTest 0000000180012140 f   c4_SingleCylinderTest.obj
 0001:000119e0       initSimStructsc4_SingleCylinderTest 00000001800129e0 f   c4_SingleCylinderTest.obj
 0001:000119f0       init_script_number_translation 00000001800129f0 f   c4_SingleCylinderTest.obj
 0001:00011a10       c4_sf_marshallOut          0000000180012a10 f   c4_SingleCylinderTest.obj
 0001:00011ac0       c4_emlrt_marshallIn        0000000180012ac0 f   c4_SingleCylinderTest.obj
 0001:00011b30       c4_b_emlrt_marshallIn      0000000180012b30 f   c4_SingleCylinderTest.obj
 0001:00011bc0       c4_sf_marshallIn           0000000180012bc0 f   c4_SingleCylinderTest.obj
 0001:00011c60       c4_d_emlrt_marshallIn      0000000180012c60 f   c4_SingleCylinderTest.obj
 0001:00011cc0       c4_e_emlrt_marshallIn      0000000180012cc0 f   c4_SingleCylinderTest.obj
 0001:00011d50       init_dsm_address_info      0000000180012d50 f   c4_SingleCylinderTest.obj
 0001:000121e0       sf_get_sim_state_info_c4_SingleCylinderTest 00000001800131e0 f   c4_SingleCylinderTest.obj
 0001:000122b0       chart_debug_initialization 00000001800132b0 f   c4_SingleCylinderTest.obj
 0001:00012ad0       sf_get_instance_specialization 0000000180013ad0 f   c4_SingleCylinderTest.obj
 0001:00012ae0       sf_opaque_initialize_c4_SingleCylinderTest 0000000180013ae0 f   c4_SingleCylinderTest.obj
 0001:00012b20       sf_opaque_enable_c4_SingleCylinderTest 0000000180013b20 f   c4_SingleCylinderTest.obj
 0001:00012b40       sf_opaque_disable_c4_SingleCylinderTest 0000000180013b40 f   c4_SingleCylinderTest.obj
 0001:00012b60       sf_opaque_gateway_c4_SingleCylinderTest 0000000180013b60 f   c4_SingleCylinderTest.obj
 0001:00012e40       sf_opaque_get_sim_state_c4_SingleCylinderTest 0000000180013e40 f   c4_SingleCylinderTest.obj
 0001:00012e60       sf_opaque_set_sim_state_c4_SingleCylinderTest 0000000180013e60 f   c4_SingleCylinderTest.obj
 0001:00012e90       sf_opaque_terminate_c4_SingleCylinderTest 0000000180013e90 f   c4_SingleCylinderTest.obj
 0001:00012f30       sf_opaque_init_subchart_simstructs 0000000180013f30 f   c4_SingleCylinderTest.obj
 0001:00012f50       mdlProcessParameters_c4_SingleCylinderTest 0000000180013f50 f   c4_SingleCylinderTest.obj
 0001:00013030       mdlSetWorkWidths_c4_SingleCylinderTest 0000000180014030 f   c4_SingleCylinderTest.obj
 0001:00013540       mdlRTW_c4_SingleCylinderTest 0000000180014540 f   c4_SingleCylinderTest.obj
 0001:00013580       mdlStart_c4_SingleCylinderTest 0000000180014580 f   c4_SingleCylinderTest.obj
 0001:00014894       $LN107                     0000000180015894     SingleCylinderTest_sfun_registry.obj
 0001:00015bc4       $LN17                      0000000180016bc4     SingleCylinderTest_sfun_registry.obj
 0001:0001614c       $LN26                      000000018001714c     SingleCylinderTest_sfun_registry.obj
 0001:00016834       $LN23                      0000000180017834     SingleCylinderTest_sfun_registry.obj
 0001:00016e10       $LN26                      0000000180017e10     SingleCylinderTest_sfun_registry.obj
 0001:00018740       sf_debug_api_wrapper       0000000180019740 f   SingleCylinderTest_sfun_registry.obj
 0001:00018790       ProcessMexSfunctionCmdLineCall 0000000180019790 f   SingleCylinderTest_sfun_registry.obj
 0001:00018a50       getChartInfoFromSimStruct  0000000180019a50 f   SingleCylinderTest_sfun_registry.obj
 0001:00018b10       mdlSetWorkWidths           0000000180019b10 f   SingleCylinderTest_sfun_registry.obj
 0001:00018b40       mdlProcessParameters       0000000180019b40 f   SingleCylinderTest_sfun_registry.obj
 0001:00018b70       mdl_start_processing       0000000180019b70 f   SingleCylinderTest_sfun_registry.obj
 0001:00018c00       mdl_terminate_processing   0000000180019c00 f   SingleCylinderTest_sfun_registry.obj
 0001:00018c80       mdlStart                   0000000180019c80 f   SingleCylinderTest_sfun_registry.obj
 0001:00018cb0       mdlTerminate               0000000180019cb0 f   SingleCylinderTest_sfun_registry.obj
 0001:00018ce0       mdlInitializeSizes         0000000180019ce0 f   SingleCylinderTest_sfun_registry.obj
 0001:00018d10       mdlInitializeSampleTimes   0000000180019d10 f   SingleCylinderTest_sfun_registry.obj
 0001:00018d40       mdl_outputs_continuous_legacy 0000000180019d40 f   SingleCylinderTest_sfun_registry.obj
 0001:00018e40       mdl_outputs_processing     0000000180019e40 f   SingleCylinderTest_sfun_registry.obj
 0001:00018f40       mdl_zeroCrossings_processing 0000000180019f40 f   SingleCylinderTest_sfun_registry.obj
 0001:00018f80       mdlZeroCrossings           0000000180019f80 f   SingleCylinderTest_sfun_registry.obj
 0001:00018fb0       mdl_derivatives_processing 0000000180019fb0 f   SingleCylinderTest_sfun_registry.obj
 0001:00019000       mdlDerivatives             000000018001a000 f   SingleCylinderTest_sfun_registry.obj
 0001:00019030       mdl_initialize_conditions_processing 000000018001a030 f   SingleCylinderTest_sfun_registry.obj
 0001:00019080       mdlInitializeConditions    000000018001a080 f   SingleCylinderTest_sfun_registry.obj
 0001:000190b0       mdl_ext_mode_exec_processing 000000018001a0b0 f   SingleCylinderTest_sfun_registry.obj
 0001:000190f0       mdlExtModeExec             000000018001a0f0 f   SingleCylinderTest_sfun_registry.obj
 0001:00019120       mdlRTW                     000000018001a120 f   SingleCylinderTest_sfun_registry.obj
 0001:00019160       mdl_enable_processing      000000018001a160 f   SingleCylinderTest_sfun_registry.obj
 0001:000191a0       mdlEnable                  000000018001a1a0 f   SingleCylinderTest_sfun_registry.obj
 0001:000191d0       mdl_disable_processing     000000018001a1d0 f   SingleCylinderTest_sfun_registry.obj
 0001:00019210       mdlDisable                 000000018001a210 f   SingleCylinderTest_sfun_registry.obj
 0001:00019240       mdlOutputs                 000000018001a240 f   SingleCylinderTest_sfun_registry.obj
 0001:00019410       mdlGetTimeOfNextVarHit     000000018001a410 f   SingleCylinderTest_sfun_registry.obj
 0001:00019460       _RegNumInputPortsCB        000000018001a460 f   SingleCylinderTest_sfun_registry.obj
 0001:000194e0       _RegNumOutputPortsCB       000000018001a4e0 f   SingleCylinderTest_sfun_registry.obj
 0001:00019560       _CreateSimStruct           000000018001a560 f   SingleCylinderTest_sfun_registry.obj
 0001:000196f0       _ssFatalError              000000018001a6f0 f   SingleCylinderTest_sfun_registry.obj
 0001:000197a0       _ProcessMexSfunctionCmdLineCall 000000018001a7a0 f   SingleCylinderTest_sfun_registry.obj
 0001:0001a4b0       $$000000                   000000018001b4b0     MSVCRT:amdsecgs.obj
 0001:0001a50c       pre_c_init                 000000018001b50c f   MSVCRT:crtdll.obj
 0001:0001a804       __DllMainCRTStartup        000000018001b804 f   MSVCRT:crtdll.obj
 0001:0001ad20       __DllMainCRTStartup$filt$0 000000018001bd20 f   MSVCRT:crtdll.obj
 0001:0001ad45       __DllMainCRTStartup$fin$1  000000018001bd45 f   MSVCRT:crtdll.obj
 0001:0001ad60       _IsNonwritableInCurrentImage$filt$0 000000018001bd60 f   MSVCRT:pesect.obj
 0001:0001ad80       _onexit$fin$0              000000018001bd80 f   MSVCRT:atonexit.obj
 0002:00000478       pcinit                     000000018001c478     MSVCRT:crtdll.obj
 0002:00000480       pinit                      000000018001c480     MSVCRT:atonexit.obj
 0002:00000b28       GS_ExceptionPointers       000000018001cb28     MSVCRT:gs_report.obj
 0002:00000bf0       $unwind$load_SingleCylinderTest_optimization_info 000000018001cbf0     SingleCylinderTest_sfun.obj
 0002:00000bf8       $unwind$unload_SingleCylinderTest_optimization_info 000000018001cbf8     SingleCylinderTest_sfun.obj
 0002:00000c00       $unwind$sf_SingleCylinderTest_method_dispatcher 000000018001cc00     SingleCylinderTest_sfun.obj
 0002:00000c08       $unwind$sf_SingleCylinderTest_process_check_sum_call 000000018001cc08     SingleCylinderTest_sfun.obj
 0002:00000c18       $unwind$sf_SingleCylinderTest_autoinheritance_info 000000018001cc18     SingleCylinderTest_sfun.obj
 0002:00000c28       $unwind$sf_SingleCylinderTest_get_eml_resolved_functions_info 000000018001cc28     SingleCylinderTest_sfun.obj
 0002:00000c38       $unwind$sf_SingleCylinderTest_third_party_uses_info 000000018001cc38     SingleCylinderTest_sfun.obj
 0002:00000c48       $unwind$sf_SingleCylinderTest_updateBuildInfo_args_info 000000018001cc48     SingleCylinderTest_sfun.obj
 0002:00000c58       $unwind$SingleCylinderTest_debug_initialize 000000018001cc58     SingleCylinderTest_sfun.obj
 0002:00000c60       $unwind$sf_c1_SingleCylinderTest_get_eml_resolved_functions_info 000000018001cc60     c1_SingleCylinderTest.obj
 0002:00000c68       $unwind$sf_c1_SingleCylinderTest_get_check_sum 000000018001cc68     c1_SingleCylinderTest.obj
 0002:00000c70       $unwind$c1_SingleCylinderTest_method_dispatcher 000000018001cc70     c1_SingleCylinderTest.obj
 0002:00000c78       $unwind$initialize_c1_SingleCylinderTest 000000018001cc78     c1_SingleCylinderTest.obj
 0002:00000c80       $unwind$enable_c1_SingleCylinderTest 000000018001cc80     c1_SingleCylinderTest.obj
 0002:00000c88       $unwind$disable_c1_SingleCylinderTest 000000018001cc88     c1_SingleCylinderTest.obj
 0002:00000c90       $unwind$get_sim_state_c1_SingleCylinderTest 000000018001cc90     c1_SingleCylinderTest.obj
 0002:00000c98       $unwind$set_sim_state_c1_SingleCylinderTest 000000018001cc98     c1_SingleCylinderTest.obj
 0002:00000ca0       $unwind$sf_gateway_c1_SingleCylinderTest 000000018001cca0     c1_SingleCylinderTest.obj
 0002:00000cb0       $unwind$c1_sf_marshallOut  000000018001ccb0     c1_SingleCylinderTest.obj
 0002:00000cb8       $unwind$c1_emlrt_marshallIn 000000018001ccb8     c1_SingleCylinderTest.obj
 0002:00000cc0       $unwind$c1_b_emlrt_marshallIn 000000018001ccc0     c1_SingleCylinderTest.obj
 0002:00000cc8       $unwind$c1_sf_marshallIn   000000018001ccc8     c1_SingleCylinderTest.obj
 0002:00000cd0       $unwind$c1_b_sf_marshallOut 000000018001ccd0     c1_SingleCylinderTest.obj
 0002:00000cd8       $unwind$c1_c_sf_marshallOut 000000018001ccd8     c1_SingleCylinderTest.obj
[...]
 0004:000002dc       $pdata$c3_sf_marshallOut   00000001800262dc     c3_SingleCylinderTest.obj
 0004:000002e8       $pdata$c3_emlrt_marshallIn 00000001800262e8     c3_SingleCylinderTest.obj
 0004:000002f4       $pdata$c3_sf_marshallIn    00000001800262f4     c3_SingleCylinderTest.obj
 0004:00000300       $pdata$c3_b_sf_marshallOut 0000000180026300     c3_SingleCylinderTest.obj
 0004:0000030c       $pdata$c3_b_emlrt_marshallIn 000000018002630c     c3_SingleCylinderTest.obj
 0004:00000318       $pdata$c3_b_sf_marshallIn  0000000180026318     c3_SingleCylinderTest.obj
 0004:00000324       $pdata$c3_c_sf_marshallOut 0000000180026324     c3_SingleCylinderTest.obj
 0004:00000330       $pdata$c3_c_emlrt_marshallIn 0000000180026330     c3_SingleCylinderTest.obj
 0004:0000033c       $pdata$c3_d_emlrt_marshallIn 000000018002633c     c3_SingleCylinderTest.obj
 0004:00000348       $pdata$c3_c_sf_marshallIn  0000000180026348     c3_SingleCylinderTest.obj
 0004:00000354       $pdata$c3_e_emlrt_marshallIn 0000000180026354     c3_SingleCylinderTest.obj
 0004:00000360       $pdata$c3_f_emlrt_marshallIn 0000000180026360     c3_SingleCylinderTest.obj
 0004:0000036c       $pdata$c3_g_emlrt_marshallIn 000000018002636c     c3_SingleCylinderTest.obj
 0004:00000378       $pdata$c3_h_emlrt_marshallIn 0000000180026378     c3_SingleCylinderTest.obj
 0004:00000384       $pdata$c3_updateDataWrittenToVector 0000000180026384     c3_SingleCylinderTest.obj
 0004:00000390       $pdata$sf_c3_SingleCylinderTest_get_autoinheritance_info 0000000180026390     c3_SingleCylinderTest.obj
 0004:0000039c       $pdata$sf_c3_SingleCylinderTest_third_party_uses_info 000000018002639c     c3_SingleCylinderTest.obj
 0004:000003a8       $pdata$sf_c3_SingleCylinderTest_updateBuildInfo_args_info 00000001800263a8     c3_SingleCylinderTest.obj
 0004:000003b4       $pdata$sf_get_sim_state_info_c3_SingleCylinderTest 00000001800263b4     c3_SingleCylinderTest.obj
 0004:000003c0       $pdata$chart_debug_initialization 00000001800263c0     c3_SingleCylinderTest.obj
 0004:000003cc       $pdata$sf_opaque_initialize_c3_SingleCylinderTest 00000001800263cc     c3_SingleCylinderTest.obj
 0004:000003d8       $pdata$sf_opaque_enable_c3_SingleCylinderTest 00000001800263d8     c3_SingleCylinderTest.obj
 0004:000003e4       $pdata$sf_opaque_disable_c3_SingleCylinderTest 00000001800263e4     c3_SingleCylinderTest.obj
 0004:000003f0       $pdata$sf_opaque_gateway_c3_SingleCylinderTest 00000001800263f0     c3_SingleCylinderTest.obj
 0004:000003fc       $pdata$sf_internal_get_sim_state_c3_SingleCylinderTest 00000001800263fc     c3_SingleCylinderTest.obj
 0004:00000408       $pdata$sf_internal_set_sim_state_c3_SingleCylinderTest 0000000180026408     c3_SingleCylinderTest.obj
 0004:00000414       $pdata$sf_opaque_get_sim_state_c3_SingleCylinderTest 0000000180026414     c3_SingleCylinderTest.obj
 0004:00000420       $pdata$sf_opaque_set_sim_state_c3_SingleCylinderTest 0000000180026420     c3_SingleCylinderTest.obj
 0004:0000042c       $pdata$sf_opaque_terminate_c3_SingleCylinderTest 000000018002642c     c3_SingleCylinderTest.obj
 0004:00000438       $pdata$sf_opaque_init_subchart_simstructs 0000000180026438     c3_SingleCylinderTest.obj
 0004:00000444       $pdata$mdlProcessParameters_c3_SingleCylinderTest 0000000180026444     c3_SingleCylinderTest.obj
 0004:00000450       $pdata$mdlSetWorkWidths_c3_SingleCylinderTest 0000000180026450     c3_SingleCylinderTest.obj
 0004:0000045c       $pdata$mdlRTW_c3_SingleCylinderTest 000000018002645c     c3_SingleCylinderTest.obj
 0004:00000468       $pdata$mdlStart_c3_SingleCylinderTest 0000000180026468     c3_SingleCylinderTest.obj
 0004:00000474       $pdata$sf_c4_SingleCylinderTest_get_eml_resolved_functions_info 0000000180026474     c4_SingleCylinderTest.obj
 0004:00000480       $pdata$sf_c4_SingleCylinderTest_get_check_sum 0000000180026480     c4_SingleCylinderTest.obj
 0004:0000048c       $pdata$c4_SingleCylinderTest_method_dispatcher 000000018002648c     c4_SingleCylinderTest.obj
 0004:00000498       $pdata$initialize_c4_SingleCylinderTest 0000000180026498     c4_SingleCylinderTest.obj
 0004:000004a4       $pdata$enable_c4_SingleCylinderTest 00000001800264a4     c4_SingleCylinderTest.obj
 0004:000004b0       $pdata$disable_c4_SingleCylinderTest 00000001800264b0     c4_SingleCylinderTest.obj
 0004:000004bc       $pdata$get_sim_state_c4_SingleCylinderTest 00000001800264bc     c4_SingleCylinderTest.obj
 0004:000004c8       $pdata$set_sim_state_c4_SingleCylinderTest 00000001800264c8     c4_SingleCylinderTest.obj
 0004:000004d4       $pdata$sf_gateway_c4_SingleCylinderTest 00000001800264d4     c4_SingleCylinderTest.obj
 0004:000004e0       $pdata$c4_sf_marshallOut   00000001800264e0     c4_SingleCylinderTest.obj
 0004:000004ec       $pdata$c4_emlrt_marshallIn 00000001800264ec     c4_SingleCylinderTest.obj
 0004:000004f8       $pdata$c4_b_emlrt_marshallIn 00000001800264f8     c4_SingleCylinderTest.obj
 0004:00000504       $pdata$c4_sf_marshallIn    0000000180026504     c4_SingleCylinderTest.obj
 0004:00000510       $pdata$c4_d_emlrt_marshallIn 0000000180026510     c4_SingleCylinderTest.obj
 0004:0000051c       $pdata$c4_e_emlrt_marshallIn 000000018002651c     c4_SingleCylinderTest.obj
 0004:00000528       $pdata$sf_c4_SingleCylinderTest_get_autoinheritance_info 0000000180026528     c4_SingleCylinderTest.obj
 0004:00000534       $pdata$sf_c4_SingleCylinderTest_third_party_uses_info 0000000180026534     c4_SingleCylinderTest.obj
 0004:00000540       $pdata$sf_c4_SingleCylinderTest_updateBuildInfo_args_info 0000000180026540     c4_SingleCylinderTest.obj
 0004:0000054c       $pdata$sf_get_sim_state_info_c4_SingleCylinderTest 000000018002654c     c4_SingleCylinderTest.obj
 0004:00000558       $pdata$chart_debug_initialization 0000000180026558     c4_SingleCylinderTest.obj
 0004:00000564       $pdata$sf_opaque_initialize_c4_SingleCylinderTest 0000000180026564     c4_SingleCylinderTest.obj
 0004:00000570       $pdata$sf_opaque_enable_c4_SingleCylinderTest 0000000180026570     c4_SingleCylinderTest.obj
 0004:0000057c       $pdata$sf_opaque_disable_c4_SingleCylinderTest 000000018002657c     c4_SingleCylinderTest.obj
 0004:00000588       $pdata$sf_opaque_gateway_c4_SingleCylinderTest 0000000180026588     c4_SingleCylinderTest.obj
 0004:00000594       $pdata$sf_internal_get_sim_state_c4_SingleCylinderTest 0000000180026594     c4_SingleCylinderTest.obj
 0004:000005a0       $pdata$sf_internal_set_sim_state_c4_SingleCylinderTest 00000001800265a0     c4_SingleCylinderTest.obj
 0004:000005ac       $pdata$sf_opaque_get_sim_state_c4_SingleCylinderTest 00000001800265ac     c4_SingleCylinderTest.obj
 0004:000005b8       $pdata$sf_opaque_set_sim_state_c4_SingleCylinderTest 00000001800265b8     c4_SingleCylinderTest.obj
 0004:000005c4       $pdata$sf_opaque_terminate_c4_SingleCylinderTest 00000001800265c4     c4_SingleCylinderTest.obj
 0004:000005d0       $pdata$sf_opaque_init_subchart_simstructs 00000001800265d0     c4_SingleCylinderTest.obj
 0004:000005dc       $pdata$mdlProcessParameters_c4_SingleCylinderTest 00000001800265dc     c4_SingleCylinderTest.obj
 0004:000005e8       $pdata$mdlSetWorkWidths_c4_SingleCylinderTest 00000001800265e8     c4_SingleCylinderTest.obj
 0004:000005f4       $pdata$mdlRTW_c4_SingleCylinderTest 00000001800265f4     c4_SingleCylinderTest.obj
 0004:00000600       $pdata$mdlStart_c4_SingleCylinderTest 0000000180026600     c4_SingleCylinderTest.obj
 0004:0000060c       $pdata$mexFunction         000000018002660c     SingleCylinderTest_sfun_registry.obj
 0004:00000618       $pdata$_ssSetInputPortDirectFeedThroughFcn 0000000180026618     SingleCylinderTest_sfun_registry.obj
 0004:00000624       $pdata$_ssGetInputPortSignalPtrsFcn 0000000180026624     SingleCylinderTest_sfun_registry.obj
 0004:00000630       $pdata$_ssGetInputPortSignalFcn 0000000180026630     SingleCylinderTest_sfun_registry.obj
 0004:0000063c       $pdata$_ssSetInputPortReusableFcn 000000018002663c     SingleCylinderTest_sfun_registry.obj
 0004:00000648       $pdata$_ssSetOutputPortReusableFcn 0000000180026648     SingleCylinderTest_sfun_registry.obj
 0004:00000654       $pdata$ssGetIsZeroCrossControlDisabled 0000000180026654     SingleCylinderTest_sfun_registry.obj
 0004:00000660       $pdata$ssSetIsInputPortUsedForContZcSignal 0000000180026660     SingleCylinderTest_sfun_registry.obj
 0004:0000066c       $pdata$ssSetZcSignalIsZcElementDisc 000000018002666c     SingleCylinderTest_sfun_registry.obj
 0004:00000678       $pdata$ssSetZcSignalName   0000000180026678     SingleCylinderTest_sfun_registry.obj
 0004:00000684       $pdata$ssSetZcSignalWidth  0000000180026684     SingleCylinderTest_sfun_registry.obj
 0004:00000690       $pdata$ssSetZcSignalZcEventType 0000000180026690     SingleCylinderTest_sfun_registry.obj
 0004:0000069c       $pdata$ssSetZcSignalType   000000018002669c     SingleCylinderTest_sfun_registry.obj
 0004:000006a8       $pdata$ssSetZcSignalZcTol  00000001800266a8     SingleCylinderTest_sfun_registry.obj
 0004:000006b4       $pdata$ssSetZcSignalNeedsEventNotification 00000001800266b4     SingleCylinderTest_sfun_registry.obj
 0004:000006c0       $pdata$ssCreateAndAddZcSignalInfo 00000001800266c0     SingleCylinderTest_sfun_registry.obj
 0004:000006cc       $pdata$ssCloneAndAddZcSignalInfo 00000001800266cc     SingleCylinderTest_sfun_registry.obj
 0004:000006d8       $pdata$ssGetNumZcSignals   00000001800266d8     SingleCylinderTest_sfun_registry.obj
 0004:000006e4       $pdata$ssGetZcSignalVector 00000001800266e4     SingleCylinderTest_sfun_registry.obj
 0004:000006f0       $pdata$ssGetZcSignalName   00000001800266f0     SingleCylinderTest_sfun_registry.obj
 0004:000006fc       $pdata$ssGetZcSignalWidth  00000001800266fc     SingleCylinderTest_sfun_registry.obj
 0004:00000708       $pdata$ssGetZcSignalZcEventType 0000000180026708     SingleCylinderTest_sfun_registry.obj
 0004:00000714       $pdata$ssGetZcSignalZcEvents 0000000180026714     SingleCylinderTest_sfun_registry.obj
 0004:00000720       $pdata$ssGetZcSignalType   0000000180026720     SingleCylinderTest_sfun_registry.obj
 0004:0000072c       $pdata$ssGetZcSignalZcTol  000000018002672c     SingleCylinderTest_sfun_registry.obj
 0004:00000738       $pdata$ssGetZcSignalNeedsEventNotification 0000000180026738     SingleCylinderTest_sfun_registry.obj
 0004:00000744       $pdata$ssGetZcSignalIsZcElementDisc 0000000180026744     SingleCylinderTest_sfun_registry.obj
 0004:00000750       $pdata$ssGetIsInputPortElementContinuous 0000000180026750     SingleCylinderTest_sfun_registry.obj
 0004:0000075c       $pdata$ssGetDTypeIdFromMxArray 000000018002675c     SingleCylinderTest_sfun_registry.obj
 0004:00000768       $pdata$ssWriteRTWStr       0000000180026768     SingleCylinderTest_sfun_registry.obj
 0004:00000774       $pdata$ssWriteRTWNameValuePair 0000000180026774     SingleCylinderTest_sfun_registry.obj
 0004:00000780       $pdata$ssWriteRTWParamSettings 0000000180026780     SingleCylinderTest_sfun_registry.obj
 0004:0000078c       $pdata$ssWriteRTWParameters 000000018002678c     SingleCylinderTest_sfun_registry.obj
 0004:00000798       $pdata$ssWriteRTWWorkVect  0000000180026798     SingleCylinderTest_sfun_registry.obj
 0004:000007a4       $pdata$ssWriteRTWMxVectParam 00000001800267a4     SingleCylinderTest_sfun_registry.obj
 0004:000007b0       $pdata$ssWriteRTWMx2dMatParam 00000001800267b0     SingleCylinderTest_sfun_registry.obj
 0004:000007bc       $pdata$_ssSetInputPortMatrixDimensions 00000001800267bc     SingleCylinderTest_sfun_registry.obj
 0004:000007c8       $pdata$_ssSetOutputPortMatrixDimensions 00000001800267c8     SingleCylinderTest_sfun_registry.obj
 0004:000007d4       $pdata$_ssSetInputPortVectorDimension 00000001800267d4     SingleCylinderTest_sfun_registry.obj
 0004:000007e0       $pdata$_ssSetOutputPortVectorDimension 00000001800267e0     SingleCylinderTest_sfun_registry.obj
 0004:000007ec       $pdata$ssIsRunTimeParamTunable 00000001800267ec     SingleCylinderTest_sfun_registry.obj
 0004:000007f8       $pdata$ssGetSFuncBlockHandle 00000001800267f8     SingleCylinderTest_sfun_registry.obj
 0004:00000804       $pdata$_ssGetCurrentInputPortWidth 0000000180026804     SingleCylinderTest_sfun_registry.obj
 0004:00000810       $pdata$_ssGetCurrentOutputPortWidth 0000000180026810     SingleCylinderTest_sfun_registry.obj
 0004:0000081c       $pdata$_ssGetCallSystemNumFcnCallDestinations 000000018002681c     SingleCylinderTest_sfun_registry.obj
 0004:00000828       $pdata$ssWarning           0000000180026828     SingleCylinderTest_sfun_registry.obj
 0004:00000834       $pdata$_ssGetAbsTol        0000000180026834     SingleCylinderTest_sfun_registry.obj
 0004:00000840       $pdata$sf_process_check_sum_call 0000000180026840     SingleCylinderTest_sfun_registry.obj
 0004:0000084c       $pdata$sf_process_autoinheritance_call 000000018002684c     SingleCylinderTest_sfun_registry.obj
 0004:00000858       $pdata$sf_process_get_third_party_uses_info_call 0000000180026858     SingleCylinderTest_sfun_registry.obj
 0004:00000864       $pdata$sf_process_get_updateBuildInfo_args_info_call 0000000180026864     SingleCylinderTest_sfun_registry.obj
 0004:00000870       $pdata$sf_process_get_eml_resolved_functions_info_call 0000000180026870     SingleCylinderTest_sfun_registry.obj
 0004:0000087c       $pdata$sf_mex_unlock_call  000000018002687c     SingleCylinderTest_sfun_registry.obj
 0004:00000888       $pdata$sf_debug_api_wrapper 0000000180026888     SingleCylinderTest_sfun_registry.obj
 0004:00000894       $pdata$ProcessMexSfunctionCmdLineCall 0000000180026894     SingleCylinderTest_sfun_registry.obj
 0004:000008a0       $pdata$sf_machine_global_initializer_called 00000001800268a0     SingleCylinderTest_sfun_registry.obj
 0004:000008ac       $pdata$sf_machine_global_method_dispatcher 00000001800268ac     SingleCylinderTest_sfun_registry.obj
 0004:000008b8       $pdata$sf_machine_global_terminator 00000001800268b8     SingleCylinderTest_sfun_registry.obj
 0004:000008c4       $pdata$sf_register_machine_exported_symbols 00000001800268c4     SingleCylinderTest_sfun_registry.obj
 0004:000008d0       $pdata$sf_machine_global_initializer 00000001800268d0     SingleCylinderTest_sfun_registry.obj
 0004:000008dc       $pdata$getChartInfoFromSimStruct 00000001800268dc     SingleCylinderTest_sfun_registry.obj
 0004:000008e8       $pdata$mdlGetSimState      00000001800268e8     SingleCylinderTest_sfun_registry.obj
 0004:000008f4       $pdata$mdlSetSimState      00000001800268f4     SingleCylinderTest_sfun_registry.obj
 0004:00000900       $pdata$mdlSetWorkWidths    0000000180026900     SingleCylinderTest_sfun_registry.obj
 0004:0000090c       $pdata$mdlProcessParameters 000000018002690c     SingleCylinderTest_sfun_registry.obj
 0004:00000918       $pdata$mdl_start_processing 0000000180026918     SingleCylinderTest_sfun_registry.obj
 0004:00000924       $pdata$mdl_terminate_processing 0000000180026924     SingleCylinderTest_sfun_registry.obj
 0004:00000930       $pdata$mdlStart            0000000180026930     SingleCylinderTest_sfun_registry.obj
 0004:0000093c       $pdata$mdlTerminate        000000018002693c     SingleCylinderTest_sfun_registry.obj
 0004:00000948       $pdata$mdlInitializeSizes  0000000180026948     SingleCylinderTest_sfun_registry.obj
 0004:00000954       $pdata$mdlInitializeSampleTimes 0000000180026954     SingleCylinderTest_sfun_registry.obj
 0004:00000960       $pdata$mdl_outputs_continuous_legacy 0000000180026960     SingleCylinderTest_sfun_registry.obj
 0004:0000096c       $pdata$mdl_outputs_processing 000000018002696c     SingleCylinderTest_sfun_registry.obj
 0004:00000978       $pdata$mdl_zeroCrossings_processing 0000000180026978     SingleCylinderTest_sfun_registry.obj
 0004:00000984       $pdata$mdlZeroCrossings    0000000180026984     SingleCylinderTest_sfun_registry.obj
 0004:00000990       $pdata$mdl_derivatives_processing 0000000180026990     SingleCylinderTest_sfun_registry.obj
 0004:0000099c       $pdata$mdlDerivatives      000000018002699c     SingleCylinderTest_sfun_registry.obj
 0004:000009a8       $pdata$mdl_initialize_conditions_processing 00000001800269a8     SingleCylinderTest_sfun_registry.obj
 0004:000009b4       $pdata$mdlInitializeConditions 00000001800269b4     SingleCylinderTest_sfun_registry.obj
 0004:000009c0       $pdata$mdl_ext_mode_exec_processing 00000001800269c0     SingleCylinderTest_sfun_registry.obj
 0004:000009cc       $pdata$mdlExtModeExec      00000001800269cc     SingleCylinderTest_sfun_registry.obj
 0004:000009d8       $pdata$mdlRTW              00000001800269d8     SingleCylinderTest_sfun_registry.obj
 0004:000009e4       $pdata$mdl_enable_processing 00000001800269e4     SingleCylinderTest_sfun_registry.obj
 0004:000009f0       $pdata$mdlEnable           00000001800269f0     SingleCylinderTest_sfun_registry.obj
 0004:000009fc       $pdata$mdl_disable_processing 00000001800269fc     SingleCylinderTest_sfun_registry.obj
 0004:00000a08       $pdata$mdlDisable          0000000180026a08     SingleCylinderTest_sfun_registry.obj
 0004:00000a14       $pdata$mdlOutputs          0000000180026a14     SingleCylinderTest_sfun_registry.obj
 0004:00000a20       $pdata$ProcessMexSfunctionEveryCall 0000000180026a20     SingleCylinderTest_sfun_registry.obj
 0004:00000a2c       $pdata$_RegNumInputPortsCB 0000000180026a2c     SingleCylinderTest_sfun_registry.obj
 0004:00000a38       $pdata$_RegNumOutputPortsCB 0000000180026a38     SingleCylinderTest_sfun_registry.obj
 0004:00000a44       $pdata$_CreateSimStruct    0000000180026a44     SingleCylinderTest_sfun_registry.obj
 0004:00000a50       $pdata$_ssFatalError       0000000180026a50     SingleCylinderTest_sfun_registry.obj
 0004:00000a5c       $pdata$_ProcessMexSfunctionCmdLineCall 0000000180026a5c     SingleCylinderTest_sfun_registry.obj
 0004:00000a68       $pdata$__raise_securityfailure 0000000180026a68     MSVCRT:gs_report.obj
 0004:00000a74       $pdata$__report_gsfailure  0000000180026a74     MSVCRT:gs_report.obj
 0004:00000a80       $pdata$__report_rangecheckfailure 0000000180026a80     MSVCRT:gs_report.obj
 0004:00000a8c       $pdata$__report_securityfailure 0000000180026a8c     MSVCRT:gs_report.obj
 0004:00000a98       $pdata$__report_securityfailureEx 0000000180026a98     MSVCRT:gs_report.obj
 0004:00000aa4       $pdata$__GSHandlerCheck    0000000180026aa4     MSVCRT:gshandler.obj
 0004:00000ab0       $pdata$__GSHandlerCheckCommon 0000000180026ab0     MSVCRT:gshandler.obj
 0004:00000ac8       $pdata$pre_c_init          0000000180026ac8     MSVCRT:crtdll.obj
 0004:00000ad4       $pdata$_CRT_INIT           0000000180026ad4     MSVCRT:crtdll.obj
 0004:00000ae0       $pdata$_DllMainCRTStartup  0000000180026ae0     MSVCRT:crtdll.obj
 0004:00000aec       $pdata$__DllMainCRTStartup 0000000180026aec     MSVCRT:crtdll.obj
 0004:00000af8       $pdata$_IsNonwritableInCurrentImage 0000000180026af8     MSVCRT:pesect.obj
 0004:00000b04       $pdata$__atonexitinit      0000000180026b04     MSVCRT:atonexit.obj
 0004:00000b10       $pdata$_onexit             0000000180026b10     MSVCRT:atonexit.obj
 0004:00000b1c       $pdata$atexit              0000000180026b1c     MSVCRT:atonexit.obj
 0004:00000b28       $pdata$__security_init_cookie 0000000180026b28     MSVCRT:gs_support.obj
 0004:00000b34       $pdata$DllMain             0000000180026b34     MSVCRT:dllmain.obj
 0004:00000b40       $pdata$_RTC_Initialize     0000000180026b40     MSVCRT:initsect.obj
 0004:00000b4c       $pdata$_RTC_Terminate      0000000180026b4c     MSVCRT:initsect.obj
 0004:00000b58       $pdata$__DllMainCRTStartup$filt$0 0000000180026b58     MSVCRT:crtdll.obj
 0004:00000b64       $pdata$__DllMainCRTStartup$fin$1 0000000180026b64     MSVCRT:crtdll.obj
 0004:00000b70       $pdata$_IsNonwritableInCurrentImage$filt$0 0000000180026b70     MSVCRT:pesect.obj
 0004:00000b7c       $pdata$_onexit$fin$0       0000000180026b7c     MSVCRT:atonexit.obj
